Component: ARM Compiler 5.06 update 6 (build 750) Tool: armlink [4d35ed]

==============================================================================

Section Cross References

    startup_stm32f446xx.o(STACK) refers (Special) to heapauxi.o(.text) for __use_two_region_memory
    startup_stm32f446xx.o(HEAP) refers (Special) to heapauxi.o(.text) for __use_two_region_memory
    startup_stm32f446xx.o(RESET) refers (Special) to heapauxi.o(.text) for __use_two_region_memory
    startup_stm32f446xx.o(RESET) refers to startup_stm32f446xx.o(STACK) for __initial_sp
    startup_stm32f446xx.o(RESET) refers to startup_stm32f446xx.o(.text) for Reset_Handler
    startup_stm32f446xx.o(RESET) refers to stm32f4xx_it.o(i.NMI_Handler) for NMI_Handler
    startup_stm32f446xx.o(RESET) refers to stm32f4xx_it.o(i.HardFault_Handler) for HardFault_Handler
    startup_stm32f446xx.o(RESET) refers to stm32f4xx_it.o(i.MemManage_Handler) for MemManage_Handler
    startup_stm32f446xx.o(RESET) refers to stm32f4xx_it.o(i.BusFault_Handler) for BusFault_Handler
    startup_stm32f446xx.o(RESET) refers to stm32f4xx_it.o(i.UsageFault_Handler) for UsageFault_Handler
    startup_stm32f446xx.o(RESET) refers to port.o(.emb_text) for SVC_Handler
    startup_stm32f446xx.o(RESET) refers to stm32f4xx_it.o(i.DebugMon_Handler) for DebugMon_Handler
    startup_stm32f446xx.o(RESET) refers to stm32f4xx_it.o(i.SysTick_Handler) for SysTick_Handler
    startup_stm32f446xx.o(RESET) refers to stm32f4xx_it.o(i.EXTI2_IRQHandler) for EXTI2_IRQHandler
    startup_stm32f446xx.o(RESET) refers to stm32f4xx_it.o(i.EXTI3_IRQHandler) for EXTI3_IRQHandler
    startup_stm32f446xx.o(RESET) refers to stm32f4xx_it.o(i.DMA1_Stream0_IRQHandler) for DMA1_Stream0_IRQHandler
    startup_stm32f446xx.o(RESET) refers to stm32f4xx_it.o(i.DMA1_Stream1_IRQHandler) for DMA1_Stream1_IRQHandler
    startup_stm32f446xx.o(RESET) refers to stm32f4xx_it.o(i.DMA1_Stream3_IRQHandler) for DMA1_Stream3_IRQHandler
    startup_stm32f446xx.o(RESET) refers to stm32f4xx_it.o(i.DMA1_Stream4_IRQHandler) for DMA1_Stream4_IRQHandler
    startup_stm32f446xx.o(RESET) refers to stm32f4xx_it.o(i.CAN1_RX0_IRQHandler) for CAN1_RX0_IRQHandler
    startup_stm32f446xx.o(RESET) refers to stm32f4xx_it.o(i.USART3_IRQHandler) for USART3_IRQHandler
    startup_stm32f446xx.o(RESET) refers to stm32f4xx_it.o(i.DMA1_Stream7_IRQHandler) for DMA1_Stream7_IRQHandler
    startup_stm32f446xx.o(RESET) refers to stm32f4xx_it.o(i.UART5_IRQHandler) for UART5_IRQHandler
    startup_stm32f446xx.o(RESET) refers to stm32f4xx_it.o(i.CAN2_RX0_IRQHandler) for CAN2_RX0_IRQHandler
    startup_stm32f446xx.o(RESET) refers to stm32f4xx_it.o(i.CAN2_RX1_IRQHandler) for CAN2_RX1_IRQHandler
    startup_stm32f446xx.o(RESET) refers to stm32f4xx_it.o(i.OTG_FS_IRQHandler) for OTG_FS_IRQHandler
    startup_stm32f446xx.o(.text) refers (Special) to heapauxi.o(.text) for __use_two_region_memory
    startup_stm32f446xx.o(.text) refers to system_stm32f4xx.o(i.SystemInit) for SystemInit
    startup_stm32f446xx.o(.text) refers to __main.o(!!!main) for __main
    startup_stm32f446xx.o(.text) refers to startup_stm32f446xx.o(HEAP) for Heap_Mem
    startup_stm32f446xx.o(.text) refers to startup_stm32f446xx.o(STACK) for Stack_Mem
    can.o(i.HAL_CAN_MspDeInit) refers to stm32f4xx_hal_gpio.o(i.HAL_GPIO_DeInit) for HAL_GPIO_DeInit
    can.o(i.HAL_CAN_MspDeInit) refers to stm32f4xx_hal_cortex.o(i.HAL_NVIC_DisableIRQ) for HAL_NVIC_DisableIRQ
    can.o(i.HAL_CAN_MspDeInit) refers to can.o(.data) for .data
    can.o(i.HAL_CAN_MspInit) refers to rt_memclr_w.o(.text) for __aeabi_memclr4
    can.o(i.HAL_CAN_MspInit) refers to stm32f4xx_hal_gpio.o(i.HAL_GPIO_Init) for HAL_GPIO_Init
    can.o(i.HAL_CAN_MspInit) refers to stm32f4xx_hal_cortex.o(i.HAL_NVIC_SetPriority) for HAL_NVIC_SetPriority
    can.o(i.HAL_CAN_MspInit) refers to stm32f4xx_hal_cortex.o(i.HAL_NVIC_EnableIRQ) for HAL_NVIC_EnableIRQ
    can.o(i.HAL_CAN_MspInit) refers to can.o(.data) for .data
    can.o(i.MX_CAN1_Init) refers to stm32f4xx_hal_can.o(i.HAL_CAN_Init) for HAL_CAN_Init
    can.o(i.MX_CAN1_Init) refers to main.o(i.Error_Handler) for Error_Handler
    can.o(i.MX_CAN1_Init) refers to can.o(.bss) for .bss
    can.o(i.MX_CAN2_Init) refers to stm32f4xx_hal_can.o(i.HAL_CAN_Init) for HAL_CAN_Init
    can.o(i.MX_CAN2_Init) refers to main.o(i.Error_Handler) for Error_Handler
    can.o(i.MX_CAN2_Init) refers to can.o(.bss) for .bss
    dma.o(i.MX_DMA_Init) refers to stm32f4xx_hal_cortex.o(i.HAL_NVIC_SetPriority) for HAL_NVIC_SetPriority
    dma.o(i.MX_DMA_Init) refers to stm32f4xx_hal_cortex.o(i.HAL_NVIC_EnableIRQ) for HAL_NVIC_EnableIRQ
    freertos.o(i.MX_FREERTOS_Init) refers to rt_memcpy_w.o(.text) for __aeabi_memcpy4
    freertos.o(i.MX_FREERTOS_Init) refers to cmsis_os.o(i.osThreadCreate) for osThreadCreate
    freertos.o(i.MX_FREERTOS_Init) refers to freertos.o(.constdata) for .constdata
    freertos.o(i.MX_FREERTOS_Init) refers to freertos.o(.data) for .data
[...]
    USB_ActivateEndpoint                     0x080064ed   Thumb Code   122  stm32f4xx_ll_usb.o(i.USB_ActivateEndpoint)
    USB_ActivateSetup                        0x0800656d   Thumb Code    28  stm32f4xx_ll_usb.o(i.USB_ActivateSetup)
    USB_EP0StartXfer                         0x08006589   Thumb Code   280  stm32f4xx_ll_usb.o(i.USB_EP0StartXfer)
    USB_EP0_OutStart                         0x080066a5   Thumb Code    84  stm32f4xx_ll_usb.o(i.USB_EP0_OutStart)
    USB_EPClearStall                         0x080066fd   Thumb Code    88  stm32f4xx_ll_usb.o(i.USB_EPClearStall)
    USB_EPSetStall                           0x08006755   Thumb Code    88  stm32f4xx_ll_usb.o(i.USB_EPSetStall)
    USB_EPStartXfer                          0x080067ad   Thumb Code   480  stm32f4xx_ll_usb.o(i.USB_EPStartXfer)
    USB_EPStopXfer                           0x08006991   Thumb Code   158  stm32f4xx_ll_usb.o(i.USB_EPStopXfer)
    USB_FlushTxFifo                          0x08006a31   Thumb Code    58  stm32f4xx_ll_usb.o(i.USB_FlushTxFifo)
    USB_GetDevSpeed                          0x08006a71   Thumb Code    26  stm32f4xx_ll_usb.o(i.USB_GetDevSpeed)
    USB_GetMode                              0x08006a8b   Thumb Code     8  stm32f4xx_ll_usb.o(i.USB_GetMode)
    USB_ReadDevAllInEpInterrupt              0x08006a93   Thumb Code    14  stm32f4xx_ll_usb.o(i.USB_ReadDevAllInEpInterrupt)
    USB_ReadDevAllOutEpInterrupt             0x08006aa1   Thumb Code    14  stm32f4xx_ll_usb.o(i.USB_ReadDevAllOutEpInterrupt)
    USB_ReadDevInEPInterrupt                 0x08006aaf   Thumb Code    36  stm32f4xx_ll_usb.o(i.USB_ReadDevInEPInterrupt)
    USB_ReadDevOutEPInterrupt                0x08006ad3   Thumb Code    16  stm32f4xx_ll_usb.o(i.USB_ReadDevOutEPInterrupt)
    USB_ReadInterrupts                       0x08006ae3   Thumb Code     8  stm32f4xx_ll_usb.o(i.USB_ReadInterrupts)
    USB_ReadPacket                           0x08006aeb   Thumb Code    62  stm32f4xx_ll_usb.o(i.USB_ReadPacket)
    USB_SetDevAddress                        0x08006b29   Thumb Code    34  stm32f4xx_ll_usb.o(i.USB_SetDevAddress)
    USB_SetTurnaroundTime                    0x08006b4d   Thumb Code   158  stm32f4xx_ll_usb.o(i.USB_SetTurnaroundTime)
    USB_WritePacket                          0x08006c35   Thumb Code    40  stm32f4xx_ll_usb.o(i.USB_WritePacket)
    Update_data                              0x08006c5d   Thumb Code   132  judge.o(i.Update_data)
    UsageFault_Handler                       0x08006ce9   Thumb Code     2  stm32f4xx_it.o(i.UsageFault_Handler)
    Verify_CRC16_Check_Sum                   0x08006ced   Thumb Code    54  crc_ref.o(i.Verify_CRC16_Check_Sum)
    Verify_CRC8_Check_Sum                    0x08006d29   Thumb Code    42  crc_ref.o(i.Verify_CRC8_Check_Sum)
    __ARM_fpclassify                         0x08006d53   Thumb Code    48  fpclassify.o(i.__ARM_fpclassify)
    __ARM_fpclassifyf                        0x08006d83   Thumb Code    38  fpclassifyf.o(i.__ARM_fpclassifyf)
    __hardfp_asinf                           0x08006dc9   Thumb Code   258  asinf.o(i.__hardfp_asinf)
    __hardfp_atan2f                          0x08006ef5   Thumb Code   502  atan2f.o(i.__hardfp_atan2f)
    __hardfp_cos                             0x08007149   Thumb Code   180  cos.o(i.__hardfp_cos)
    __hardfp_cosf                            0x08007211   Thumb Code   280  cosf.o(i.__hardfp_cosf)
    __hardfp_fabs                            0x08007361   Thumb Code    20  fabs.o(i.__hardfp_fabs)
    __hardfp_sin                             0x08007379   Thumb Code   180  sin.o(i.__hardfp_sin)
    __hardfp_sinf                            0x08007441   Thumb Code   344  sinf.o(i.__hardfp_sinf)
    __ieee754_rem_pio2                       0x080075d1   Thumb Code   938  rred.o(i.__ieee754_rem_pio2)
    __kernel_cos                             0x08007a09   Thumb Code   322  cos_i.o(i.__kernel_cos)
    __kernel_poly                            0x08007b79   Thumb Code   248  poly.o(i.__kernel_poly)
    __kernel_sin                             0x08007c71   Thumb Code   280  sin_i.o(i.__kernel_sin)
    __mathlib_dbl_infnan                     0x08007da1   Thumb Code    20  dunder.o(i.__mathlib_dbl_infnan)
    __mathlib_dbl_invalid                    0x08007db9   Thumb Code    24  dunder.o(i.__mathlib_dbl_invalid)
    __mathlib_dbl_underflow                  0x08007dd9   Thumb Code    24  dunder.o(i.__mathlib_dbl_underflow)
    __mathlib_flt_infnan                     0x08007df9   Thumb Code     6  funder.o(i.__mathlib_flt_infnan)
    __mathlib_flt_infnan2                    0x08007dff   Thumb Code     6  funder.o(i.__mathlib_flt_infnan2)
    __mathlib_flt_invalid                    0x08007e05   Thumb Code    10  funder.o(i.__mathlib_flt_invalid)
    __mathlib_flt_underflow                  0x08007e15   Thumb Code    10  funder.o(i.__mathlib_flt_underflow)
    __mathlib_rredf2                         0x08007e25   Thumb Code   316  rredf.o(i.__mathlib_rredf2)
    bmi088_accel_init                        0x08007f79   Thumb Code   266  bmi088driver.o(i.bmi088_accel_init)
    bmi088_gyro_init                         0x08008089   Thumb Code   214  bmi088driver.o(i.bmi088_gyro_init)
    can_remote                               0x08008165   Thumb Code    32  drv_can.o(i.can_remote)
    fabs                                     0x080085c5   Thumb Code    24  fabs.o(i.fabs)
    get_client_id                            0x080085dd   Thumb Code    12  ui_task.o(i.get_client_id)
    imu_pwm_set                              0x080085ed   Thumb Code     6  bsp_imu_pwm.o(i.imu_pwm_set)
    imu_temp_control_task                    0x080085f9   Thumb Code   614  imu_temp_control_task.o(i.imu_temp_control_task)
    imuekf                                   0x08008889   Thumb Code  5190  imuekf.o(i.imuekf)
    led_task                                 0x08009e39   Thumb Code    26  led_task.o(i.led_task)
    main                                     0x08009e59   Thumb Code   154  main.o(i.main)
    osDelay                                  0x08009fed   Thumb Code    14  cmsis_os.o(i.osDelay)
    osKernelStart                            0x08009ffb   Thumb Code    10  cmsis_os.o(i.osKernelStart)
    osThreadCreate                           0x0800a005   Thumb Code    84  cmsis_os.o(i.osThreadCreate)
    pcTaskGetName                            0x0800a059   Thumb Code    28  tasks.o(i.pcTaskGetName)
    pid_calc                                 0x0800a079   Thumb Code   168  pid.o(i.pid_calc)
    pid_init                                 0x0800a121   Thumb Code    86  pid.o(i.pid_init)
    pvPortMalloc                             0x0800a521   Thumb Code   216  heap_4.o(i.pvPortMalloc)
    pxPortInitialiseStack                    0x0800a5fd   Thumb Code    40  port.o(i.pxPortInitialiseStack)
    set_motor_current_chassis                0x0800a68d   Thumb Code    86  drv_can.o(i.set_motor_current_chassis)
    sqrtf                                    0x0800a6e9   Thumb Code    62  sqrtf.o(i.sqrtf)
    string_Draw                              0x0800a729   Thumb Code   174  ui_task.o(i.string_Draw)
    ui_display_1_graph                       0x0800a875   Thumb Code   210  ui_task.o(i.ui_display_1_graph)
    ui_display_7_graph                       0x0800a955   Thumb Code   370  ui_task.o(i.ui_display_7_graph)
    ui_display_string                        0x0800aad5   Thumb Code   210  ui_task.o(i.ui_display_string)
    ulTaskNotifyTake                         0x0800abb5   Thumb Code    96  tasks.o(i.ulTaskNotifyTake)
    usart6_tx_dma_enable                     0x0800ac1d   Thumb Code    16  ui_task.o(i.usart6_tx_dma_enable)
    userUI_draw_background                   0x0800ac35   Thumb Code   414  ui_task.o(i.userUI_draw_background)
    userUI_draw_constant_power_allowance     0x0800ae1d   Thumb Code   254  ui_task.o(i.userUI_draw_constant_power_allowance)
    userUI_draw_foresight_1                  0x0800af35   Thumb Code   302  ui_task.o(i.userUI_draw_foresight_1)
    userUI_draw_foresight_4                  0x0800b085   Thumb Code   286  ui_task.o(i.userUI_draw_foresight_4)
    userUI_draw_foresight_5                  0x0800b1c5   Thumb Code   292  ui_task.o(i.userUI_draw_foresight_5)
    userUI_draw_foresight_6                  0x0800b309   Thumb Code   280  ui_task.o(i.userUI_draw_foresight_6)
    userUI_draw_robot_xtl_mode               0x0800b441   Thumb Code   116  ui_task.o(i.userUI_draw_robot_xtl_mode)
    userUI_init                              0x0800b4d9   Thumb Code    96  ui_task.o(i.userUI_init)
    uxListRemove                             0x0800b545   Thumb Code    38  list.o(i.uxListRemove)
    vApplicationGetIdleTaskMemory            0x0800b56d   Thumb Code    16  freertos.o(i.vApplicationGetIdleTaskMemory)
    vListInitialise                          0x0800b581   Thumb Code    22  list.o(i.vListInitialise)
    vListInitialiseItem                      0x0800b597   Thumb Code     6  list.o(i.vListInitialiseItem)
    vListInsert                              0x0800b59d   Thumb Code    48  list.o(i.vListInsert)
    vListInsertEnd                           0x0800b5cd   Thumb Code    24  list.o(i.vListInsertEnd)
    vPortEnterCritical                       0x0800b5e5   Thumb Code    54  port.o(i.vPortEnterCritical)
    vPortExitCritical                        0x0800b625   Thumb Code    34  port.o(i.vPortExitCritical)
    vPortFree                                0x0800b64d   Thumb Code    94  heap_4.o(i.vPortFree)
    vPortSetupTimerInterrupt                 0x0800b6b1   Thumb Code    32  port.o(i.vPortSetupTimerInterrupt)
    vPortValidateInterruptPriority           0x0800b6d5   Thumb Code    74  port.o(i.vPortValidateInterruptPriority)
    vTaskDelay                               0x0800b729   Thumb Code    66  tasks.o(i.vTaskDelay)
    vTaskNotifyGiveFromISR                   0x0800b775   Thumb Code   172  tasks.o(i.vTaskNotifyGiveFromISR)
    vTaskStartScheduler                      0x0800b829   Thumb Code    90  tasks.o(i.vTaskStartScheduler)
    vTaskSuspendAll                          0x0800b895   Thumb Code    10  tasks.o(i.vTaskSuspendAll)
    vTaskSwitchContext                       0x0800b8a5   Thumb Code    82  tasks.o(i.vTaskSwitchContext)
    xPortStartScheduler                      0x0800b901   Thumb Code   222  port.o(i.xPortStartScheduler)
    xPortSysTickHandler                      0x0800b9f5   Thumb Code    38  port.o(i.xPortSysTickHandler)
    xTaskCreate                              0x0800ba21   Thumb Code    90  tasks.o(i.xTaskCreate)
    xTaskCreateStatic                        0x0800ba7b   Thumb Code    86  tasks.o(i.xTaskCreateStatic)
    xTaskGetHandle                           0x0800bad1   Thumb Code   124  tasks.o(i.xTaskGetHandle)
    xTaskGetSchedulerState                   0x0800bb55   Thumb Code    22  tasks.o(i.xTaskGetSchedulerState)
    xTaskIncrementTick                       0x0800bb71   Thumb Code   194  tasks.o(i.xTaskIncrementTick)
    xTaskResumeAll                           0x0800bc3d   Thumb Code   182  tasks.o(i.xTaskResumeAll)
    __aeabi_dneg                             0x0800bd89   Thumb Code     0  basic.o(x$fpl$basic)
    _dneg                                    0x0800bd89   Thumb Code     6  basic.o(x$fpl$basic)
    __aeabi_fneg                             0x0800bd8f   Thumb Code     0  basic.o(x$fpl$basic)
    _fneg                                    0x0800bd8f   Thumb Code     6  basic.o(x$fpl$basic)
    _dabs                                    0x0800bd95   Thumb Code     6  basic.o(x$fpl$basic)
    _fabs                                    0x0800bd9b   Thumb Code     6  basic.o(x$fpl$basic)
    __aeabi_d2f                              0x0800bda1   Thumb Code     0  d2f.o(x$fpl$d2f)
    _d2f                                     0x0800bda1   Thumb Code    98  d2f.o(x$fpl$d2f)
    __aeabi_dadd                             0x0800be05   Thumb Code     0  daddsub_clz.o(x$fpl$dadd)
    _dadd                                    0x0800be05   Thumb Code   332  daddsub_clz.o(x$fpl$dadd)
    __fpl_dcmp_Inf                           0x0800bf55   Thumb Code    24  dcmpi.o(x$fpl$dcmpinf)
    __aeabi_ddiv                             0x0800bf6d   Thumb Code     0  ddiv.o(x$fpl$ddiv)
    _ddiv                                    0x0800bf6d   Thumb Code   552  ddiv.o(x$fpl$ddiv)
    __aeabi_cdcmpeq                          0x0800c21d   Thumb Code     0  deqf.o(x$fpl$deqf)
    _dcmpeq                                  0x0800c21d   Thumb Code   120  deqf.o(x$fpl$deqf)
    __aeabi_d2iz                             0x0800c295   Thumb Code     0  dfix.o(x$fpl$dfix)
    _dfix                                    0x0800c295   Thumb Code    94  dfix.o(x$fpl$dfix)
    __aeabi_i2d                              0x0800c2f3   Thumb Code     0  dflt_clz.o(x$fpl$dflt)
    _dflt                                    0x0800c2f3   Thumb Code    46  dflt_clz.o(x$fpl$dflt)
    __aeabi_l2d                              0x0800c321   Thumb Code     0  dfltll_clz.o(x$fpl$dfltll)
    _ll_sto_d                                0x0800c321   Thumb Code   162  dfltll_clz.o(x$fpl$dfltll)
    __aeabi_ui2d                             0x0800c3c3   Thumb Code     0  dflt_clz.o(x$fpl$dfltu)
    _dfltu                                   0x0800c3c3   Thumb Code    38  dflt_clz.o(x$fpl$dfltu)
    __aeabi_cdcmple                          0x0800c3e9   Thumb Code     0  dleqf.o(x$fpl$dleqf)
    _dcmple                                  0x0800c3e9   Thumb Code   120  dleqf.o(x$fpl$dleqf)
    __fpl_dcmple_InfNaN                      0x0800c44b   Thumb Code     0  dleqf.o(x$fpl$dleqf)
    __aeabi_dmul                             0x0800c461   Thumb Code     0  dmul.o(x$fpl$dmul)
    _dmul                                    0x0800c461   Thumb Code   332  dmul.o(x$fpl$dmul)
    __fpl_dnaninf                            0x0800c5b5   Thumb Code   156  dnaninf.o(x$fpl$dnaninf)
    __fpl_dretinf                            0x0800c651   Thumb Code    12  dretinf.o(x$fpl$dretinf)
    __aeabi_cdrcmple                         0x0800c65d   Thumb Code     0  drleqf.o(x$fpl$drleqf)
    _drcmple                                 0x0800c65d   Thumb Code   108  drleqf.o(x$fpl$drleqf)
    __aeabi_drsub                            0x0800c6c9   Thumb Code     0  daddsub_clz.o(x$fpl$drsb)
    _drsb                                    0x0800c6c9   Thumb Code    22  daddsub_clz.o(x$fpl$drsb)
    __aeabi_dsub                             0x0800c6e1   Thumb Code     0  daddsub_clz.o(x$fpl$dsub)
    _dsub                                    0x0800c6e1   Thumb Code   464  daddsub_clz.o(x$fpl$dsub)
    __aeabi_f2d                              0x0800c8b5   Thumb Code     0  f2d.o(x$fpl$f2d)
    _f2d                                     0x0800c8b5   Thumb Code    86  f2d.o(x$fpl$f2d)
    __fpl_fnaninf                            0x0800c90b   Thumb Code   140  fnaninf.o(x$fpl$fnaninf)
    _fp_init                                 0x0800c997   Thumb Code    10  fpinit.o(x$fpl$fpinit)
    __fplib_config_fpu_vfp                   0x0800c99f   Thumb Code     0  fpinit.o(x$fpl$fpinit)
    __fplib_config_pureend_doubles           0x0800c99f   Thumb Code     0  fpinit.o(x$fpl$fpinit)
    __fpl_fretinf                            0x0800c9a1   Thumb Code    10  fretinf.o(x$fpl$fretinf)
    __I$use$fp                               0x0800c9aa   Number         0  usenofp.o(x$fpl$usenofp)
    AHBPrescTable                            0x0800ca1c   Data          16  system_stm32f4xx.o(.constdata)
    APBPrescTable                            0x0800ca2c   Data           8  system_stm32f4xx.o(.constdata)
    imu_temp_PID                             0x0800cbdc   Data          12  imu_temp_control_task.o(.constdata)
    CRC8_TAB                                 0x0800cbf4   Data         256  crc_ref.o(.constdata)
    wCRC_Table                               0x0800ccf4   Data         512  crc_ref.o(.constdata)
    Region$$Table$$Base                      0x0800d05c   Number         0  anon$$obj.o(Region$$Table)
    Region$$Table$$Limit                     0x0800d07c   Number         0  anon$$obj.o(Region$$Table)
    Chassis_taskHandle                       0x20000004   Data           4  freertos.o(.data)
    UI_taskHandle                            0x20000008   Data           4  freertos.o(.data)
    TEMP_IMUHandle                           0x2000000c   Data           4  freertos.o(.data)
    LEDHandle                                0x20000010   Data           4  freertos.o(.data)
    SystemCoreClock                          0x20000014   Data           4  system_stm32f4xx.o(.data)
    uwTickFreq                               0x20000018   Data           1  stm32f4xx_hal.o(.data)
    uwTickPrio                               0x2000001c   Data           4  stm32f4xx_hal.o(.data)
    uwTick                                   0x20000020   Data           4  stm32f4xx_hal.o(.data)
    pxCurrentTCB                             0x20000024   Data           4  tasks.o(.data)
    SysTime                                  0x200000c0   Data           8  bsp_dwt.o(.data)
    CYCCNT64                                 0x200000c8   Data           8  bsp_dwt.o(.data)
    can_cnt_1                                0x200000d4   Data           2  drv_can.o(.data)
    yy                                       0x200000d6   Data           2  drv_can.o(.data)
    Roll0                                    0x200000d8   Data           2  drv_can.o(.data)
    Pitch0                                   0x200000da   Data           2  drv_can.o(.data)
    Yaw0                                     0x200000dc   Data           2  drv_can.o(.data)
    Yaw1                                     0x200000e0   Data           4  drv_can.o(.data)
    Yaw_top                                  0x200000e4   Data           4  drv_can.o(.data)
    judge_receive_length                     0x200000e8   Data           1  drv_usart.o(.data)
    BMI088_ACCEL_SEN                         0x200000ec   Data           4  bmi088driver.o(.data)
    BMI088_GYRO_SEN                          0x200000f0   Data           4  bmi088driver.o(.data)
    imu_start_flag                           0x20000118   Data           1  imu_temp_control_task.o(.data)
    INS_DWT_Count                            0x2000011c   Data           4  imu_temp_control_task.o(.data)
    apple                                    0x20000120   Data           4  imu_temp_control_task.o(.data)
    INS_task_local_handler                   0x20000128   Data           4  imu_temp_control_task.o(.data)
    temp                                     0x2000012c   Data           4  imu_temp_control_task.o(.data)
    a                                        0x20000130   Data           8  imu_temp_control_task.o(.data)
    b                                        0x20000138   Data           8  imu_temp_control_task.o(.data)
    dt1                                      0x20000140   Data           8  imu_temp_control_task.o(.data)
    yaw12                                    0x20000148   Data           8  imu_temp_control_task.o(.data)
    pitch12                                  0x20000150   Data           8  imu_temp_control_task.o(.data)
    roll12                                   0x20000158   Data           8  imu_temp_control_task.o(.data)
    INSAccelLPF                              0x20000160   Data           8  imu_temp_control_task.o(.data)
    c                                        0x20000168   Data           8  imu_temp_control_task.o(.data)
    p                                        0x20000170   Data         288  imu_temp_control_task.o(.data)
    qt                                       0x20000290   Data          48  imu_temp_control_task.o(.data)
    CRC_INIT                                 0x200002c0   Data           2  crc_ref.o(.data)
    Flag_judge                               0x200002c4   Data           1  judge.o(.data)
    Flag_first                               0x200002c5   Data           1  judge.o(.data)
    Hero_level                               0x200002c6   Data           1  judge.o(.data)
    Hero_id                                  0x200002c7   Data           1  judge.o(.data)
    Flag_progress                            0x200002c8   Data           1  judge.o(.data)
    Hero_42mm_speed_limit                    0x200002ca   Data           2  judge.o(.data)
    Hero_chassis_power_limit                 0x200002cc   Data           2  judge.o(.data)
    Hero_chassis_power_buffer                0x200002ce   Data           2  judge.o(.data)
    Hero_chassis_power                       0x200002d0   Data           4  judge.o(.data)
    Hero_42mm_speed                          0x200002d4   Data           4  judge.o(.data)
    press_left                               0x200002d8   Data           1  rc_potocal.o(.data)
    press_right                              0x200002d9   Data           1  rc_potocal.o(.data)
    w_flag                                   0x200002da   Data           2  rc_potocal.o(.data)
    s_flag                                   0x200002dc   Data           2  rc_potocal.o(.data)
    a_flag                                   0x200002de   Data           2  rc_potocal.o(.data)
    d_flag                                   0x200002e0   Data           2  rc_potocal.o(.data)
    q_flag                                   0x200002e2   Data           2  rc_potocal.o(.data)
    e_flag                                   0x200002e4   Data           2  rc_potocal.o(.data)
    shift_flag                               0x200002e6   Data           2  rc_potocal.o(.data)
    ctrl_flag                                0x200002e8   Data           2  rc_potocal.o(.data)
    r_flag                                   0x200002ea   Data           2  rc_potocal.o(.data)
    f_flag                                   0x200002ec   Data           2  rc_potocal.o(.data)
    g_flag                                   0x200002ee   Data           2  rc_potocal.o(.data)
    z_flag                                   0x200002f0   Data           2  rc_potocal.o(.data)
    x_flag                                   0x200002f2   Data           2  rc_potocal.o(.data)
    c_flag                                   0x200002f4   Data           2  rc_potocal.o(.data)
    v_flag                                   0x200002f6   Data           2  rc_potocal.o(.data)
    b_flag                                   0x200002f8   Data           2  rc_potocal.o(.data)
    yaw                                      0x200002fc   Data           4  rc_potocal.o(.data)
    temp_remote                              0x20000300   Data           8  rc_potocal.o(.data)
    supercap_flag                            0x20000309   Data           1  chassis_task.o(.data)
    chassis_mode                             0x2000030a   Data           1  chassis_task.o(.data)
    chassis_speed_max                        0x2000030c   Data           2  chassis_task.o(.data)
    chassis_wz_max                           0x2000030e   Data           2  chassis_task.o(.data)
    Watch_Buffer                             0x2000031c   Data           2  chassis_task.o(.data)
    yaw_correction_flag                      0x20000320   Data           4  chassis_task.o(.data)
    relative_yaw                             0x20000324   Data           4  chassis_task.o(.data)
    imu_err_yaw                              0x20000328   Data           4  chassis_task.o(.data)
    Klimit                                   0x2000032c   Data           4  chassis_task.o(.data)
    Plimit                                   0x20000330   Data           4  chassis_task.o(.data)
    Yaw_update                               0x20000334   Data           4  chassis_task.o(.data)
    Yaw_init                                 0x20000338   Data           4  chassis_task.o(.data)
    Watch_Power_Max                          0x2000033c   Data           4  chassis_task.o(.data)
    Watch_Power                              0x20000340   Data           4  chassis_task.o(.data)
    Chassis_pidout_max                       0x20000344   Data           4  chassis_task.o(.data)
    Chassis_pidout                           0x20000368   Data           8  chassis_task.o(.data)
    Yaw                                      0x20000370   Data           4  chassis_task.o(.data)
    referee_tx_fifo                          0x20000374   Data           1  ui_task.o(.data)
    UI_Seq                                   0x20000376   Data           1  ui_task.o(.data)
    hcan1                                    0x20000378   Data          40  can.o(.bss)
    hcan2                                    0x200003a0   Data          40  can.o(.bss)
    hspi2                                    0x2000061c   Data          88  spi.o(.bss)
    hdma_spi2_rx                             0x20000674   Data          96  spi.o(.bss)
    hdma_spi2_tx                             0x200006d4   Data          96  spi.o(.bss)
    htim3                                    0x20000734   Data          72  tim.o(.bss)
    huart5                                   0x2000077c   Data          68  usart.o(.bss)
    huart3                                   0x200007c0   Data          68  usart.o(.bss)
    hdma_uart5_rx                            0x20000804   Data          96  usart.o(.bss)
    hdma_uart5_tx                            0x20000864   Data          96  usart.o(.bss)
    hdma_usart3_rx                           0x200008c4   Data          96  usart.o(.bss)
    hpcd_USB_OTG_FS                          0x20000b44   Data        1292  usbd_conf.o(.bss)
    powerdata                                0x20004d4c   Data          16  drv_can.o(.bss)
    judge_dma_buffer                         0x20004d5c   Data         400  drv_usart.o(.bss)
    usart3_dma_rxbuf                         0x20004eec   Data          48  drv_usart.o(.bss)
    insb                                     0x20004f20   Data          24  imu_temp_control_task.o(.bss)
    gyro                                     0x20004f38   Data          12  imu_temp_control_task.o(.bss)
    accel                                    0x20004f44   Data          12  imu_temp_control_task.o(.bss)
    imu_temp_pid                             0x20004f50   Data          72  imu_temp_control_task.o(.bss)
    INSMotionAccel_b                         0x20004f98   Data          12  imu_temp_control_task.o(.bss)
    INSMotionAccel_n                         0x20004fa4   Data          12  imu_temp_control_task.o(.bss)
    Judge_Hero                               0x20004fb0   Data         186  judge.o(.bss)
    rc_ctrl                                  0x2000506a   Data          22  rc_potocal.o(.bss)
    chassis                                  0x20005080   Data         348  chassis_task.o(.bss)
    referee_uart_tx_buf                      0x200051dc   Data         300  ui_task.o(.bss)
    graph1                                   0x20005308   Data          15  ui_task.o(.bss)
    graph2                                   0x20005317   Data          15  ui_task.o(.bss)
    graph3                                   0x20005326   Data          15  ui_task.o(.bss)
    graph4                                   0x20005335   Data          15  ui_task.o(.bss)
    graph5                                   0x20005344   Data          15  ui_task.o(.bss)
    graph6                                   0x20005353   Data          15  ui_task.o(.bss)
    graph7                                   0x20005362   Data          15  ui_task.o(.bss)
    graph8                                   0x20005371   Data          15  ui_task.o(.bss)
    ui_str                                   0x20005380   Data          45  ui_task.o(.bss)
    ui_str1                                  0x200053ad   Data          45  ui_task.o(.bss)
    userUI_control                           0x200053da   Data          10  ui_task.o(.bss)
    __libspace_start                         0x200053e4   Data          96  libspace.o(.bss)
    __temporary_stack_top$libspace           0x20005444   Data           0  libspace.o(.bss)



==============================================================================

Memory Map of the image

  Image Entry point : 0x080001c5

  Load Region LR_IROM1 (Base: 0x08000000, Size: 0x0000d3f4, Max: 0x00040000, ABSOLUTE, COMPRESSED[0x0000d100])

    Execution Region ER_IROM1 (Exec base: 0x08000000, Load base: 0x08000000, Size: 0x0000d07c, Max: 0x00040000, ABSOLUTE)

    Exec Addr    Load Addr    Size         Type   Attr      Idx    E Section Name        Object

    0x08000000   0x08000000   0x000001c4   Data   RO            3    RESET               startup_stm32f446xx.o
    0x080001c4   0x080001c4   0x00000008   Code   RO         8232  * !!!main             c_w.l(__main.o)
    0x080001cc   0x080001cc   0x00000034   Code   RO         8811    !!!scatter          c_w.l(__scatter.o)
    0x08000200   0x08000200   0x0000005a   Code   RO         8809    !!dczerorl2         c_w.l(__dczerorl2.o)
    0x0800025a   0x0800025a   0x00000002   PAD
    0x0800025c   0x0800025c   0x0000001c   Code   RO         8813    !!handler_zi        c_w.l(__scatter_zi.o)
    0x08000278   0x08000278   0x00000002   Code   RO         8741    .ARM.Collect$$libinit$$00000000  c_w.l(libinit.o)
    0x0800027a   0x0800027a   0x00000004   Code   RO         8483    .ARM.Collect$$libinit$$00000001  c_w.l(libinit2.o)
    0x0800027e   0x0800027e   0x00000000   Code   RO         8486    .ARM.Collect$$libinit$$00000004  c_w.l(libinit2.o)
    0x0800027e   0x0800027e   0x00000000   Code   RO         8489    .ARM.Collect$$libinit$$0000000A  c_w.l(libinit2.o)
    0x0800027e   0x0800027e   0x00000000   Code   RO         8491    .ARM.Collect$$libinit$$0000000C  c_w.l(libinit2.o)
    0x0800027e   0x0800027e   0x00000000   Code   RO         8493    .ARM.Collect$$libinit$$0000000E  c_w.l(libinit2.o)
    0x0800027e   0x0800027e   0x00000000   Code   RO         8496    .ARM.Collect$$libinit$$00000011  c_w.l(libinit2.o)
    0x0800027e   0x0800027e   0x00000000   Code   RO         8498    .ARM.Collect$$libinit$$00000013  c_w.l(libinit2.o)
    0x0800027e   0x0800027e   0x00000000   Code   RO         8500    .ARM.Collect$$libinit$$00000015  c_w.l(libinit2.o)
    0x0800027e   0x0800027e   0x00000000   Code   RO         8502    .ARM.Collect$$libinit$$00000017  c_w.l(libinit2.o)
    0x0800027e   0x0800027e   0x00000000   Code   RO         8504    .ARM.Collect$$libinit$$00000019  c_w.l(libinit2.o)
    0x0800027e   0x0800027e   0x00000000   Code   RO         8506    .ARM.Collect$$libinit$$0000001B  c_w.l(libinit2.o)
    0x0800027e   0x0800027e   0x00000000   Code   RO         8508    .ARM.Collect$$libinit$$0000001D  c_w.l(libinit2.o)
    0x0800027e   0x0800027e   0x00000000   Code   RO         8510    .ARM.Collect$$libinit$$0000001F  c_w.l(libinit2.o)
    0x0800027e   0x0800027e   0x00000000   Code   RO         8512    .ARM.Collect$$libinit$$00000021  c_w.l(libinit2.o)
    0x0800027e   0x0800027e   0x00000000   Code   RO         8514    .ARM.Collect$$libinit$$00000023  c_w.l(libinit2.o)
    0x0800027e   0x0800027e   0x00000000   Code   RO         8516    .ARM.Collect$$libinit$$00000025  c_w.l(libinit2.o)
    0x0800027e   0x0800027e   0x00000000   Code   RO         8520    .ARM.Collect$$libinit$$0000002C  c_w.l(libinit2.o)
    0x0800027e   0x0800027e   0x00000000   Code   RO         8522    .ARM.Collect$$libinit$$0000002E  c_w.l(libinit2.o)
    0x0800027e   0x0800027e   0x00000000   Code   RO         8524    .ARM.Collect$$libinit$$00000030  c_w.l(libinit2.o)
    0x0800027e   0x0800027e   0x00000000   Code   RO         8526    .ARM.Collect$$libinit$$00000032  c_w.l(libinit2.o)
    0x0800027e   0x0800027e   0x00000002   Code   RO         8527    .ARM.Collect$$libinit$$00000033  c_w.l(libinit2.o)
    0x08000280   0x08000280   0x00000002   Code   RO         8806    .ARM.Collect$$libshutdown$$00000000  c_w.l(libshutdown.o)
    0x08000282   0x08000282   0x00000000   Code   RO         8764    .ARM.Collect$$libshutdown$$00000002  c_w.l(libshutdown2.o)
    0x08000282   0x08000282   0x00000000   Code   RO         8766    .ARM.Collect$$libshutdown$$00000004  c_w.l(libshutdown2.o)
    0x08000282   0x08000282   0x00000000   Code   RO         8769    .ARM.Collect$$libshutdown$$00000007  c_w.l(libshutdown2.o)
    0x08000282   0x08000282   0x00000000   Code   RO         8772    .ARM.Collect$$libshutdown$$0000000A  c_w.l(libshutdown2.o)
    0x08000282   0x08000282   0x00000000   Code   RO         8774    .ARM.Collect$$libshutdown$$0000000C  c_w.l(libshutdown2.o)
    0x08000282   0x08000282   0x00000000   Code   RO         8777    .ARM.Collect$$libshutdown$$0000000F  c_w.l(libshutdown2.o)
    0x08000282   0x08000282   0x00000002   Code   RO         8778    .ARM.Collect$$libshutdown$$00000010  c_w.l(libshutdown2.o)
    0x08000284   0x08000284   0x00000000   Code   RO         8350    .ARM.Collect$$rtentry$$00000000  c_w.l(__rtentry.o)
    0x08000284   0x08000284   0x00000000   Code   RO         8614    .ARM.Collect$$rtentry$$00000002  c_w.l(__rtentry2.o)
    0x08000284   0x08000284   0x00000006   Code   RO         8626    .ARM.Collect$$rtentry$$00000004  c_w.l(__rtentry4.o)
    0x0800028a   0x0800028a   0x00000000   Code   RO         8616    .ARM.Collect$$rtentry$$00000009  c_w.l(__rtentry2.o)
    0x0800028a   0x0800028a   0x00000004   Code   RO         8617    .ARM.Collect$$rtentry$$0000000A  c_w.l(__rtentry2.o)
    0x0800028e   0x0800028e   0x00000000   Code   RO         8619    .ARM.Collect$$rtentry$$0000000C  c_w.l(__rtentry2.o)
    0x0800028e   0x0800028e   0x00000008   Code   RO         8620    .ARM.Collect$$rtentry$$0000000D  c_w.l(__rtentry2.o)
    0x08000296   0x08000296   0x00000002   Code   RO         8746    .ARM.Collect$$rtexit$$00000000  c_w.l(rtexit.o)
    0x08000298   0x08000298   0x00000000   Code   RO         8782    .ARM.Collect$$rtexit$$00000002  c_w.l(rtexit2.o)
    0x08000298   0x08000298   0x00000004   Code   RO         8783    .ARM.Collect$$rtexit$$00000003  c_w.l(rtexit2.o)
    0x0800029c   0x0800029c   0x00000006   Code   RO         8784    .ARM.Collect$$rtexit$$00000004  c_w.l(rtexit2.o)
    0x080002a2   0x080002a2   0x00000002   PAD
    0x080002a4   0x080002a4   0x000000be   Code   RO         6122    .emb_text           port.o
    0x08000362   0x08000362   0x00000002   PAD
    0x08000364   0x08000364   0x00000040   Code   RO            4    .text               startup_stm32f446xx.o
    0x080003a4   0x080003a4   0x000000ee   Code   RO         8216    .text               c_w.l(lludivv7m.o)
    0x08000492   0x08000492   0x0000003e   Code   RO         8220    .text               c_w.l(strlen.o)
    0x080004d0   0x080004d0   0x0000008a   Code   RO         8222    .text               c_w.l(rt_memcpy_v6.o)
    0x0800055a   0x0800055a   0x00000064   Code   RO         8224    .text               c_w.l(rt_memcpy_w.o)
    0x080005be   0x080005be   0x0000004e   Code   RO         8228    .text               c_w.l(rt_memclr_w.o)
    0x0800060c   0x0800060c   0x00000006   Code   RO         8230    .text               c_w.l(heapauxi.o)
    0x08000612   0x08000612   0x00000016   Code   RO         8386    .text               c_w.l(_rserrno.o)
    0x08000628   0x08000628   0x00000008   Code   RO         8610    .text               c_w.l(libspace.o)
    0x08000630   0x08000630   0x00000008   Code   RO         8633    .text               c_w.l(rt_errno_addr_intlibspace.o)
    0x08000638   0x08000638   0x00000002   Code   RO         8676    .text               c_w.l(use_no_semi.o)
    0x0800063a   0x0800063a   0x00000000   Code   RO         8678    .text               c_w.l(indicate_semi.o)
    0x0800063a   0x0800063a   0x0000004a   Code   RO         8679    .text               c_w.l(sys_stackheap_outer.o)
    0x08000684   0x08000684   0x00000012   Code   RO         8722    .text               c_w.l(exit.o)
    0x08000696   0x08000696   0x00000002   PAD
    0x08000698   0x08000698   0x0000000c   Code   RO         8744    .text               c_w.l(sys_exit.o)
    0x080006a4   0x080006a4   0x00000028   Code   RO         7565    i.Append_CRC16_Check_Sum  crc_ref.o
    0x080006cc   0x080006cc   0x00000020   Code   RO         7566    i.Append_CRC8_Check_Sum  crc_ref.o
    0x080006ec   0x080006ec   0x00000010   Code   RO         7314    i.BMI088_ACCEL_NS_H  bmi088middleware.o
    0x080006fc   0x080006fc   0x00000010   Code   RO         7315    i.BMI088_ACCEL_NS_L  bmi088middleware.o
    0x0800070c   0x0800070c   0x00000002   Code   RO         7316    i.BMI088_GPIO_init  bmi088middleware.o
    0x0800070e   0x0800070e   0x00000002   PAD
    0x08000710   0x08000710   0x00000010   Code   RO         7317    i.BMI088_GYRO_NS_H  bmi088middleware.o
    0x08000720   0x08000720   0x00000010   Code   RO         7318    i.BMI088_GYRO_NS_L  bmi088middleware.o
    0x08000730   0x08000730   0x00000002   Code   RO         7319    i.BMI088_com_init   bmi088middleware.o
    0x08000732   0x08000732   0x00000018   Code   RO         7320    i.BMI088_delay_ms   bmi088middleware.o
    0x0800074a   0x0800074a   0x0000002e   Code   RO         7321    i.BMI088_delay_us   bmi088middleware.o
    0x08000778   0x08000778   0x00000018   Code   RO         7245    i.BMI088_init       bmi088driver.o
    0x08000790   0x08000790   0x00000158   Code   RO         7246    i.BMI088_read       bmi088driver.o
    0x080008e8   0x080008e8   0x00000024   Code   RO         7247    i.BMI088_read_muli_reg  bmi088driver.o
    0x0800090c   0x0800090c   0x00000016   Code   RO         7248    i.BMI088_read_single_reg  bmi088driver.o
    0x08000922   0x08000922   0x00000002   PAD
    0x08000924   0x08000924   0x00000020   Code   RO         7322    i.BMI088_read_write_byte  bmi088middleware.o
    0x08000944   0x08000944   0x00000012   Code   RO         7249    i.BMI088_write_single_reg  bmi088driver.o
    0x08000956   0x08000956   0x00000002   PAD
    0x08000958   0x08000958   0x000002d8   Code   RO         7513    i.BodyFrameToEarthFrame  imu_temp_control_task.o
    0x08000c30   0x08000c30   0x00000002   Code   RO          494    i.BusFault_Handler  stm32f4xx_it.o
    0x08000c32   0x08000c32   0x00000002   PAD
    0x08000c34   0x08000c34   0x0000003c   Code   RO         6765    i.CAN1_Init         drv_can.o
    0x08000c70   0x08000c70   0x0000000c   Code   RO          495    i.CAN1_RX0_IRQHandler  stm32f4xx_it.o
    0x08000c7c   0x08000c7c   0x0000003c   Code   RO         6766    i.CAN2_Init         drv_can.o
    0x08000cb8   0x08000cb8   0x0000000c   Code   RO          496    i.CAN2_RX0_IRQHandler  stm32f4xx_it.o
    0x08000cc4   0x08000cc4   0x0000000c   Code   RO          497    i.CAN2_RX1_IRQHandler  stm32f4xx_it.o
    0x08000cd0   0x08000cd0   0x000002fc   Code   RO         7842    i.Chassis_Power_Limit  chassis_task.o
    0x08000fcc   0x08000fcc   0x00000088   Code   RO         7843    i.Chassis_task      chassis_task.o
    0x08001054   0x08001054   0x0000000c   Code   RO          498    i.DMA1_Stream0_IRQHandler  stm32f4xx_it.o
    0x08001060   0x08001060   0x0000000c   Code   RO          499    i.DMA1_Stream1_IRQHandler  stm32f4xx_it.o
    0x0800106c   0x0800106c   0x0000000c   Code   RO          500    i.DMA1_Stream3_IRQHandler  stm32f4xx_it.o
    0x08001078   0x08001078   0x0000000c   Code   RO          501    i.DMA1_Stream4_IRQHandler  stm32f4xx_it.o
    0x08001084   0x08001084   0x0000000c   Code   RO          502    i.DMA1_Stream7_IRQHandler  stm32f4xx_it.o
    0x08001090   0x08001090   0x00000244   Code   RO         6932    i.DMAEx_MultiBufferStart_NoIT  drv_usart.o
    0x080012d4   0x080012d4   0x00000028   Code   RO         2317    i.DMA_CalcBaseAndBitshift  stm32f4xx_hal_dma.o
    0x080012fc   0x080012fc   0x00000054   Code   RO         2318    i.DMA_CheckFifoParam  stm32f4xx_hal_dma.o
    0x08001350   0x08001350   0x00000028   Code   RO         2319    i.DMA_SetConfig     stm32f4xx_hal_dma.o
    0x08001378   0x08001378   0x00000014   Code   RO         6933    i.DRV_UART5_IRQHandler  drv_usart.o
    0x0800138c   0x0800138c   0x00000014   Code   RO         6934    i.DRV_USART3_IRQHandler  drv_usart.o
    0x080013a0   0x080013a0   0x00000028   Code   RO         6628    i.DWT_CNT_Update    bsp_dwt.o
    0x080013c8   0x080013c8   0x00000044   Code   RO         6630    i.DWT_GetDeltaT     bsp_dwt.o
    0x0800140c   0x0800140c   0x00000048   Code   RO         6635    i.DWT_Init          bsp_dwt.o
    0x08001454   0x08001454   0x00000002   Code   RO          503    i.DebugMon_Handler  stm32f4xx_it.o
    0x08001456   0x08001456   0x00000006   Code   RO          504    i.EXTI2_IRQHandler  stm32f4xx_it.o
    0x0800145c   0x0800145c   0x00000006   Code   RO          505    i.EXTI3_IRQHandler  stm32f4xx_it.o
    0x08001462   0x08001462   0x00000002   PAD
    0x08001464   0x08001464   0x000002d8   Code   RO         7514    i.EarthFrameToBodyFrame  imu_temp_control_task.o
    0x0800173c   0x0800173c   0x00000004   Code   RO          343    i.Error_Handler     main.o
    0x08001740   0x08001740   0x0000002c   Code   RO         7567    i.Get_CRC16_Check_Sum  crc_ref.o
    0x0800176c   0x0800176c   0x00000020   Code   RO         7568    i.Get_CRC8_Check_Sum  crc_ref.o
    0x0800178c   0x0800178c   0x00000024   Code   RO         3009    i.HAL_CAN_ActivateNotification  stm32f4xx_hal_can.o
    0x080017b0   0x080017b0   0x000000c8   Code   RO         3010    i.HAL_CAN_AddTxMessage  stm32f4xx_hal_can.o
    0x08001878   0x08001878   0x0000010c   Code   RO         3011    i.HAL_CAN_ConfigFilter  stm32f4xx_hal_can.o
    0x08001984   0x08001984   0x00000002   Code   RO         3014    i.HAL_CAN_ErrorCallback  stm32f4xx_hal_can.o
    0x08001986   0x08001986   0x000000e8   Code   RO         3017    i.HAL_CAN_GetRxMessage  stm32f4xx_hal_can.o
    0x08001a6e   0x08001a6e   0x000001fc   Code   RO         3021    i.HAL_CAN_IRQHandler  stm32f4xx_hal_can.o
    0x08001c6a   0x08001c6a   0x0000011a   Code   RO         3022    i.HAL_CAN_Init      stm32f4xx_hal_can.o
    0x08001d84   0x08001d84   0x00000114   Code   RO           14    i.HAL_CAN_MspInit   can.o
    0x08001e98   0x08001e98   0x00000002   Code   RO         3029    i.HAL_CAN_RxFifo0FullCallback  stm32f4xx_hal_can.o
    0x08001e9a   0x08001e9a   0x00000002   PAD
    0x08001e9c   0x08001e9c   0x0000015c   Code   RO         6767    i.HAL_CAN_RxFifo0MsgPendingCallback  drv_can.o
    0x08001ff8   0x08001ff8   0x00000002   Code   RO         3031    i.HAL_CAN_RxFifo1FullCallback  stm32f4xx_hal_can.o
    0x08001ffa   0x08001ffa   0x00000002   Code   RO         3032    i.HAL_CAN_RxFifo1MsgPendingCallback  stm32f4xx_hal_can.o
    0x08001ffc   0x08001ffc   0x00000002   Code   RO         3033    i.HAL_CAN_SleepCallback  stm32f4xx_hal_can.o
    0x08001ffe   0x08001ffe   0x00000002   PAD
    0x08002000   0x08002000   0x00000058   Code   RO         3034    i.HAL_CAN_Start     stm32f4xx_hal_can.o
    0x08002058   0x08002058   0x00000002   Code   RO         3036    i.HAL_CAN_TxMailbox0AbortCallback  stm32f4xx_hal_can.o
    0x0800205a   0x0800205a   0x00000002   Code   RO         3037    i.HAL_CAN_TxMailbox0CompleteCallback  stm32f4xx_hal_can.o
    0x0800205c   0x0800205c   0x00000002   Code   RO         3038    i.HAL_CAN_TxMailbox1AbortCallback  stm32f4xx_hal_can.o
    0x0800205e   0x0800205e   0x00000002   Code   RO         3039    i.HAL_CAN_TxMailbox1CompleteCallback  stm32f4xx_hal_can.o
    0x08002060   0x08002060   0x00000002   Code   RO         3040    i.HAL_CAN_TxMailbox2AbortCallback  stm32f4xx_hal_can.o
    0x08002062   0x08002062   0x00000002   Code   RO         3041    i.HAL_CAN_TxMailbox2CompleteCallback  stm32f4xx_hal_can.o
    0x08002064   0x08002064   0x00000002   Code   RO         3043    i.HAL_CAN_WakeUpFromRxMsgCallback  stm32f4xx_hal_can.o
    0x08002066   0x08002066   0x00000092   Code   RO         2320    i.HAL_DMA_Abort     stm32f4xx_hal_dma.o
    0x080020f8   0x080020f8   0x00000024   Code   RO         2321    i.HAL_DMA_Abort_IT  stm32f4xx_hal_dma.o
    0x0800211c   0x0800211c   0x000001a0   Code   RO         2325    i.HAL_DMA_IRQHandler  stm32f4xx_hal_dma.o
    0x080022bc   0x080022bc   0x000000d4   Code   RO         2326    i.HAL_DMA_Init      stm32f4xx_hal_dma.o
    0x08002390   0x08002390   0x0000006e   Code   RO         2330    i.HAL_DMA_Start_IT  stm32f4xx_hal_dma.o
    0x080023fe   0x080023fe   0x00000002   PAD
    0x08002400   0x08002400   0x00000040   Code   RO         7515    i.HAL_GPIO_EXTI_Callback  imu_temp_control_task.o
    0x08002440   0x08002440   0x00000018   Code   RO         2212    i.HAL_GPIO_EXTI_IRQHandler  stm32f4xx_hal_gpio.o
    0x08002458   0x08002458   0x000001dc   Code   RO         2213    i.HAL_GPIO_Init     stm32f4xx_hal_gpio.o
    0x08002634   0x08002634   0x00000010   Code   RO         2216    i.HAL_GPIO_TogglePin  stm32f4xx_hal_gpio.o
    0x08002644   0x08002644   0x0000000a   Code   RO         2217    i.HAL_GPIO_WritePin  stm32f4xx_hal_gpio.o
    0x0800264e   0x0800264e   0x00000002   PAD
    0x08002650   0x08002650   0x0000000c   Code   RO         2763    i.HAL_GetTick       stm32f4xx_hal.o
    0x0800265c   0x0800265c   0x00000010   Code   RO         2769    i.HAL_IncTick       stm32f4xx_hal.o
    0x0800266c   0x0800266c   0x00000034   Code   RO         2770    i.HAL_Init          stm32f4xx_hal.o
    0x080026a0   0x080026a0   0x00000040   Code   RO         2771    i.HAL_InitTick      stm32f4xx_hal.o
    0x080026e0   0x080026e0   0x00000038   Code   RO          470    i.HAL_MspInit       stm32f4xx_hal_msp.o
    0x08002718   0x08002718   0x0000001a   Code   RO         2620    i.HAL_NVIC_EnableIRQ  stm32f4xx_hal_cortex.o
    0x08002732   0x08002732   0x00000002   PAD
    0x08002734   0x08002734   0x00000040   Code   RO         2626    i.HAL_NVIC_SetPriority  stm32f4xx_hal_cortex.o
    0x08002774   0x08002774   0x00000024   Code   RO         2627    i.HAL_NVIC_SetPriorityGrouping  stm32f4xx_hal_cortex.o
    0x08002798   0x08002798   0x00000060   Code   RO          885    i.HAL_PCDEx_LPM_Callback  usbd_conf.o
    0x080027f8   0x080027f8   0x00000008   Code   RO          886    i.HAL_PCD_ConnectCallback  usbd_conf.o
    0x08002800   0x08002800   0x00000012   Code   RO          887    i.HAL_PCD_DataInStageCallback  usbd_conf.o
    0x08002812   0x08002812   0x00000014   Code   RO          888    i.HAL_PCD_DataOutStageCallback  usbd_conf.o
    0x08002826   0x08002826   0x00000008   Code   RO          889    i.HAL_PCD_DisconnectCallback  usbd_conf.o
    0x0800282e   0x0800282e   0x0000001e   Code   RO         1186    i.HAL_PCD_EP_Abort  stm32f4xx_hal_pcd.o
    0x0800284c   0x0800284c   0x0000005c   Code   RO         1188    i.HAL_PCD_EP_ClrStall  stm32f4xx_hal_pcd.o
    0x080028a8   0x080028a8   0x00000060   Code   RO         1191    i.HAL_PCD_EP_Open   stm32f4xx_hal_pcd.o
    0x08002908   0x08002908   0x00000048   Code   RO         1192    i.HAL_PCD_EP_Receive  stm32f4xx_hal_pcd.o
    0x08002950   0x08002950   0x00000074   Code   RO         1193    i.HAL_PCD_EP_SetStall  stm32f4xx_hal_pcd.o
    0x080029c4   0x080029c4   0x00000040   Code   RO         1194    i.HAL_PCD_EP_Transmit  stm32f4xx_hal_pcd.o
    0x08002a04   0x08002a04   0x0000059c   Code   RO         1196    i.HAL_PCD_IRQHandler  stm32f4xx_hal_pcd.o
    0x08002fa0   0x08002fa0   0x00000008   Code   RO          890    i.HAL_PCD_ISOINIncompleteCallback  usbd_conf.o
    0x08002fa8   0x08002fa8   0x00000008   Code   RO          891    i.HAL_PCD_ISOOUTIncompleteCallback  usbd_conf.o
    0x08002fb0   0x08002fb0   0x0000002c   Code   RO          894    i.HAL_PCD_ResetCallback  usbd_conf.o
    0x08002fdc   0x08002fdc   0x00000008   Code   RO          895    i.HAL_PCD_ResumeCallback  usbd_conf.o
    0x08002fe4   0x08002fe4   0x00000008   Code   RO          896    i.HAL_PCD_SOFCallback  usbd_conf.o
    0x08002fec   0x08002fec   0x00000028   Code   RO         1205    i.HAL_PCD_SetAddress  stm32f4xx_hal_pcd.o
    0x08003014   0x08003014   0x0000000e   Code   RO          897    i.HAL_PCD_SetupStageCallback  usbd_conf.o
    0x08003022   0x08003022   0x00000002   PAD
    0x08003024   0x08003024   0x00000030   Code   RO          898    i.HAL_PCD_SuspendCallback  usbd_conf.o
    0x08003054   0x08003054   0x00000134   Code   RO         1775    i.HAL_RCC_ClockConfig  stm32f4xx_hal_rcc.o
    0x08003188   0x08003188   0x0000000c   Code   RO         1780    i.HAL_RCC_GetHCLKFreq  stm32f4xx_hal_rcc.o
    0x08003194   0x08003194   0x00000020   Code   RO         1782    i.HAL_RCC_GetPCLK1Freq  stm32f4xx_hal_rcc.o
    0x080031b4   0x080031b4   0x00000020   Code   RO         1783    i.HAL_RCC_GetPCLK2Freq  stm32f4xx_hal_rcc.o
    0x080031d4   0x080031d4   0x00000098   Code   RO         1886    i.HAL_RCC_GetSysClockFreq  stm32f4xx_hal_rcc_ex.o
    0x0800326c   0x0800326c   0x00000398   Code   RO         1887    i.HAL_RCC_OscConfig  stm32f4xx_hal_rcc_ex.o
    0x08003604   0x08003604   0x000000bc   Code   RO         3253    i.HAL_SPI_Init      stm32f4xx_hal_spi.o
    0x080036c0   0x080036c0   0x000000d0   Code   RO          429    i.HAL_SPI_MspInit   spi.o
    0x08003790   0x08003790   0x000001e2   Code   RO         3262    i.HAL_SPI_TransmitReceive  stm32f4xx_hal_spi.o
    0x08003972   0x08003972   0x00000028   Code   RO         2631    i.HAL_SYSTICK_Config  stm32f4xx_hal_cortex.o
    0x0800399a   0x0800399a   0x00000002   PAD
    0x0800399c   0x0800399c   0x00000090   Code   RO         4289    i.HAL_TIMEx_MasterConfigSynchronization  stm32f4xx_hal_tim_ex.o
    0x08003a2c   0x08003a2c   0x00000050   Code   RO          671    i.HAL_TIM_MspPostInit  tim.o
    0x08003a7c   0x08003a7c   0x000000cc   Code   RO         3638    i.HAL_TIM_PWM_ConfigChannel  stm32f4xx_hal_tim.o
    0x08003b48   0x08003b48   0x0000005a   Code   RO         3641    i.HAL_TIM_PWM_Init  stm32f4xx_hal_tim.o
    0x08003ba2   0x08003ba2   0x00000002   PAD
    0x08003ba4   0x08003ba4   0x00000028   Code   RO          673    i.HAL_TIM_PWM_MspInit  tim.o
    0x08003bcc   0x08003bcc   0x000000c8   Code   RO         3646    i.HAL_TIM_PWM_Start  stm32f4xx_hal_tim.o
    0x08003c94   0x08003c94   0x00000056   Code   RO         4546    i.HAL_UARTEx_ReceiveToIdle_DMA  stm32f4xx_hal_uart.o
    0x08003cea   0x08003cea   0x00000002   PAD
    0x08003cec   0x08003cec   0x0000006c   Code   RO         6705    i.HAL_UARTEx_RxEventCallback  bsp_usart.o
    0x08003d58   0x08003d58   0x00000050   Code   RO         6706    i.HAL_UART_ErrorCallback  bsp_usart.o
    0x08003da8   0x08003da8   0x00000268   Code   RO         4565    i.HAL_UART_IRQHandler  stm32f4xx_hal_uart.o
    0x08004010   0x08004010   0x00000062   Code   RO         4566    i.HAL_UART_Init     stm32f4xx_hal_uart.o
    0x08004072   0x08004072   0x00000002   PAD
    0x08004074   0x08004074   0x0000017c   Code   RO          720    i.HAL_UART_MspInit  usart.o
    0x080041f0   0x080041f0   0x00000002   Code   RO         4572    i.HAL_UART_RxCpltCallback  stm32f4xx_hal_uart.o
    0x080041f2   0x080041f2   0x00000002   Code   RO         4573    i.HAL_UART_RxHalfCpltCallback  stm32f4xx_hal_uart.o
    0x080041f4   0x080041f4   0x0000008c   Code   RO         4575    i.HAL_UART_Transmit_DMA  stm32f4xx_hal_uart.o
    0x08004280   0x08004280   0x00000018   Code   RO         7968    i.HAL_UART_TxCpltCallback  ui_task.o
    0x08004298   0x08004298   0x00000002   Code   RO         4578    i.HAL_UART_TxHalfCpltCallback  stm32f4xx_hal_uart.o
    0x0800429a   0x0800429a   0x00000002   Code   RO          506    i.HardFault_Handler  stm32f4xx_it.o
    0x0800429c   0x0800429c   0x000001a4   Code   RO         7617    i.JUDGE_Receive     judge.o
    0x08004440   0x08004440   0x00000082   Code   RO         7969    i.Line_Draw         ui_task.o
    0x080044c2   0x080044c2   0x00000002   PAD
    0x080044c4   0x080044c4   0x00000044   Code   RO           15    i.MX_CAN1_Init      can.o
    0x08004508   0x08004508   0x00000044   Code   RO           16    i.MX_CAN2_Init      can.o
    0x0800454c   0x0800454c   0x0000004c   Code   RO          174    i.MX_DMA_Init       dma.o
    0x08004598   0x08004598   0x00000068   Code   RO          201    i.MX_FREERTOS_Init  freertos.o
    0x08004600   0x08004600   0x000000fc   Code   RO          319    i.MX_GPIO_Init      gpio.o
    0x080046fc   0x080046fc   0x00000048   Code   RO          430    i.MX_SPI2_Init      spi.o
    0x08004744   0x08004744   0x00000070   Code   RO          674    i.MX_TIM3_Init      tim.o
    0x080047b4   0x080047b4   0x00000038   Code   RO          721    i.MX_UART5_Init     usart.o
    0x080047ec   0x080047ec   0x0000003c   Code   RO          722    i.MX_USART3_UART_Init  usart.o
    0x08004828   0x08004828   0x00000002   Code   RO          507    i.MemManage_Handler  stm32f4xx_it.o
    0x0800482a   0x0800482a   0x00000002   PAD
    0x0800482c   0x0800482c   0x0000007e   Code   RO         7844    i.Motor_Speed_limiting  chassis_task.o
    0x080048aa   0x080048aa   0x00000002   Code   RO          508    i.NMI_Handler       stm32f4xx_it.o
    0x080048ac   0x080048ac   0x0000000c   Code   RO          509    i.OTG_FS_IRQHandler  stm32f4xx_it.o
    0x080048b8   0x080048b8   0x000000cc   Code   RO         1212    i.PCD_EP_OutXfrComplete_int  stm32f4xx_hal_pcd.o
    0x08004984   0x08004984   0x000000a2   Code   RO         1213    i.PCD_WriteEmptyTxFifo  stm32f4xx_hal_pcd.o
    0x08004a26   0x08004a26   0x00000002   PAD
    0x08004a28   0x08004a28   0x00000128   Code   RO         7197    i.PID_calc          pid.o
    0x08004b50   0x08004b50   0x0000005c   Code   RO         7199    i.PID_init          pid.o
    0x08004bac   0x08004bac   0x0000012c   Code   RO         7845    i.RC_Move           chassis_task.o
    0x08004cd8   0x08004cd8   0x00000084   Code   RO         7970    i.Rectangle_Draw    ui_task.o
    0x08004d5c   0x08004d5c   0x00000058   Code   RO         3291    i.SPI_EndRxTxTransaction  stm32f4xx_hal_spi.o
    0x08004db4   0x08004db4   0x000000b8   Code   RO         3296    i.SPI_WaitFlagStateUntilTimeout  stm32f4xx_hal_spi.o
    0x08004e6c   0x08004e6c   0x00000018   Code   RO          510    i.SysTick_Handler   stm32f4xx_it.o
    0x08004e84   0x08004e84   0x00000098   Code   RO          344    i.SystemClock_Config  main.o
    0x08004f1c   0x08004f1c   0x0000001c   Code   RO          634    i.SystemInit        system_stm32f4xx.o
    0x08004f38   0x08004f38   0x000000c8   Code   RO         3659    i.TIM_Base_SetConfig  stm32f4xx_hal_tim.o
    0x08005000   0x08005000   0x0000001a   Code   RO         3660    i.TIM_CCxChannelCmd  stm32f4xx_hal_tim.o
    0x0800501a   0x0800501a   0x00000002   PAD
    0x0800501c   0x0800501c   0x00000060   Code   RO         3672    i.TIM_OC1_SetConfig  stm32f4xx_hal_tim.o
    0x0800507c   0x0800507c   0x0000006c   Code   RO         3673    i.TIM_OC2_SetConfig  stm32f4xx_hal_tim.o
    0x080050e8   0x080050e8   0x00000068   Code   RO         3674    i.TIM_OC3_SetConfig  stm32f4xx_hal_tim.o
    0x08005150   0x08005150   0x00000050   Code   RO         3675    i.TIM_OC4_SetConfig  stm32f4xx_hal_tim.o
    0x080051a0   0x080051a0   0x00000018   Code   RO          511    i.UART5_IRQHandler  stm32f4xx_it.o
    0x080051b8   0x080051b8   0x0000003c   Code   RO         6935    i.UART5_Init        drv_usart.o
    0x080051f4   0x080051f4   0x00000010   Code   RO         4579    i.UART_DMAAbortOnError  stm32f4xx_hal_uart.o
    0x08005204   0x08005204   0x0000004a   Code   RO         4580    i.UART_DMAError     stm32f4xx_hal_uart.o
    0x0800524e   0x0800524e   0x00000082   Code   RO         4581    i.UART_DMAReceiveCplt  stm32f4xx_hal_uart.o
    0x080052d0   0x080052d0   0x0000001a   Code   RO         4583    i.UART_DMARxHalfCplt  stm32f4xx_hal_uart.o
    0x080052ea   0x080052ea   0x00000042   Code   RO         4585    i.UART_DMATransmitCplt  stm32f4xx_hal_uart.o
    0x0800532c   0x0800532c   0x0000000a   Code   RO         4587    i.UART_DMATxHalfCplt  stm32f4xx_hal_uart.o
    0x08005336   0x08005336   0x0000004e   Code   RO         4589    i.UART_EndRxTransfer  stm32f4xx_hal_uart.o
    0x08005384   0x08005384   0x0000001c   Code   RO         4590    i.UART_EndTxTransfer  stm32f4xx_hal_uart.o
    0x080053a0   0x080053a0   0x000000c0   Code   RO         4591    i.UART_Receive_IT   stm32f4xx_hal_uart.o
    0x08005460   0x08005460   0x0000010c   Code   RO         4592    i.UART_SetConfig    stm32f4xx_hal_uart.o
    0x0800556c   0x0800556c   0x00000094   Code   RO         4593    i.UART_Start_Receive_DMA  stm32f4xx_hal_uart.o
    0x08005600   0x08005600   0x00000084   Code   RO         7971    i.UI_Task           ui_task.o
    0x08005684   0x08005684   0x000000d8   Code   RO         7972    i.UI_delete         ui_task.o
    0x0800575c   0x0800575c   0x00000018   Code   RO          512    i.USART3_IRQHandler  stm32f4xx_it.o
    0x08005774   0x08005774   0x0000003c   Code   RO         6936    i.USART3_Init       drv_usart.o
    0x080057b0   0x080057b0   0x0000017c   Code   RO         7806    i.USART3_rxDataHandler  rc_potocal.o
    0x0800592c   0x0800592c   0x00000014   Code   RO         6202    i.USBD_ClrClassConfig  usbd_core.o
    0x08005940   0x08005940   0x00000026   Code   RO         6364    i.USBD_ClrFeature   usbd_ctlreq.o
    0x08005966   0x08005966   0x00000004   Code   RO         6203    i.USBD_CoreFindEP   usbd_core.o
    0x0800596a   0x0800596a   0x00000004   Code   RO         6204    i.USBD_CoreFindIF   usbd_core.o
    0x0800596e   0x0800596e   0x00000010   Code   RO         6462    i.USBD_CtlContinueRx  usbd_ioreq.o
    0x0800597e   0x0800597e   0x00000010   Code   RO         6463    i.USBD_CtlContinueSendData  usbd_ioreq.o
    0x0800598e   0x0800598e   0x00000018   Code   RO         6365    i.USBD_CtlError     usbd_ctlreq.o
    0x080059a6   0x080059a6   0x00000016   Code   RO         6465    i.USBD_CtlReceiveStatus  usbd_ioreq.o
    0x080059bc   0x080059bc   0x0000001a   Code   RO         6466    i.USBD_CtlSendData  usbd_ioreq.o
    0x080059d6   0x080059d6   0x00000016   Code   RO         6467    i.USBD_CtlSendStatus  usbd_ioreq.o
    0x080059ec   0x080059ec   0x00000034   Code   RO         6366    i.USBD_GetConfig    usbd_ctlreq.o
    0x08005a20   0x08005a20   0x000001e8   Code   RO         6367    i.USBD_GetDescriptor  usbd_ctlreq.o
    0x08005c08   0x08005c08   0x00000036   Code   RO         6369    i.USBD_GetStatus    usbd_ctlreq.o
    0x08005c3e   0x08005c3e   0x00000018   Code   RO          899    i.USBD_Get_USB_Status  usbd_conf.o
    0x08005c56   0x08005c56   0x00000012   Code   RO          900    i.USBD_LL_ClearStallEP  usbd_conf.o
    0x08005c68   0x08005c68   0x000000dc   Code   RO         6209    i.USBD_LL_DataInStage  usbd_core.o
    0x08005d44   0x08005d44   0x000000d0   Code   RO         6210    i.USBD_LL_DataOutStage  usbd_core.o
    0x08005e14   0x08005e14   0x00000004   Code   RO         6211    i.USBD_LL_DevConnected  usbd_core.o
    0x08005e18   0x08005e18   0x00000020   Code   RO         6212    i.USBD_LL_DevDisconnected  usbd_core.o
    0x08005e38   0x08005e38   0x00000020   Code   RO          907    i.USBD_LL_IsStallEP  usbd_conf.o
    0x08005e58   0x08005e58   0x0000002a   Code   RO         6213    i.USBD_LL_IsoINIncomplete  usbd_core.o
    0x08005e82   0x08005e82   0x0000002a   Code   RO         6214    i.USBD_LL_IsoOUTIncomplete  usbd_core.o
    0x08005eac   0x08005eac   0x00000018   Code   RO          908    i.USBD_LL_OpenEP    usbd_conf.o
    0x08005ec4   0x08005ec4   0x00000012   Code   RO          909    i.USBD_LL_PrepareReceive  usbd_conf.o
    0x08005ed6   0x08005ed6   0x00000060   Code   RO         6215    i.USBD_LL_Reset     usbd_core.o
    0x08005f36   0x08005f36   0x00000014   Code   RO         6216    i.USBD_LL_Resume    usbd_core.o
    0x08005f4a   0x08005f4a   0x0000001a   Code   RO         6217    i.USBD_LL_SOF       usbd_core.o
    0x08005f64   0x08005f64   0x00000006   Code   RO         6218    i.USBD_LL_SetSpeed  usbd_core.o
    0x08005f6a   0x08005f6a   0x00000012   Code   RO          910    i.USBD_LL_SetUSBAddress  usbd_conf.o
    0x08005f7c   0x08005f7c   0x00000064   Code   RO         6219    i.USBD_LL_SetupStage  usbd_core.o
    0x08005fe0   0x08005fe0   0x00000012   Code   RO          911    i.USBD_LL_StallEP   usbd_conf.o
    0x08005ff2   0x08005ff2   0x00000012   Code   RO         6220    i.USBD_LL_Suspend   usbd_core.o
    0x08006004   0x08006004   0x00000012   Code   RO          914    i.USBD_LL_Transmit  usbd_conf.o
    0x08006016   0x08006016   0x00000032   Code   RO         6371    i.USBD_ParseSetupRequest  usbd_ctlreq.o
    0x08006048   0x08006048   0x00000004   Code   RO         6222    i.USBD_RunTestMode  usbd_core.o
    0x0800604c   0x0800604c   0x00000058   Code   RO         6372    i.USBD_SetAddress   usbd_ctlreq.o
    0x080060a4   0x080060a4   0x00000014   Code   RO         6223    i.USBD_SetClassConfig  usbd_core.o
    0x080060b8   0x080060b8   0x000000dc   Code   RO         6373    i.USBD_SetConfig    usbd_ctlreq.o
    0x08006194   0x08006194   0x00000024   Code   RO         6374    i.USBD_SetFeature   usbd_ctlreq.o
    0x080061b8   0x080061b8   0x00000076   Code   RO         6375    i.USBD_StdDevReq    usbd_ctlreq.o
    0x0800622e   0x0800622e   0x0000022e   Code   RO         6376    i.USBD_StdEPReq     usbd_ctlreq.o
    0x0800645c   0x0800645c   0x0000008e   Code   RO         6377    i.USBD_StdItfReq    usbd_ctlreq.o
    0x080064ea   0x080064ea   0x00000002   PAD
    0x080064ec   0x080064ec   0x00000080   Code   RO         1470    i.USB_ActivateEndpoint  stm32f4xx_ll_usb.o
    0x0800656c   0x0800656c   0x0000001c   Code   RO         1472    i.USB_ActivateSetup  stm32f4xx_ll_usb.o
    0x08006588   0x08006588   0x0000011c   Code   RO         1485    i.USB_EP0StartXfer  stm32f4xx_ll_usb.o
    0x080066a4   0x080066a4   0x00000058   Code   RO         1486    i.USB_EP0_OutStart  stm32f4xx_ll_usb.o
    0x080066fc   0x080066fc   0x00000058   Code   RO         1487    i.USB_EPClearStall  stm32f4xx_ll_usb.o
    0x08006754   0x08006754   0x00000058   Code   RO         1488    i.USB_EPSetStall    stm32f4xx_ll_usb.o
    0x080067ac   0x080067ac   0x000001e4   Code   RO         1489    i.USB_EPStartXfer   stm32f4xx_ll_usb.o
    0x08006990   0x08006990   0x0000009e   Code   RO         1490    i.USB_EPStopXfer    stm32f4xx_ll_usb.o
    0x08006a2e   0x08006a2e   0x00000002   PAD
    0x08006a30   0x08006a30   0x00000040   Code   RO         1493    i.USB_FlushTxFifo   stm32f4xx_ll_usb.o
    0x08006a70   0x08006a70   0x0000001a   Code   RO         1495    i.USB_GetDevSpeed   stm32f4xx_ll_usb.o
    0x08006a8a   0x08006a8a   0x00000008   Code   RO         1497    i.USB_GetMode       stm32f4xx_ll_usb.o
    0x08006a92   0x08006a92   0x0000000e   Code   RO         1504    i.USB_ReadDevAllInEpInterrupt  stm32f4xx_ll_usb.o
    0x08006aa0   0x08006aa0   0x0000000e   Code   RO         1505    i.USB_ReadDevAllOutEpInterrupt  stm32f4xx_ll_usb.o
    0x08006aae   0x08006aae   0x00000024   Code   RO         1506    i.USB_ReadDevInEPInterrupt  stm32f4xx_ll_usb.o
    0x08006ad2   0x08006ad2   0x00000010   Code   RO         1507    i.USB_ReadDevOutEPInterrupt  stm32f4xx_ll_usb.o
    0x08006ae2   0x08006ae2   0x00000008   Code   RO         1508    i.USB_ReadInterrupts  stm32f4xx_ll_usb.o
    0x08006aea   0x08006aea   0x0000003e   Code   RO         1509    i.USB_ReadPacket    stm32f4xx_ll_usb.o
    0x08006b28   0x08006b28   0x00000022   Code   RO         1512    i.USB_SetDevAddress  stm32f4xx_ll_usb.o
    0x08006b4a   0x08006b4a   0x00000002   PAD
    0x08006b4c   0x08006b4c   0x000000e8   Code   RO         1514    i.USB_SetTurnaroundTime  stm32f4xx_ll_usb.o
    0x08006c34   0x08006c34   0x00000028   Code   RO         1517    i.USB_WritePacket   stm32f4xx_ll_usb.o
    0x08006c5c   0x08006c5c   0x0000008c   Code   RO         7618    i.Update_data       judge.o
    0x08006ce8   0x08006ce8   0x00000002   Code   RO          513    i.UsageFault_Handler  stm32f4xx_it.o
    0x08006cea   0x08006cea   0x00000002   PAD
    0x08006cec   0x08006cec   0x0000003c   Code   RO         7569    i.Verify_CRC16_Check_Sum  crc_ref.o
    0x08006d28   0x08006d28   0x0000002a   Code   RO         7570    i.Verify_CRC8_Check_Sum  crc_ref.o
    0x08006d52   0x08006d52   0x00000030   Code   RO         8672    i.__ARM_fpclassify  m_wm.l(fpclassify.o)
    0x08006d82   0x08006d82   0x00000026   Code   RO         8566    i.__ARM_fpclassifyf  m_wm.l(fpclassifyf.o)
    0x08006da8   0x08006da8   0x00000020   Code   RO         2633    i.__NVIC_SetPriority  stm32f4xx_hal_cortex.o
    0x08006dc8   0x08006dc8   0x0000012c   Code   RO         8270    i.__hardfp_asinf    m_wm.l(asinf.o)
    0x08006ef4   0x08006ef4   0x00000250   Code   RO         8282    i.__hardfp_atan2f   m_wm.l(atan2f.o)
    0x08007144   0x08007144   0x00000004   PAD
    0x08007148   0x08007148   0x000000c8   Code   RO         8294    i.__hardfp_cos      m_wm.l(cos.o)
    0x08007210   0x08007210   0x00000150   Code   RO         8306    i.__hardfp_cosf     m_wm.l(cosf.o)
    0x08007360   0x08007360   0x00000014   Code   RO         8318    i.__hardfp_fabs     m_wm.l(fabs.o)
    0x08007374   0x08007374   0x00000004   PAD
    0x08007378   0x08007378   0x000000c8   Code   RO         8324    i.__hardfp_sin      m_wm.l(sin.o)
    0x08007440   0x08007440   0x00000190   Code   RO         8336    i.__hardfp_sinf     m_wm.l(sinf.o)
    0x080075d0   0x080075d0   0x00000438   Code   RO         8582    i.__ieee754_rem_pio2  m_wm.l(rred.o)
    0x08007a08   0x08007a08   0x00000170   Code   RO         8549    i.__kernel_cos      m_wm.l(cos_i.o)
    0x08007b78   0x08007b78   0x000000f8   Code   RO         8674    i.__kernel_poly     m_wm.l(poly.o)
    0x08007c70   0x08007c70   0x00000130   Code   RO         8590    i.__kernel_sin      m_wm.l(sin_i.o)
    0x08007da0   0x08007da0   0x00000014   Code   RO         8553    i.__mathlib_dbl_infnan  m_wm.l(dunder.o)
    0x08007db4   0x08007db4   0x00000004   PAD
    0x08007db8   0x08007db8   0x00000020   Code   RO         8555    i.__mathlib_dbl_invalid  m_wm.l(dunder.o)
    0x08007dd8   0x08007dd8   0x00000020   Code   RO         8558    i.__mathlib_dbl_underflow  m_wm.l(dunder.o)
    0x08007df8   0x08007df8   0x00000006   Code   RO         8569    i.__mathlib_flt_infnan  m_wm.l(funder.o)
    0x08007dfe   0x08007dfe   0x00000006   Code   RO         8570    i.__mathlib_flt_infnan2  m_wm.l(funder.o)
    0x08007e04   0x08007e04   0x00000010   Code   RO         8571    i.__mathlib_flt_invalid  m_wm.l(funder.o)
    0x08007e14   0x08007e14   0x00000010   Code   RO         8574    i.__mathlib_flt_underflow  m_wm.l(funder.o)
    0x08007e24   0x08007e24   0x00000154   Code   RO         8587    i.__mathlib_rredf2  m_wm.l(rredf.o)
    0x08007f78   0x08007f78   0x00000110   Code   RO         7250    i.bmi088_accel_init  bmi088driver.o
    0x08008088   0x08008088   0x000000dc   Code   RO         7251    i.bmi088_gyro_init  bmi088driver.o
    0x08008164   0x08008164   0x00000024   Code   RO         6768    i.can_remote        drv_can.o
    0x08008188   0x08008188   0x00000088   Code   RO         7846    i.chassis_current_give  chassis_task.o
    0x08008210   0x08008210   0x00000218   Code   RO         7847    i.chassis_follow    chassis_task.o
    0x08008428   0x08008428   0x00000108   Code   RO         7848    i.chassis_motol_speed_calculate  chassis_task.o
    0x08008530   0x08008530   0x0000004c   Code   RO         6937    i.dma_m0_rxcplt_callback  drv_usart.o
    0x0800857c   0x0800857c   0x00000048   Code   RO         6938    i.dma_m1_rxcplt_callback  drv_usart.o
    0x080085c4   0x080085c4   0x00000018   Code   RO         8320    i.fabs              m_wm.l(fabs.o)
    0x080085dc   0x080085dc   0x00000010   Code   RO         7974    i.get_client_id     ui_task.o
    0x080085ec   0x080085ec   0x0000000c   Code   RO         7387    i.imu_pwm_set       bsp_imu_pwm.o
    0x080085f8   0x080085f8   0x00000290   Code   RO         7516    i.imu_temp_control_task  imu_temp_control_task.o
    0x08008888   0x08008888   0x00001468   Code   RO         6999    i.imuekf            imuekf.o
    0x08009cf0   0x08009cf0   0x0000002c   Code   RO         7000    i.invSqrt           imuekf.o
    0x08009d1c   0x08009d1c   0x0000011c   Code   RO         7849    i.key_control       chassis_task.o
    0x08009e38   0x08009e38   0x00000020   Code   RO         7451    i.led_task          led_task.o
    0x08009e58   0x08009e58   0x000000a0   Code   RO          345    i.main              main.o
    0x08009ef8   0x08009ef8   0x0000000c   Code   RO         5688    i.makeFreeRtosPriority  cmsis_os.o
    0x08009f04   0x08009f04   0x0000007c   Code   RO         7850    i.map_range         chassis_task.o
    0x08009f80   0x08009f80   0x0000006c   Code   RO         7851    i.mode_chooce       chassis_task.o
    0x08009fec   0x08009fec   0x0000000e   Code   RO         5690    i.osDelay           cmsis_os.o
    0x08009ffa   0x08009ffa   0x0000000a   Code   RO         5693    i.osKernelStart     cmsis_os.o
    0x0800a004   0x0800a004   0x00000054   Code   RO         5727    i.osThreadCreate    cmsis_os.o
    0x0800a058   0x0800a058   0x00000020   Code   RO         5358    i.pcTaskGetName     tasks.o
    0x0800a078   0x0800a078   0x000000a8   Code   RO         7200    i.pid_calc          pid.o
    0x0800a120   0x0800a120   0x0000005c   Code   RO         7201    i.pid_init          pid.o
    0x0800a17c   0x0800a17c   0x00000070   Code   RO         5359    i.prvAddCurrentTaskToDelayedList  tasks.o
    0x0800a1ec   0x0800a1ec   0x000000d0   Code   RO         5360    i.prvAddNewTaskToReadyList  tasks.o
    0x0800a2bc   0x0800a2bc   0x00000034   Code   RO         5361    i.prvDeleteTCB      tasks.o
    0x0800a2f0   0x0800a2f0   0x0000004c   Code   RO         6055    i.prvHeapInit       heap_4.o
    0x0800a33c   0x0800a33c   0x00000060   Code   RO         5362    i.prvIdleTask       tasks.o
    0x0800a39c   0x0800a39c   0x00000098   Code   RO         5363    i.prvInitialiseNewTask  tasks.o
    0x0800a434   0x0800a434   0x0000004c   Code   RO         6056    i.prvInsertBlockIntoFreeList  heap_4.o
    0x0800a480   0x0800a480   0x00000020   Code   RO         5364    i.prvResetNextTaskUnblockTime  tasks.o
    0x0800a4a0   0x0800a4a0   0x00000058   Code   RO         5365    i.prvSearchForNameWithinSingleList  tasks.o
    0x0800a4f8   0x0800a4f8   0x00000028   Code   RO         6123    i.prvTaskExitError  port.o
    0x0800a520   0x0800a520   0x000000dc   Code   RO         6057    i.pvPortMalloc      heap_4.o
    0x0800a5fc   0x0800a5fc   0x0000002c   Code   RO         6124    i.pxPortInitialiseStack  port.o
    0x0800a628   0x0800a628   0x00000064   Code   RO         7852    i.read_keyboard     chassis_task.o
    0x0800a68c   0x0800a68c   0x0000005c   Code   RO         6770    i.set_motor_current_chassis  drv_can.o
    0x0800a6e8   0x0800a6e8   0x0000003e   Code   RO         8598    i.sqrtf             m_wm.l(sqrtf.o)
    0x0800a726   0x0800a726   0x00000002   PAD
    0x0800a728   0x0800a728   0x000000ae   Code   RO         7977    i.string_Draw       ui_task.o
    0x0800a7d6   0x0800a7d6   0x00000002   PAD
    0x0800a7d8   0x0800a7d8   0x0000009c   Code   RO         6939    i.uart_rx_idle_callback  drv_usart.o
    0x0800a874   0x0800a874   0x000000e0   Code   RO         7978    i.ui_display_1_graph  ui_task.o
    0x0800a954   0x0800a954   0x00000180   Code   RO         7981    i.ui_display_7_graph  ui_task.o
    0x0800aad4   0x0800aad4   0x000000e0   Code   RO         7982    i.ui_display_string  ui_task.o
    0x0800abb4   0x0800abb4   0x00000068   Code   RO         5368    i.ulTaskNotifyTake  tasks.o
    0x0800ac1c   0x0800ac1c   0x00000018   Code   RO         7983    i.usart6_tx_dma_enable  ui_task.o
    0x0800ac34   0x0800ac34   0x000001e8   Code   RO         7984    i.userUI_draw_background  ui_task.o
    0x0800ae1c   0x0800ae1c   0x00000118   Code   RO         7985    i.userUI_draw_constant_power_allowance  ui_task.o
    0x0800af34   0x0800af34   0x00000150   Code   RO         7986    i.userUI_draw_foresight_1  ui_task.o
    0x0800b084   0x0800b084   0x00000140   Code   RO         7987    i.userUI_draw_foresight_4  ui_task.o
    0x0800b1c4   0x0800b1c4   0x00000144   Code   RO         7988    i.userUI_draw_foresight_5  ui_task.o
    0x0800b308   0x0800b308   0x00000138   Code   RO         7989    i.userUI_draw_foresight_6  ui_task.o
    0x0800b440   0x0800b440   0x00000098   Code   RO         7990    i.userUI_draw_robot_xtl_mode  ui_task.o
    0x0800b4d8   0x0800b4d8   0x0000006c   Code   RO         7991    i.userUI_init       ui_task.o
    0x0800b544   0x0800b544   0x00000026   Code   RO         4995    i.uxListRemove      list.o
    0x0800b56a   0x0800b56a   0x00000002   PAD
    0x0800b56c   0x0800b56c   0x00000014   Code   RO          203    i.vApplicationGetIdleTaskMemory  freertos.o
    0x0800b580   0x0800b580   0x00000016   Code   RO         4996    i.vListInitialise   list.o
    0x0800b596   0x0800b596   0x00000006   Code   RO         4997    i.vListInitialiseItem  list.o
    0x0800b59c   0x0800b59c   0x00000030   Code   RO         4998    i.vListInsert       list.o
    0x0800b5cc   0x0800b5cc   0x00000018   Code   RO         4999    i.vListInsertEnd    list.o
    0x0800b5e4   0x0800b5e4   0x00000040   Code   RO         6126    i.vPortEnterCritical  port.o
    0x0800b624   0x0800b624   0x00000028   Code   RO         6127    i.vPortExitCritical  port.o
    0x0800b64c   0x0800b64c   0x00000064   Code   RO         6058    i.vPortFree         heap_4.o
    0x0800b6b0   0x0800b6b0   0x00000024   Code   RO         6128    i.vPortSetupTimerInterrupt  port.o
    0x0800b6d4   0x0800b6d4   0x00000054   Code   RO         6129    i.vPortValidateInterruptPriority  port.o
    0x0800b728   0x0800b728   0x0000004c   Code   RO         5374    i.vTaskDelay        tasks.o
    0x0800b774   0x0800b774   0x000000b4   Code   RO         5379    i.vTaskNotifyGiveFromISR  tasks.o
    0x0800b828   0x0800b828   0x0000006c   Code   RO         5387    i.vTaskStartScheduler  tasks.o
    0x0800b894   0x0800b894   0x00000010   Code   RO         5389    i.vTaskSuspendAll   tasks.o
    0x0800b8a4   0x0800b8a4   0x0000005c   Code   RO         5390    i.vTaskSwitchContext  tasks.o
    0x0800b900   0x0800b900   0x000000f4   Code   RO         6130    i.xPortStartScheduler  port.o
    0x0800b9f4   0x0800b9f4   0x0000002c   Code   RO         6131    i.xPortSysTickHandler  port.o
    0x0800ba20   0x0800ba20   0x0000005a   Code   RO         5393    i.xTaskCreate       tasks.o
    0x0800ba7a   0x0800ba7a   0x00000056   Code   RO         5394    i.xTaskCreateStatic  tasks.o
    0x0800bad0   0x0800bad0   0x00000084   Code   RO         5398    i.xTaskGetHandle    tasks.o
    0x0800bb54   0x0800bb54   0x0000001c   Code   RO         5399    i.xTaskGetSchedulerState  tasks.o
    0x0800bb70   0x0800bb70   0x000000cc   Code   RO         5402    i.xTaskIncrementTick  tasks.o
    0x0800bc3c   0x0800bc3c   0x000000c4   Code   RO         5408    i.xTaskResumeAll    tasks.o
    0x0800bd00   0x0800bd00   0x00000088   Code   RO         7853    i.yaw_correct       chassis_task.o
    0x0800bd88   0x0800bd88   0x00000018   Code   RO         8528    x$fpl$basic         fz_wm.l(basic.o)
    0x0800bda0   0x0800bda0   0x00000062   Code   RO         8234    x$fpl$d2f           fz_wm.l(d2f.o)
    0x0800be02   0x0800be02   0x00000002   PAD
    0x0800be04   0x0800be04   0x00000150   Code   RO         8236    x$fpl$dadd          fz_wm.l(daddsub_clz.o)
    0x0800bf54   0x0800bf54   0x00000018   Code   RO         8530    x$fpl$dcmpinf       fz_wm.l(dcmpi.o)
    0x0800bf6c   0x0800bf6c   0x000002b0   Code   RO         8243    x$fpl$ddiv          fz_wm.l(ddiv.o)
    0x0800c21c   0x0800c21c   0x00000078   Code   RO         8246    x$fpl$deqf          fz_wm.l(deqf.o)
    0x0800c294   0x0800c294   0x0000005e   Code   RO         8248    x$fpl$dfix          fz_wm.l(dfix.o)
    0x0800c2f2   0x0800c2f2   0x0000002e   Code   RO         8253    x$fpl$dflt          fz_wm.l(dflt_clz.o)
    0x0800c320   0x0800c320   0x000000a2   Code   RO         8258    x$fpl$dfltll        fz_wm.l(dfltll_clz.o)
    0x0800c3c2   0x0800c3c2   0x00000026   Code   RO         8252    x$fpl$dfltu         fz_wm.l(dflt_clz.o)
    0x0800c3e8   0x0800c3e8   0x00000078   Code   RO         8262    x$fpl$dleqf         fz_wm.l(dleqf.o)
    0x0800c460   0x0800c460   0x00000154   Code   RO         8264    x$fpl$dmul          fz_wm.l(dmul.o)
    0x0800c5b4   0x0800c5b4   0x0000009c   Code   RO         8532    x$fpl$dnaninf       fz_wm.l(dnaninf.o)
    0x0800c650   0x0800c650   0x0000000c   Code   RO         8534    x$fpl$dretinf       fz_wm.l(dretinf.o)
    0x0800c65c   0x0800c65c   0x0000006c   Code   RO         8266    x$fpl$drleqf        fz_wm.l(drleqf.o)
    0x0800c6c8   0x0800c6c8   0x00000016   Code   RO         8237    x$fpl$drsb          fz_wm.l(daddsub_clz.o)
    0x0800c6de   0x0800c6de   0x00000002   PAD
    0x0800c6e0   0x0800c6e0   0x000001d4   Code   RO         8238    x$fpl$dsub          fz_wm.l(daddsub_clz.o)
    0x0800c8b4   0x0800c8b4   0x00000056   Code   RO         8268    x$fpl$f2d           fz_wm.l(f2d.o)
    0x0800c90a   0x0800c90a   0x0000008c   Code   RO         8536    x$fpl$fnaninf       fz_wm.l(fnaninf.o)
    0x0800c996   0x0800c996   0x0000000a   Code   RO         8670    x$fpl$fpinit        fz_wm.l(fpinit.o)
    0x0800c9a0   0x0800c9a0   0x0000000a   Code   RO         8538    x$fpl$fretinf       fz_wm.l(fretinf.o)
    0x0800c9aa   0x0800c9aa   0x00000000   Code   RO         8548    x$fpl$usenofp       fz_wm.l(usenofp.o)
    0x0800c9aa   0x0800c9aa   0x00000002   PAD
    0x0800c9ac   0x0800c9ac   0x00000070   Data   RO          205    .constdata          freertos.o
    0x0800ca1c   0x0800ca1c   0x00000010   Data   RO          635    .constdata          system_stm32f4xx.o
    0x0800ca2c   0x0800ca2c   0x00000008   Data   RO          636    .constdata          system_stm32f4xx.o
    0x0800ca34   0x0800ca34   0x00000008   Data   RO         2332    .constdata          stm32f4xx_hal_dma.o
    0x0800ca3c   0x0800ca3c   0x00000004   PAD
    0x0800ca40   0x0800ca40   0x0000019c   Data   RO         7001    .constdata          imuekf.o
    0x0800cbdc   0x0800cbdc   0x00000018   Data   RO         7518    .constdata          imu_temp_control_task.o
    0x0800cbf4   0x0800cbf4   0x00000300   Data   RO         7572    .constdata          crc_ref.o
    0x0800cef4   0x0800cef4   0x00000004   PAD
    0x0800cef8   0x0800cef8   0x00000030   Data   RO         8550    .constdata          m_wm.l(cos_i.o)
    0x0800cf28   0x0800cf28   0x000000c8   Data   RO         8584    .constdata          m_wm.l(rred.o)
    0x0800cff0   0x0800cff0   0x00000020   Data   RO         8588    .constdata          m_wm.l(rredf.o)
    0x0800d010   0x0800d010   0x00000028   Data   RO         8591    .constdata          m_wm.l(sin_i.o)
    0x0800d038   0x0800d038   0x00000024   Data   RO          206    .conststring        freertos.o
    0x0800d05c   0x0800d05c   0x00000020   Data   RO         8807    Region$$Table       anon$$obj.o


    Execution Region RW_IRAM1 (Exec base: 0x20000000, Load base: 0x0800d07c, Size: 0x00006048, Max: 0x00020000, ABSOLUTE, COMPRESSED[0x00000084])

    Exec Addr    Load Addr    Size         Type   Attr      Idx    E Section Name        Object

    0x20000000   COMPRESSED   0x00000004   Data   RW           18    .data               can.o
    0x20000004   COMPRESSED   0x00000010   Data   RW          207    .data               freertos.o
    0x20000014   COMPRESSED   0x00000004   Data   RW          637    .data               system_stm32f4xx.o
    0x20000018   COMPRESSED   0x0000000c   Data   RW         2777    .data               stm32f4xx_hal.o
    0x20000024   COMPRESSED   0x0000003c   Data   RW         5411    .data               tasks.o
    0x20000060   COMPRESSED   0x00000020   Data   RW         6064    .data               heap_4.o
    0x20000080   COMPRESSED   0x0000000c   Data   RW         6132    .data               port.o
    0x2000008c   COMPRESSED   0x00000001   Data   RW         6378    .data               usbd_ctlreq.o
    0x2000008d   COMPRESSED   0x00000003   PAD
    0x20000090   COMPRESSED   0x00000040   Data   RW         6637    .data               bsp_dwt.o
    0x200000d0   COMPRESSED   0x00000001   Data   RW         6712    .data               bsp_usart.o
    0x200000d1   COMPRESSED   0x00000003   PAD
    0x200000d4   COMPRESSED   0x00000014   Data   RW         6776    .data               drv_can.o
    0x200000e8   COMPRESSED   0x00000001   Data   RW         6941    .data               drv_usart.o
    0x200000e9   COMPRESSED   0x00000003   PAD
    0x200000ec   COMPRESSED   0x0000002c   Data   RW         7252    .data               bmi088driver.o
    0x20000118   COMPRESSED   0x000001a8   Data   RW         7519    .data               imu_temp_control_task.o
    0x200002c0   COMPRESSED   0x00000002   Data   RW         7573    .data               crc_ref.o
    0x200002c2   COMPRESSED   0x00000002   PAD
    0x200002c4   COMPRESSED   0x00000014   Data   RW         7620    .data               judge.o
    0x200002d8   COMPRESSED   0x00000030   Data   RW         7809    .data               rc_potocal.o
    0x20000308   COMPRESSED   0x00000068   Data   RW         7856    .data               chassis_task.o
    0x20000370   COMPRESSED   0x00000004   Data   RW         7857    .data               chassis_task.o
    0x20000374   COMPRESSED   0x00000003   Data   RW         7995    .data               ui_task.o
    0x20000377   COMPRESSED   0x00000001   PAD
    0x20000378        -       0x00000050   Zero   RW           17    .bss                can.o
    0x200003c8        -       0x00000254   Zero   RW          204    .bss                freertos.o
    0x2000061c        -       0x00000118   Zero   RW          431    .bss                spi.o
    0x20000734        -       0x00000048   Zero   RW          675    .bss                tim.o
    0x2000077c        -       0x000001a8   Zero   RW          723    .bss                usart.o
    0x20000924        -       0x0000072c   Zero   RW          917    .bss                usbd_conf.o
    0x20001050        -       0x000000f0   Zero   RW         5410    .bss                tasks.o
    0x20001140        -       0x00003c00   Zero   RW         6063    .bss                heap_4.o
    0x20004d40        -       0x0000000c   Zero   RW         6711    .bss                bsp_usart.o
    0x20004d4c        -       0x00000010   Zero   RW         6774    .bss                drv_can.o
    0x20004d5c        -       0x000001c0   Zero   RW         6940    .bss                drv_usart.o
    0x20004f1c   COMPRESSED   0x00000004   PAD
    0x20004f20        -       0x00000090   Zero   RW         7517    .bss                imu_temp_control_task.o
    0x20004fb0        -       0x000000ba   Zero   RW         7619    .bss                judge.o
    0x2000506a        -       0x00000016   Zero   RW         7807    .bss                rc_potocal.o
    0x20005080        -       0x0000015c   Zero   RW         7854    .bss                chassis_task.o
    0x200051dc        -       0x00000208   Zero   RW         7992    .bss                ui_task.o
    0x200053e4        -       0x00000060   Zero   RW         8611    .bss                c_w.l(libspace.o)
    0x20005444   COMPRESSED   0x00000004   PAD
    0x20005448        -       0x00000400   Zero   RW            2    HEAP                startup_stm32f446xx.o
    0x20005848        -       0x00000800   Zero   RW            1    STACK               startup_stm32f446xx.o


==============================================================================

Image component sizes


      Code (inc. data)   RO Data    RW Data    ZI Data      Debug   Object Name

       936         16          0         44          0       6502   bmi088driver.o
       170         28          0          0          0       4840   bmi088middleware.o
       180         36          0         64          0       3206   bsp_dwt.o
        12          6          0          0          0        506   bsp_imu_pwm.o
       188         18          0          1         12       2797   bsp_usart.o
       412         36          0          4         80     739922   can.o
      3014        260          0        108        348      19384   chassis_task.o
       120          0          0          0          0      23325   cmsis_os.o
       250         22        768          2          0       5028   crc_ref.o
        76          4          0          0          0        782   dma.o
       596         50          0         20         16     610321   drv_can.o
      1044         84          0          1        448       5785   drv_usart.o
         0          0          0          0          0      16900   event_groups.o
       124         12        148         16        596      40047   freertos.o
       252         14          0          0          0       1027   gpio.o
       472         24          0         32      15360       7463   heap_4.o
      2176         86         24        424        144       5174   imu_temp_control_task.o
      5268        146        412          0          0       4925   imuekf.o
       560         22          0         20        186       7478   judge.o
        32          6          0          0          0       6167   led_task.o
       138          0          0          0          0       3590   list.o
       316         16          0          0          0       8156   main.o
       648         14          0          0          0       3324   pid.o
       786         82          0         12          0      11929   port.o
       380         16          0         48         22       2837   rc_potocal.o
       280         28          0          0        280       1843   spi.o
        64         26        452          0       3072        848   startup_stm32f446xx.o
       144         24          0         12          0       8661   stm32f4xx_hal.o
      1638          6          0          0          0      14383   stm32f4xx_hal_can.o
       198         14          0          0          0      33991   stm32f4xx_hal_cortex.o
      1084         16          8          0          0       7402   stm32f4xx_hal_dma.o
       526         46          0          0          0       3484   stm32f4xx_hal_gpio.o
        56          4          0          0          0        850   stm32f4xx_hal_msp.o
      2312         14          0          0          0      10650   stm32f4xx_hal_pcd.o
       384         50          0          0          0       3406   stm32f4xx_hal_rcc.o
      1072         32          0          0          0       2822   stm32f4xx_hal_rcc_ex.o
       942         12          0          0          0       4941   stm32f4xx_hal_spi.o
      1108        108          0          0          0       8454   stm32f4xx_hal_tim.o
       144         28          0          0          0       1356   stm32f4xx_hal_tim_ex.o
      1982         44          0          0          0      14444   stm32f4xx_hal_uart.o
       204         66          0          0          0       9504   stm32f4xx_it.o
      1900         98          0          0          0      16641   stm32f4xx_ll_usb.o
         0          0          0          0          0        408   stream_buffer.o
        28          6         24          4          0       1143   system_stm32f4xx.o
      2084        146          0         60        240      25240   tasks.o
       232         32          0          0         72       2271   tim.o
      4000        372          0          3        520      15658   ui_task.o
       496         52          0          0        424       2704   usart.o
       458          8          0          0       1836      13135   usbd_conf.o
       866          0          0          0          0      12895   usbd_core.o
      1868         20          0          1          0      16667   usbd_ctlreq.o
       102          0          0          0          0       3840   usbd_ioreq.o

    ----------------------------------------------------------------------
     42374       2250       1876        888      23660    1779056   Object Totals
         0          0         32          0          0          0   (incl. Generated)
        52          0          8         12          4          0   (incl. Padding)

    ----------------------------------------------------------------------

      Code (inc. data)   RO Data    RW Data    ZI Data      Debug   Library Member Name

        90          0          0          0          0          0   __dczerorl2.o
         8          0          0          0          0         68   __main.o
         0          0          0          0          0          0   __rtentry.o
        12          0          0          0          0          0   __rtentry2.o
         6          0          0          0          0          0   __rtentry4.o
        52          8          0          0          0          0   __scatter.o
        28          0          0          0          0          0   __scatter_zi.o
        22          0          0          0          0        100   _rserrno.o
        18          0          0          0          0         80   exit.o
         6          0          0          0          0        152   heapauxi.o
         0          0          0          0          0          0   indicate_semi.o
         2          0          0          0          0          0   libinit.o
         6          0          0          0          0          0   libinit2.o
         2          0          0          0          0          0   libshutdown.o
         2          0          0          0          0          0   libshutdown2.o
         8          4          0          0         96         68   libspace.o
       238          0          0          0          0        100   lludivv7m.o
         8          4          0          0          0         68   rt_errno_addr_intlibspace.o
        78          0          0          0          0         80   rt_memclr_w.o
       138          0          0          0          0         68   rt_memcpy_v6.o
       100          0          0          0          0         80   rt_memcpy_w.o
         2          0          0          0          0          0   rtexit.o
        10          0          0          0          0          0   rtexit2.o
        62          0          0          0          0         76   strlen.o
        12          4          0          0          0         68   sys_exit.o
        74          0          0          0          0         80   sys_stackheap_outer.o
         2          0          0          0          0         68   use_no_semi.o
        24          0          0          0          0        164   basic.o
        98          4          0          0          0        140   d2f.o
       826         16          0          0          0        492   daddsub_clz.o
        24          0          0          0          0        116   dcmpi.o
       688        140          0          0          0        256   ddiv.o
       120          4          0          0          0        140   deqf.o
        94          4          0          0          0        140   dfix.o
        84          0          0          0          0        232   dflt_clz.o
       162          0          0          0          0        132   dfltll_clz.o
       120          4          0          0          0        140   dleqf.o
       340         12          0          0          0        152   dmul.o
       156          4          0          0          0        140   dnaninf.o
        12          0          0          0          0        116   dretinf.o
       108          0          0          0          0        128   drleqf.o
        86          4          0          0          0        132   f2d.o
       140          4          0          0          0        132   fnaninf.o
        10          0          0          0          0        116   fpinit.o
        10          0          0          0          0        116   fretinf.o
         0          0          0          0          0          0   usenofp.o
       300         42          0          0          0        176   asinf.o
       592         90          0          0          0        184   atan2f.o
       200         20          0          0          0        164   cos.o
       368         46         48          0          0        200   cos_i.o
       336         56          0          0          0        136   cosf.o
        84         16          0          0          0        372   dunder.o
        44          0          0          0          0        248   fabs.o
        48          0          0          0          0        124   fpclassify.o
        38          0          0          0          0        116   fpclassifyf.o
        44         12          0          0          0        464   funder.o
       248          0          0          0          0        152   poly.o
      1080        142        200          0          0        188   rred.o
       340         24         32          0          0        160   rredf.o
       200         20          0          0          0        164   sin.o
       304         24         40          0          0        208   sin_i.o
       400         56          0          0          0        212   sinf.o
        62          0          0          0          0        136   sqrtf.o

    ----------------------------------------------------------------------
      8802        768        320          0        100       7544   Library Totals
        26          4          0          0          4          0   (incl. Padding)

    ----------------------------------------------------------------------

      Code (inc. data)   RO Data    RW Data    ZI Data      Debug   Library Name

       986         20          0          0         96       1156   c_w.l
      3102        196          0          0          0       2984   fz_wm.l
      4688        548        320          0          0       3404   m_wm.l

    ----------------------------------------------------------------------
      8802        768        320          0        100       7544   Library Totals

    ----------------------------------------------------------------------

==============================================================================


      Code (inc. data)   RO Data    RW Data    ZI Data      Debug   

     51176       3018       2196        888      23760    1750280   Grand Totals
     51176       3018       2196        132      23760    1750280   ELF Image Totals (compressed)
     51176       3018       2196        132          0          0   ROM Totals

==============================================================================

    Total RO  Size (Code + RO Data)                53372 (  52.12kB)
    Total RW  Size (RW Data + ZI Data)             24648 (  24.07kB)
    Total ROM Size (Code + RO Data + RW Data)      53504 (  52.25kB)

==============================================================================

