Component: ARM Compiler 5.06 update 6 (build 750) Tool: armlink [4d35ed]

==============================================================================

Section Cross References

    startup_stm32f446xx.o(STACK) refers (Special) to heapauxi.o(.text) for __use_two_region_memory
    startup_stm32f446xx.o(HEAP) refers (Special) to heapauxi.o(.text) for __use_two_region_memory
    startup_stm32f446xx.o(RESET) refers (Special) to heapauxi.o(.text) for __use_two_region_memory
    startup_stm32f446xx.o(RESET) refers to startup_stm32f446xx.o(STACK) for __initial_sp
    startup_stm32f446xx.o(RESET) refers to startup_stm32f446xx.o(.text) for Reset_Handler
    startup_stm32f446xx.o(RESET) refers to stm32f4xx_it.o(i.NMI_Handler) for NMI_Handler
    startup_stm32f446xx.o(RESET) refers to stm32f4xx_it.o(i.HardFault_Handler) for HardFault_Handler
    startup_stm32f446xx.o(RESET) refers to stm32f4xx_it.o(i.MemManage_Handler) for MemManage_Handler
    startup_stm32f446xx.o(RESET) refers to stm32f4xx_it.o(i.BusFault_Handler) for BusFault_Handler
    startup_stm32f446xx.o(RESET) refers to stm32f4xx_it.o(i.UsageFault_Handler) for UsageFault_Handler
    startup_stm32f446xx.o(RESET) refers to port.o(.emb_text) for SVC_Handler
    startup_stm32f446xx.o(RESET) refers to stm32f4xx_it.o(i.DebugMon_Handler) for DebugMon_Handler
    startup_stm32f446xx.o(RESET) refers to port.o(i.SysTick_Handler) for SysTick_Handler
    startup_stm32f446xx.o(RESET) refers to stm32f4xx_it.o(i.DMA1_Stream0_IRQHandler) for DMA1_Stream0_IRQHandler
    startup_stm32f446xx.o(RESET) refers to stm32f4xx_it.o(i.DMA1_Stream1_IRQHandler) for DMA1_Stream1_IRQHandler
    startup_stm32f446xx.o(RESET) refers to stm32f4xx_it.o(i.DMA1_Stream3_IRQHandler) for DMA1_Stream3_IRQHandler
    startup_stm32f446xx.o(RESET) refers to stm32f4xx_it.o(i.DMA1_Stream4_IRQHandler) for DMA1_Stream4_IRQHandler
    startup_stm32f446xx.o(RESET) refers to stm32f4xx_it.o(i.CAN1_RX0_IRQHandler) for CAN1_RX0_IRQHandler
    startup_stm32f446xx.o(RESET) refers to stm32f4xx_it.o(i.TIM1_BRK_TIM9_IRQHandler) for TIM1_BRK_TIM9_IRQHandler
    startup_stm32f446xx.o(RESET) refers to stm32f4xx_it.o(i.TIM1_UP_TIM10_IRQHandler) for TIM1_UP_TIM10_IRQHandler
    startup_stm32f446xx.o(RESET) refers to stm32f4xx_it.o(i.TIM2_IRQHandler) for TIM2_IRQHandler
    startup_stm32f446xx.o(RESET) refers to stm32f4xx_it.o(i.USART3_IRQHandler) for USART3_IRQHandler
    startup_stm32f446xx.o(RESET) refers to stm32f4xx_it.o(i.TIM8_BRK_TIM12_IRQHandler) for TIM8_BRK_TIM12_IRQHandler
    startup_stm32f446xx.o(RESET) refers to stm32f4xx_it.o(i.TIM8_UP_TIM13_IRQHandler) for TIM8_UP_TIM13_IRQHandler
    startup_stm32f446xx.o(RESET) refers to stm32f4xx_it.o(i.DMA1_Stream7_IRQHandler) for DMA1_Stream7_IRQHandler
    startup_stm32f446xx.o(RESET) refers to stm32f4xx_it.o(i.UART5_IRQHandler) for UART5_IRQHandler
    startup_stm32f446xx.o(RESET) refers to stm32f4xx_it.o(i.DMA2_Stream1_IRQHandler) for DMA2_Stream1_IRQHandler
    startup_stm32f446xx.o(RESET) refers to stm32f4xx_it.o(i.CAN2_RX0_IRQHandler) for CAN2_RX0_IRQHandler
    startup_stm32f446xx.o(RESET) refers to stm32f4xx_it.o(i.CAN2_RX1_IRQHandler) for CAN2_RX1_IRQHandler
    startup_stm32f446xx.o(RESET) refers to stm32f4xx_it.o(i.OTG_FS_IRQHandler) for OTG_FS_IRQHandler
    startup_stm32f446xx.o(RESET) refers to stm32f4xx_it.o(i.DMA2_Stream6_IRQHandler) for DMA2_Stream6_IRQHandler
    startup_stm32f446xx.o(RESET) refers to stm32f4xx_it.o(i.USART6_IRQHandler) for USART6_IRQHandler
    startup_stm32f446xx.o(.text) refers (Special) to heapauxi.o(.text) for __use_two_region_memory
    startup_stm32f446xx.o(.text) refers to system_stm32f4xx_1.o(i.SystemInit) for SystemInit
    startup_stm32f446xx.o(.text) refers to __main.o(!!!main) for __main
    startup_stm32f446xx.o(.text) refers to startup_stm32f446xx.o(HEAP) for Heap_Mem
    startup_stm32f446xx.o(.text) refers to startup_stm32f446xx.o(STACK) for Stack_Mem
    can.o(i.HAL_CAN_MspDeInit) refers to stm32f4xx_hal_gpio.o(i.HAL_GPIO_DeInit) for HAL_GPIO_DeInit
    can.o(i.HAL_CAN_MspDeInit) refers to stm32f4xx_hal_cortex.o(i.HAL_NVIC_DisableIRQ) for HAL_NVIC_DisableIRQ
    can.o(i.HAL_CAN_MspDeInit) refers to can.o(.data) for .data
    can.o(i.HAL_CAN_MspInit) refers to rt_memclr_w.o(.text) for __aeabi_memclr4
    can.o(i.HAL_CAN_MspInit) refers to stm32f4xx_hal_gpio.o(i.HAL_GPIO_Init) for HAL_GPIO_Init
    can.o(i.HAL_CAN_MspInit) refers to stm32f4xx_hal_cortex.o(i.HAL_NVIC_SetPriority) for HAL_NVIC_SetPriority
    can.o(i.HAL_CAN_MspInit) refers to stm32f4xx_hal_cortex.o(i.HAL_NVIC_EnableIRQ) for HAL_NVIC_EnableIRQ
    can.o(i.HAL_CAN_MspInit) refers to can.o(.data) for .data
    can.o(i.MX_CAN1_Init) refers to stm32f4xx_hal_can.o(i.HAL_CAN_Init) for HAL_CAN_Init
    can.o(i.MX_CAN1_Init) refers to main.o(i.Error_Handler) for Error_Handler
    can.o(i.MX_CAN1_Init) refers to can.o(.bss) for .bss
    can.o(i.MX_CAN2_Init) refers to stm32f4xx_hal_can.o(i.HAL_CAN_Init) for HAL_CAN_Init
[...]
    SysTick_Handler                          0x0800509d   Thumb Code    38  port.o(i.SysTick_Handler)
    SystemClock_Config                       0x080050c9   Thumb Code   142  main.o(i.SystemClock_Config)
    SystemInit                               0x08005161   Thumb Code    22  system_stm32f4xx_1.o(i.SystemInit)
    TIM1_BRK_TIM9_IRQHandler                 0x0800517d   Thumb Code    18  stm32f4xx_it.o(i.TIM1_BRK_TIM9_IRQHandler)
    TIM1_UP_TIM10_IRQHandler                 0x08005199   Thumb Code     6  stm32f4xx_it.o(i.TIM1_UP_TIM10_IRQHandler)
    TIM2_IRQHandler                          0x080051a5   Thumb Code     6  stm32f4xx_it.o(i.TIM2_IRQHandler)
    TIM8_BRK_TIM12_IRQHandler                0x080051b1   Thumb Code     6  stm32f4xx_it.o(i.TIM8_BRK_TIM12_IRQHandler)
    TIM8_UP_TIM13_IRQHandler                 0x080051bd   Thumb Code     6  stm32f4xx_it.o(i.TIM8_UP_TIM13_IRQHandler)
    TIM_Base_SetConfig                       0x080051c9   Thumb Code   156  stm32f4xx_hal_tim.o(i.TIM_Base_SetConfig)
    TIM_CCxChannelCmd                        0x08005291   Thumb Code    26  stm32f4xx_hal_tim.o(i.TIM_CCxChannelCmd)
    TIM_ETR_SetConfig                        0x080052ab   Thumb Code    20  stm32f4xx_hal_tim.o(i.TIM_ETR_SetConfig)
    TIM_OC2_SetConfig                        0x08005331   Thumb Code    98  stm32f4xx_hal_tim.o(i.TIM_OC2_SetConfig)
    UART5_IRQHandler                         0x0800549d   Thumb Code     6  stm32f4xx_it.o(i.UART5_IRQHandler)
    UART5_Init                               0x080054a9   Thumb Code    52  drv_usart.o(i.UART5_Init)
    UART_Start_Receive_DMA                   0x08005811   Thumb Code   134  stm32f4xx_hal_uart.o(i.UART_Start_Receive_DMA)
    USART3_IRQHandler                        0x080058a5   Thumb Code     6  stm32f4xx_it.o(i.USART3_IRQHandler)
    USART6_IRQHandler                        0x080058b1   Thumb Code     6  stm32f4xx_it.o(i.USART6_IRQHandler)
    USARTRegister                            0x080058bd   Thumb Code    64  bsp_usart.o(i.USARTRegister)
    USARTServiceInit                         0x08005905   Thumb Code    36  bsp_usart.o(i.USARTServiceInit)
    USBD_ClrClassConfig                      0x08005929   Thumb Code    18  usbd_core.o(i.USBD_ClrClassConfig)
    USBD_CtlContinueRx                       0x08005961   Thumb Code    16  usbd_ioreq.o(i.USBD_CtlContinueRx)
    USBD_CtlContinueSendData                 0x08005971   Thumb Code    16  usbd_ioreq.o(i.USBD_CtlContinueSendData)
    USBD_CtlError                            0x08005981   Thumb Code    24  usbd_ctlreq.o(i.USBD_CtlError)
    USBD_CtlReceiveStatus                    0x08005999   Thumb Code    22  usbd_ioreq.o(i.USBD_CtlReceiveStatus)
    USBD_CtlSendData                         0x080059af   Thumb Code    26  usbd_ioreq.o(i.USBD_CtlSendData)
    USBD_CtlSendStatus                       0x080059c9   Thumb Code    22  usbd_ioreq.o(i.USBD_CtlSendStatus)
    USBD_Get_USB_Status                      0x08005c31   Thumb Code    24  usbd_conf.o(i.USBD_Get_USB_Status)
    USBD_LL_ClearStallEP                     0x08005c49   Thumb Code    18  usbd_conf.o(i.USBD_LL_ClearStallEP)
    USBD_LL_DataInStage                      0x08005c5b   Thumb Code   190  usbd_core.o(i.USBD_LL_DataInStage)
    USBD_LL_DataOutStage                     0x08005d19   Thumb Code   114  usbd_core.o(i.USBD_LL_DataOutStage)
    USBD_LL_DevConnected                     0x08005d8b   Thumb Code     4  usbd_core.o(i.USBD_LL_DevConnected)
    USBD_LL_DevDisconnected                  0x08005d8f   Thumb Code    26  usbd_core.o(i.USBD_LL_DevDisconnected)
    USBD_LL_IsStallEP                        0x08005da9   Thumb Code    32  usbd_conf.o(i.USBD_LL_IsStallEP)
    USBD_LL_IsoINIncomplete                  0x08005dc9   Thumb Code     4  usbd_core.o(i.USBD_LL_IsoINIncomplete)
    USBD_LL_IsoOUTIncomplete                 0x08005dcd   Thumb Code     4  usbd_core.o(i.USBD_LL_IsoOUTIncomplete)
    USBD_LL_OpenEP                           0x08005dd1   Thumb Code    24  usbd_conf.o(i.USBD_LL_OpenEP)
    USBD_LL_PrepareReceive                   0x08005de9   Thumb Code    18  usbd_conf.o(i.USBD_LL_PrepareReceive)
    USBD_LL_Reset                            0x08005dfb   Thumb Code    84  usbd_core.o(i.USBD_LL_Reset)
    USBD_LL_Resume                           0x08005e4f   Thumb Code    20  usbd_core.o(i.USBD_LL_Resume)
    USBD_LL_SOF                              0x08005e63   Thumb Code    24  usbd_core.o(i.USBD_LL_SOF)
    USBD_LL_SetSpeed                         0x08005e7b   Thumb Code     6  usbd_core.o(i.USBD_LL_SetSpeed)
    USBD_LL_SetUSBAddress                    0x08005e81   Thumb Code    18  usbd_conf.o(i.USBD_LL_SetUSBAddress)
    USBD_LL_SetupStage                       0x08005e93   Thumb Code   100  usbd_core.o(i.USBD_LL_SetupStage)
    USBD_LL_StallEP                          0x08005ef7   Thumb Code    18  usbd_conf.o(i.USBD_LL_StallEP)
    USBD_LL_Suspend                          0x08005f09   Thumb Code    18  usbd_core.o(i.USBD_LL_Suspend)
    USBD_LL_Transmit                         0x08005f1b   Thumb Code    18  usbd_conf.o(i.USBD_LL_Transmit)
    USBD_ParseSetupRequest                   0x08005f2d   Thumb Code    50  usbd_ctlreq.o(i.USBD_ParseSetupRequest)
    USBD_RunTestMode                         0x08005f5f   Thumb Code     4  usbd_core.o(i.USBD_RunTestMode)
    USBD_SetClassConfig                      0x08005fbb   Thumb Code    20  usbd_core.o(i.USBD_SetClassConfig)
    USBD_StdDevReq                           0x080060b9   Thumb Code   132  usbd_ctlreq.o(i.USBD_StdDevReq)
    USBD_StdEPReq                            0x0800613d   Thumb Code   486  usbd_ctlreq.o(i.USBD_StdEPReq)
    USBD_StdItfReq                           0x08006323   Thumb Code   110  usbd_ctlreq.o(i.USBD_StdItfReq)
    USB_ActivateEndpoint                     0x08006391   Thumb Code   122  stm32f4xx_ll_usb.o(i.USB_ActivateEndpoint)
    USB_ActivateSetup                        0x08006411   Thumb Code    28  stm32f4xx_ll_usb.o(i.USB_ActivateSetup)
    USB_EP0StartXfer                         0x0800642d   Thumb Code   276  stm32f4xx_ll_usb.o(i.USB_EP0StartXfer)
    USB_EP0_OutStart                         0x08006545   Thumb Code    84  stm32f4xx_ll_usb.o(i.USB_EP0_OutStart)
    USB_EPClearStall                         0x0800659d   Thumb Code    88  stm32f4xx_ll_usb.o(i.USB_EPClearStall)
    USB_EPSetStall                           0x080065f5   Thumb Code    88  stm32f4xx_ll_usb.o(i.USB_EPSetStall)
    USB_EPStartXfer                          0x0800664d   Thumb Code   482  stm32f4xx_ll_usb.o(i.USB_EPStartXfer)
    USB_FlushTxFifo                          0x08006835   Thumb Code    32  stm32f4xx_ll_usb.o(i.USB_FlushTxFifo)
    USB_GetDevSpeed                          0x08006859   Thumb Code    26  stm32f4xx_ll_usb.o(i.USB_GetDevSpeed)
    USB_GetMode                              0x08006873   Thumb Code     8  stm32f4xx_ll_usb.o(i.USB_GetMode)
    USB_ReadDevAllInEpInterrupt              0x0800687b   Thumb Code    14  stm32f4xx_ll_usb.o(i.USB_ReadDevAllInEpInterrupt)
    USB_ReadDevAllOutEpInterrupt             0x08006889   Thumb Code    14  stm32f4xx_ll_usb.o(i.USB_ReadDevAllOutEpInterrupt)
    USB_ReadDevInEPInterrupt                 0x08006897   Thumb Code    36  stm32f4xx_ll_usb.o(i.USB_ReadDevInEPInterrupt)
    USB_ReadDevOutEPInterrupt                0x080068bb   Thumb Code    16  stm32f4xx_ll_usb.o(i.USB_ReadDevOutEPInterrupt)
    USB_ReadInterrupts                       0x080068cb   Thumb Code     8  stm32f4xx_ll_usb.o(i.USB_ReadInterrupts)
    USB_ReadPacket                           0x080068d3   Thumb Code    28  stm32f4xx_ll_usb.o(i.USB_ReadPacket)
    USB_SetDevAddress                        0x080068ef   Thumb Code    34  stm32f4xx_ll_usb.o(i.USB_SetDevAddress)
    USB_SetTurnaroundTime                    0x08006911   Thumb Code   158  stm32f4xx_ll_usb.o(i.USB_SetTurnaroundTime)
    USB_WritePacket                          0x080069f9   Thumb Code    36  stm32f4xx_ll_usb.o(i.USB_WritePacket)
    UsageFault_Handler                       0x08006a1d   Thumb Code     2  stm32f4xx_it.o(i.UsageFault_Handler)
    VideoRead                                0x08006aed   Thumb Code    24  videotransmitter.o(i.VideoRead)
    __ARM_fpclassify                         0x08006b09   Thumb Code    48  fpclassify.o(i.__ARM_fpclassify)
    __ARM_fpclassifyf                        0x08006b39   Thumb Code    38  fpclassifyf.o(i.__ARM_fpclassifyf)
    __hardfp_asinf                           0x08006b81   Thumb Code   258  asinf.o(i.__hardfp_asinf)
    __hardfp_atan2f                          0x08006cad   Thumb Code   502  atan2f.o(i.__hardfp_atan2f)
    __hardfp_cos                             0x08006f01   Thumb Code   180  cos.o(i.__hardfp_cos)
    __hardfp_fabs                            0x08006fc9   Thumb Code    20  fabs.o(i.__hardfp_fabs)
    __hardfp_sin                             0x08006fe1   Thumb Code   180  sin.o(i.__hardfp_sin)
    __ieee754_rem_pio2                       0x080070a9   Thumb Code   938  rred.o(i.__ieee754_rem_pio2)
    __kernel_cos                             0x080074e1   Thumb Code   322  cos_i.o(i.__kernel_cos)
    __kernel_poly                            0x08007651   Thumb Code   248  poly.o(i.__kernel_poly)
    __kernel_sin                             0x08007749   Thumb Code   280  sin_i.o(i.__kernel_sin)
    __mathlib_dbl_infnan                     0x08007879   Thumb Code    20  dunder.o(i.__mathlib_dbl_infnan)
    __mathlib_dbl_invalid                    0x08007891   Thumb Code    24  dunder.o(i.__mathlib_dbl_invalid)
    __mathlib_dbl_underflow                  0x080078b1   Thumb Code    24  dunder.o(i.__mathlib_dbl_underflow)
    __mathlib_flt_infnan                     0x080078d1   Thumb Code     6  funder.o(i.__mathlib_flt_infnan)
    __mathlib_flt_infnan2                    0x080078d7   Thumb Code     6  funder.o(i.__mathlib_flt_infnan2)
    __mathlib_flt_invalid                    0x080078dd   Thumb Code    10  funder.o(i.__mathlib_flt_invalid)
    __mathlib_flt_underflow                  0x080078ed   Thumb Code    10  funder.o(i.__mathlib_flt_underflow)
    can_remote                               0x080078fd   Thumb Code    42  drv_can.o(i.can_remote)
    fabs                                     0x080080fd   Thumb Code    24  fabs.o(i.fabs)
    imu_pwm_set                              0x08008115   Thumb Code     6  bsp_imu_pwm.o(i.imu_pwm_set)
    imu_temp_control_task                    0x08008121   Thumb Code   614  imu_temp_control_task.o(i.imu_temp_control_task)
    imuekf                                   0x080083b5   Thumb Code  5190  imuekf.o(i.imuekf)
    main                                     0x080099a1   Thumb Code   160  main.o(i.main)
    osDelay                                  0x08009ac1   Thumb Code    14  cmsis_os.o(i.osDelay)
    osKernelStart                            0x08009acf   Thumb Code    10  cmsis_os.o(i.osKernelStart)
    osThreadCreate                           0x08009ad9   Thumb Code    84  cmsis_os.o(i.osThreadCreate)
    pcTaskGetName                            0x08009b2d   Thumb Code    28  tasks.o(i.pcTaskGetName)
    pid_calc                                 0x08009b4d   Thumb Code   168  pid.o(i.pid_calc)
    pid_init                                 0x08009bf5   Thumb Code    86  pid.o(i.pid_init)
    pvPortMalloc                             0x08009ff5   Thumb Code   210  heap_4.o(i.pvPortMalloc)
    pxPortInitialiseStack                    0x0800a0cd   Thumb Code    40  port.o(i.pxPortInitialiseStack)
    set_motor_current_chassis                0x0800a341   Thumb Code    86  drv_can.o(i.set_motor_current_chassis)
    sqrtf                                    0x0800a39d   Thumb Code    62  sqrtf.o(i.sqrtf)
    ulTaskNotifyTake                         0x0800a3dd   Thumb Code    96  tasks.o(i.ulTaskNotifyTake)
    uxListRemove                             0x0800a445   Thumb Code    38  list.o(i.uxListRemove)
    vApplicationGetIdleTaskMemory            0x0800a46d   Thumb Code    16  freertos.o(i.vApplicationGetIdleTaskMemory)
    vListInitialise                          0x0800a481   Thumb Code    22  list.o(i.vListInitialise)
    vListInitialiseItem                      0x0800a497   Thumb Code     6  list.o(i.vListInitialiseItem)
    vListInsert                              0x0800a49d   Thumb Code    48  list.o(i.vListInsert)
    vListInsertEnd                           0x0800a4cd   Thumb Code    24  list.o(i.vListInsertEnd)
    vPortEnterCritical                       0x0800a4e5   Thumb Code    54  port.o(i.vPortEnterCritical)
    vPortExitCritical                        0x0800a525   Thumb Code    34  port.o(i.vPortExitCritical)
    vPortFree                                0x0800a54d   Thumb Code    88  heap_4.o(i.vPortFree)
    vPortSetupTimerInterrupt                 0x0800a5a9   Thumb Code    32  port.o(i.vPortSetupTimerInterrupt)
    vTaskDelay                               0x0800a5cd   Thumb Code    66  tasks.o(i.vTaskDelay)
    vTaskStartScheduler                      0x0800a619   Thumb Code    90  tasks.o(i.vTaskStartScheduler)
    vTaskSuspendAll                          0x0800a685   Thumb Code    10  tasks.o(i.vTaskSuspendAll)
    vTaskSwitchContext                       0x0800a695   Thumb Code    82  tasks.o(i.vTaskSwitchContext)
    xPortStartScheduler                      0x0800a6f1   Thumb Code   222  port.o(i.xPortStartScheduler)
    xTaskCreate                              0x0800a7e5   Thumb Code    90  tasks.o(i.xTaskCreate)
    xTaskCreateStatic                        0x0800a83f   Thumb Code    86  tasks.o(i.xTaskCreateStatic)
    xTaskGetHandle                           0x0800a895   Thumb Code   124  tasks.o(i.xTaskGetHandle)
    xTaskIncrementTick                       0x0800a919   Thumb Code   192  tasks.o(i.xTaskIncrementTick)
    xTaskResumeAll                           0x0800a9e1   Thumb Code   182  tasks.o(i.xTaskResumeAll)
    __aeabi_dneg                             0x0800ab3d   Thumb Code     0  basic.o(x$fpl$basic)
    _dneg                                    0x0800ab3d   Thumb Code     6  basic.o(x$fpl$basic)
    __aeabi_fneg                             0x0800ab43   Thumb Code     0  basic.o(x$fpl$basic)
    _fneg                                    0x0800ab43   Thumb Code     6  basic.o(x$fpl$basic)
    _dabs                                    0x0800ab49   Thumb Code     6  basic.o(x$fpl$basic)
    _fabs                                    0x0800ab4f   Thumb Code     6  basic.o(x$fpl$basic)
    __aeabi_d2f                              0x0800ab55   Thumb Code     0  d2f.o(x$fpl$d2f)
    _d2f                                     0x0800ab55   Thumb Code    98  d2f.o(x$fpl$d2f)
    __aeabi_dadd                             0x0800abb9   Thumb Code     0  daddsub_clz.o(x$fpl$dadd)
    _dadd                                    0x0800abb9   Thumb Code   332  daddsub_clz.o(x$fpl$dadd)
    __fpl_dcmp_Inf                           0x0800ad09   Thumb Code    24  dcmpi.o(x$fpl$dcmpinf)
    __aeabi_ddiv                             0x0800ad21   Thumb Code     0  ddiv.o(x$fpl$ddiv)
    _ddiv                                    0x0800ad21   Thumb Code   552  ddiv.o(x$fpl$ddiv)
    __aeabi_cdcmpeq                          0x0800afd1   Thumb Code     0  deqf.o(x$fpl$deqf)
    _dcmpeq                                  0x0800afd1   Thumb Code   120  deqf.o(x$fpl$deqf)
    __aeabi_d2iz                             0x0800b049   Thumb Code     0  dfix.o(x$fpl$dfix)
    _dfix                                    0x0800b049   Thumb Code    94  dfix.o(x$fpl$dfix)
    __aeabi_i2d                              0x0800b0a7   Thumb Code     0  dflt_clz.o(x$fpl$dflt)
    _dflt                                    0x0800b0a7   Thumb Code    46  dflt_clz.o(x$fpl$dflt)
    __aeabi_l2d                              0x0800b0d5   Thumb Code     0  dfltll_clz.o(x$fpl$dfltll)
    _ll_sto_d                                0x0800b0d5   Thumb Code   162  dfltll_clz.o(x$fpl$dfltll)
    __aeabi_ui2d                             0x0800b177   Thumb Code     0  dflt_clz.o(x$fpl$dfltu)
    _dfltu                                   0x0800b177   Thumb Code    38  dflt_clz.o(x$fpl$dfltu)
    __aeabi_cdcmple                          0x0800b19d   Thumb Code     0  dleqf.o(x$fpl$dleqf)
    _dcmple                                  0x0800b19d   Thumb Code   120  dleqf.o(x$fpl$dleqf)
    __fpl_dcmple_InfNaN                      0x0800b1ff   Thumb Code     0  dleqf.o(x$fpl$dleqf)
    __aeabi_dmul                             0x0800b215   Thumb Code     0  dmul.o(x$fpl$dmul)
    _dmul                                    0x0800b215   Thumb Code   332  dmul.o(x$fpl$dmul)
    __fpl_dnaninf                            0x0800b369   Thumb Code   156  dnaninf.o(x$fpl$dnaninf)
    __fpl_dretinf                            0x0800b405   Thumb Code    12  dretinf.o(x$fpl$dretinf)
    __aeabi_cdrcmple                         0x0800b411   Thumb Code     0  drleqf.o(x$fpl$drleqf)
    _drcmple                                 0x0800b411   Thumb Code   108  drleqf.o(x$fpl$drleqf)
    __aeabi_drsub                            0x0800b47d   Thumb Code     0  daddsub_clz.o(x$fpl$drsb)
    _drsb                                    0x0800b47d   Thumb Code    22  daddsub_clz.o(x$fpl$drsb)
    __aeabi_dsub                             0x0800b495   Thumb Code     0  daddsub_clz.o(x$fpl$dsub)
    _dsub                                    0x0800b495   Thumb Code   464  daddsub_clz.o(x$fpl$dsub)
    __aeabi_f2d                              0x0800b669   Thumb Code     0  f2d.o(x$fpl$f2d)
    _f2d                                     0x0800b669   Thumb Code    86  f2d.o(x$fpl$f2d)
    __fpl_fnaninf                            0x0800b6bf   Thumb Code   140  fnaninf.o(x$fpl$fnaninf)
    _fp_init                                 0x0800b74b   Thumb Code    10  fpinit.o(x$fpl$fpinit)
    __fplib_config_fpu_vfp                   0x0800b753   Thumb Code     0  fpinit.o(x$fpl$fpinit)
    __fplib_config_pureend_doubles           0x0800b753   Thumb Code     0  fpinit.o(x$fpl$fpinit)
    __fpl_fretinf                            0x0800b755   Thumb Code    10  fretinf.o(x$fpl$fretinf)
    __I$use$fp                               0x0800b75e   Number         0  usenofp.o(x$fpl$usenofp)
    AHBPrescTable                            0x0800b808   Data          16  system_stm32f4xx_1.o(.constdata)
    APBPrescTable                            0x0800b818   Data           8  system_stm32f4xx_1.o(.constdata)
    imu_temp_PID                             0x0800b9c4   Data          12  imu_temp_control_task.o(.constdata)
    Region$$Table$$Base                      0x0800bb50   Number         0  anon$$obj.o(Region$$Table)
    Region$$Table$$Limit                     0x0800bb70   Number         0  anon$$obj.o(Region$$Table)
    TEMP_IMUHandle                           0x20000004   Data           4  freertos.o(.data)
    ChassistaskHandle                        0x20000008   Data           4  freertos.o(.data)
    ExchangetaskHandle                       0x2000000c   Data           4  freertos.o(.data)
    GimbaltaskHandle                         0x20000010   Data           4  freertos.o(.data)
    UitaskHandle                             0x20000014   Data           4  freertos.o(.data)
    DaemontaskHandle                         0x20000018   Data           4  freertos.o(.data)
    SystemCoreClock                          0x2000001c   Data           4  system_stm32f4xx_1.o(.data)
    uwTickFreq                               0x20000020   Data           1  stm32f4xx_hal.o(.data)
    uwTickPrio                               0x20000024   Data           4  stm32f4xx_hal.o(.data)
    uwTick                                   0x20000028   Data           4  stm32f4xx_hal.o(.data)
    pxCurrentTCB                             0x2000002c   Data           4  tasks.o(.data)
    SysTime                                  0x200000c0   Data           8  bsp_dwt.o(.data)
    CYCCNT64                                 0x200000c8   Data           8  bsp_dwt.o(.data)
    friction_mode                            0x200000d4   Data           1  drv_can.o(.data)
    can_cnt_1                                0x200000d6   Data           2  drv_can.o(.data)
    UP_Pitch                                 0x200000d8   Data           2  drv_can.o(.data)
    UP_Yaw                                   0x200000da   Data           2  drv_can.o(.data)
    gimbal_Yaw                               0x200000dc   Data           4  drv_can.o(.data)
    gimbal_Pitch                             0x200000e0   Data           4  drv_can.o(.data)
    BMI088_ACCEL_SEN                         0x200000e4   Data           4  bmi088driver.o(.data)
    BMI088_GYRO_SEN                          0x200000e8   Data           4  bmi088driver.o(.data)
    imu_start_flag                           0x20000110   Data           1  imu_temp_control_task.o(.data)
    INS_DWT_Count                            0x20000114   Data           4  imu_temp_control_task.o(.data)
    apple                                    0x20000118   Data           4  imu_temp_control_task.o(.data)
    INS_task_local_handler                   0x20000120   Data           4  imu_temp_control_task.o(.data)
    temp                                     0x20000124   Data           4  imu_temp_control_task.o(.data)
    a                                        0x20000128   Data           8  imu_temp_control_task.o(.data)
    b                                        0x20000130   Data           8  imu_temp_control_task.o(.data)
    dt1                                      0x20000138   Data           8  imu_temp_control_task.o(.data)
    INSAccelLPF                              0x20000140   Data           8  imu_temp_control_task.o(.data)
    c                                        0x20000148   Data           8  imu_temp_control_task.o(.data)
    p                                        0x20000150   Data         288  imu_temp_control_task.o(.data)
    qt                                       0x20000270   Data          48  imu_temp_control_task.o(.data)
    vision_yaw                               0x200002a4   Data           4  minipc_process.o(.data)
    vision_pitch                             0x200002a8   Data           4  minipc_process.o(.data)
    vision_is_tracking                       0x200002ac   Data           4  minipc_process.o(.data)
    supercap_flag                            0x200002d1   Data           1  chassis_task.o(.data)
    chassis_mode                             0x200002d2   Data           1  chassis_task.o(.data)
    chassis_speed_max                        0x200002d4   Data           2  chassis_task.o(.data)
    chassis_wz_max                           0x200002d6   Data           2  chassis_task.o(.data)
    Watch_Buffer                             0x200002e4   Data           2  chassis_task.o(.data)
    yaw_correction_flag                      0x200002e8   Data           4  chassis_task.o(.data)
    Klimit                                   0x200002ec   Data           4  chassis_task.o(.data)
    Plimit                                   0x200002f0   Data           4  chassis_task.o(.data)
    Watch_Power_Max                          0x200002f4   Data           4  chassis_task.o(.data)
    Watch_Power                              0x200002f8   Data           4  chassis_task.o(.data)
    Chassis_pidout_max                       0x200002fc   Data           4  chassis_task.o(.data)
    Chassis_pidout                           0x20000320   Data           8  chassis_task.o(.data)
    hcan1                                    0x2000032c   Data          40  can.o(.bss)
    hcan2                                    0x20000354   Data          40  can.o(.bss)
    hspi2                                    0x200005d0   Data          88  spi.o(.bss)
    hdma_spi2_rx                             0x20000628   Data          96  spi.o(.bss)
    hdma_spi2_tx                             0x20000688   Data          96  spi.o(.bss)
    htim1                                    0x200006e8   Data          64  tim.o(.bss)
    htim3                                    0x20000728   Data          64  tim.o(.bss)
    htim8                                    0x20000768   Data          64  tim.o(.bss)
    htim9                                    0x200007a8   Data          64  tim.o(.bss)
    htim2                                    0x200007e8   Data          64  tim.o(.bss)
    huart5                                   0x20000828   Data          68  usart.o(.bss)
    huart1                                   0x2000086c   Data          68  usart.o(.bss)
    huart3                                   0x200008b0   Data          68  usart.o(.bss)
    huart6                                   0x200008f4   Data          68  usart.o(.bss)
    hdma_uart5_rx                            0x20000938   Data          96  usart.o(.bss)
    hdma_uart5_tx                            0x20000998   Data          96  usart.o(.bss)
    hdma_usart1_rx                           0x200009f8   Data          96  usart.o(.bss)
    hdma_usart1_tx                           0x20000a58   Data          96  usart.o(.bss)
    hdma_usart3_rx                           0x20000ab8   Data          96  usart.o(.bss)
    hdma_usart6_rx                           0x20000b18   Data          96  usart.o(.bss)
    hdma_usart6_tx                           0x20000b78   Data          96  usart.o(.bss)
    hpcd_USB_OTG_FS                          0x20000df8   Data        1032  usbd_conf.o(.bss)
    powerdata                                0x20004f1c   Data          16  drv_can.o(.bss)
    judge_dma_buffer                         0x20004f2c   Data         400  drv_usart.o(.bss)
    insb                                     0x200050c0   Data          24  imu_temp_control_task.o(.bss)
    gyro                                     0x200050d8   Data          12  imu_temp_control_task.o(.bss)
    accel                                    0x200050e4   Data          12  imu_temp_control_task.o(.bss)
    imu_temp_pid                             0x200050f0   Data          72  imu_temp_control_task.o(.bss)
    INSMotionAccel_b                         0x20005138   Data          12  imu_temp_control_task.o(.bss)
    INSMotionAccel_n                         0x20005144   Data          12  imu_temp_control_task.o(.bss)
    referee_infantry                         0x200051d0   Data           9  rm_referee.o(.bss)
    rc_ctrl                                  0x200051da   Data         148  remote_control.o(.bss)
    video_ctrl                               0x2000526e   Data         146  videotransmitter.o(.bss)
    chassis                                  0x20005300   Data         520  chassis_task.o(.bss)
    __libspace_start                         0x20005530   Data          96  libspace.o(.bss)
    __temporary_stack_top$libspace           0x20005590   Data           0  libspace.o(.bss)



==============================================================================

Memory Map of the image

  Image Entry point : 0x080001c5

  Load Region LR_IROM1 (Base: 0x08000000, Size: 0x0000be9c, Max: 0x00040000, ABSOLUTE, COMPRESSED[0x0000bbf0])

    Execution Region ER_IROM1 (Exec base: 0x08000000, Load base: 0x08000000, Size: 0x0000bb70, Max: 0x00040000, ABSOLUTE)

    Exec Addr    Load Addr    Size         Type   Attr      Idx    E Section Name        Object

    0x08000000   0x08000000   0x000001c4   Data   RO            3    RESET               startup_stm32f446xx.o
    0x080001c4   0x080001c4   0x00000008   Code   RO         8548  * !!!main             c_w.l(__main.o)
    0x080001cc   0x080001cc   0x00000034   Code   RO         9098    !!!scatter          c_w.l(__scatter.o)
    0x08000200   0x08000200   0x0000005a   Code   RO         9096    !!dczerorl2         c_w.l(__dczerorl2.o)
    0x0800025a   0x0800025a   0x00000002   PAD
    0x0800025c   0x0800025c   0x0000001c   Code   RO         9100    !!handler_zi        c_w.l(__scatter_zi.o)
    0x08000278   0x08000278   0x00000002   Code   RO         9028    .ARM.Collect$$libinit$$00000000  c_w.l(libinit.o)
    0x0800027a   0x0800027a   0x00000004   Code   RO         8773    .ARM.Collect$$libinit$$00000001  c_w.l(libinit2.o)
    0x0800027e   0x0800027e   0x00000000   Code   RO         8776    .ARM.Collect$$libinit$$00000004  c_w.l(libinit2.o)
    0x0800027e   0x0800027e   0x00000008   Code   RO         8777    .ARM.Collect$$libinit$$00000005  c_w.l(libinit2.o)
    0x08000286   0x08000286   0x00000000   Code   RO         8779    .ARM.Collect$$libinit$$0000000A  c_w.l(libinit2.o)
    0x08000286   0x08000286   0x00000000   Code   RO         8781    .ARM.Collect$$libinit$$0000000C  c_w.l(libinit2.o)
    0x08000286   0x08000286   0x00000000   Code   RO         8783    .ARM.Collect$$libinit$$0000000E  c_w.l(libinit2.o)
    0x08000286   0x08000286   0x00000000   Code   RO         8786    .ARM.Collect$$libinit$$00000011  c_w.l(libinit2.o)
    0x08000286   0x08000286   0x00000000   Code   RO         8788    .ARM.Collect$$libinit$$00000013  c_w.l(libinit2.o)
    0x08000286   0x08000286   0x00000000   Code   RO         8790    .ARM.Collect$$libinit$$00000015  c_w.l(libinit2.o)
    0x08000286   0x08000286   0x00000000   Code   RO         8792    .ARM.Collect$$libinit$$00000017  c_w.l(libinit2.o)
    0x08000286   0x08000286   0x00000000   Code   RO         8794    .ARM.Collect$$libinit$$00000019  c_w.l(libinit2.o)
    0x08000286   0x08000286   0x00000000   Code   RO         8796    .ARM.Collect$$libinit$$0000001B  c_w.l(libinit2.o)
    0x08000286   0x08000286   0x00000000   Code   RO         8798    .ARM.Collect$$libinit$$0000001D  c_w.l(libinit2.o)
    0x08000286   0x08000286   0x00000000   Code   RO         8800    .ARM.Collect$$libinit$$0000001F  c_w.l(libinit2.o)
    0x08000286   0x08000286   0x00000000   Code   RO         8802    .ARM.Collect$$libinit$$00000021  c_w.l(libinit2.o)
    0x08000286   0x08000286   0x00000000   Code   RO         8804    .ARM.Collect$$libinit$$00000023  c_w.l(libinit2.o)
    0x08000286   0x08000286   0x00000000   Code   RO         8806    .ARM.Collect$$libinit$$00000025  c_w.l(libinit2.o)
    0x08000286   0x08000286   0x00000000   Code   RO         8810    .ARM.Collect$$libinit$$0000002C  c_w.l(libinit2.o)
    0x08000286   0x08000286   0x00000000   Code   RO         8812    .ARM.Collect$$libinit$$0000002E  c_w.l(libinit2.o)
    0x08000286   0x08000286   0x00000000   Code   RO         8814    .ARM.Collect$$libinit$$00000030  c_w.l(libinit2.o)
    0x08000286   0x08000286   0x00000000   Code   RO         8816    .ARM.Collect$$libinit$$00000032  c_w.l(libinit2.o)
    0x08000286   0x08000286   0x00000002   Code   RO         8817    .ARM.Collect$$libinit$$00000033  c_w.l(libinit2.o)
    0x08000288   0x08000288   0x00000002   Code   RO         9093    .ARM.Collect$$libshutdown$$00000000  c_w.l(libshutdown.o)
    0x0800028a   0x0800028a   0x00000000   Code   RO         9051    .ARM.Collect$$libshutdown$$00000002  c_w.l(libshutdown2.o)
    0x0800028a   0x0800028a   0x00000000   Code   RO         9053    .ARM.Collect$$libshutdown$$00000004  c_w.l(libshutdown2.o)
    0x0800028a   0x0800028a   0x00000000   Code   RO         9056    .ARM.Collect$$libshutdown$$00000007  c_w.l(libshutdown2.o)
    0x0800028a   0x0800028a   0x00000000   Code   RO         9059    .ARM.Collect$$libshutdown$$0000000A  c_w.l(libshutdown2.o)
    0x0800028a   0x0800028a   0x00000000   Code   RO         9061    .ARM.Collect$$libshutdown$$0000000C  c_w.l(libshutdown2.o)
    0x0800028a   0x0800028a   0x00000000   Code   RO         9064    .ARM.Collect$$libshutdown$$0000000F  c_w.l(libshutdown2.o)
    0x0800028a   0x0800028a   0x00000002   Code   RO         9065    .ARM.Collect$$libshutdown$$00000010  c_w.l(libshutdown2.o)
    0x0800028c   0x0800028c   0x00000000   Code   RO         8642    .ARM.Collect$$rtentry$$00000000  c_w.l(__rtentry.o)
    0x0800028c   0x0800028c   0x00000000   Code   RO         8901    .ARM.Collect$$rtentry$$00000002  c_w.l(__rtentry2.o)
    0x0800028c   0x0800028c   0x00000006   Code   RO         8913    .ARM.Collect$$rtentry$$00000004  c_w.l(__rtentry4.o)
    0x08000292   0x08000292   0x00000000   Code   RO         8903    .ARM.Collect$$rtentry$$00000009  c_w.l(__rtentry2.o)
    0x08000292   0x08000292   0x00000004   Code   RO         8904    .ARM.Collect$$rtentry$$0000000A  c_w.l(__rtentry2.o)
    0x08000296   0x08000296   0x00000000   Code   RO         8906    .ARM.Collect$$rtentry$$0000000C  c_w.l(__rtentry2.o)
    0x08000296   0x08000296   0x00000008   Code   RO         8907    .ARM.Collect$$rtentry$$0000000D  c_w.l(__rtentry2.o)
    0x0800029e   0x0800029e   0x00000002   Code   RO         9033    .ARM.Collect$$rtexit$$00000000  c_w.l(rtexit.o)
    0x080002a0   0x080002a0   0x00000000   Code   RO         9069    .ARM.Collect$$rtexit$$00000002  c_w.l(rtexit2.o)
    0x080002a0   0x080002a0   0x00000004   Code   RO         9070    .ARM.Collect$$rtexit$$00000003  c_w.l(rtexit2.o)
    0x080002a4   0x080002a4   0x00000006   Code   RO         9071    .ARM.Collect$$rtexit$$00000004  c_w.l(rtexit2.o)
    0x080002aa   0x080002aa   0x00000002   PAD
    0x080002ac   0x080002ac   0x000000be   Code   RO         6144    .emb_text           port.o
    0x0800036a   0x0800036a   0x00000002   PAD
    0x0800036c   0x0800036c   0x00000000   Code   RO         8924    .emb_text           c_w.l(maybetermalloc1.o)
    0x0800036c   0x0800036c   0x00000040   Code   RO            4    .text               startup_stm32f446xx.o
    0x080003ac   0x080003ac   0x0000005e   Code   RO         8476    .text               c_w.l(h1_alloc.o)
    0x0800040a   0x0800040a   0x000000ee   Code   RO         8530    .text               c_w.l(lludivv7m.o)
    0x080004f8   0x080004f8   0x0000003e   Code   RO         8534    .text               c_w.l(strlen.o)
    0x08000536   0x08000536   0x0000008a   Code   RO         8536    .text               c_w.l(rt_memcpy_v6.o)
    0x080005c0   0x080005c0   0x00000064   Code   RO         8538    .text               c_w.l(rt_memcpy_w.o)
    0x08000624   0x08000624   0x00000044   Code   RO         8542    .text               c_w.l(rt_memclr.o)
    0x08000668   0x08000668   0x0000004e   Code   RO         8544    .text               c_w.l(rt_memclr_w.o)
    0x080006b6   0x080006b6   0x00000006   Code   RO         8546    .text               c_w.l(heapauxi.o)
    0x080006bc   0x080006bc   0x00000008   Code   RO         8650    .text               c_w.l(rt_heap_descriptor_intlibspace.o)
    0x080006c4   0x080006c4   0x00000004   Code   RO         8652    .text               c_w.l(hguard.o)
    0x080006c8   0x080006c8   0x0000008a   Code   RO         8654    .text               c_w.l(init_alloc.o)
    0x08000752   0x08000752   0x0000000e   Code   RO         8660    .text               c_w.l(h1_init.o)
    0x08000760   0x08000760   0x0000004e   Code   RO         8662    .text               c_w.l(h1_free.o)
    0x080007ae   0x080007ae   0x00000016   Code   RO         8678    .text               c_w.l(_rserrno.o)
    0x080007c4   0x080007c4   0x00000008   Code   RO         8897    .text               c_w.l(libspace.o)
    0x080007cc   0x080007cc   0x00000008   Code   RO         8920    .text               c_w.l(rt_errno_addr_intlibspace.o)
    0x080007d4   0x080007d4   0x00000034   Code   RO         8926    .text               c_w.l(h1_extend.o)
    0x08000808   0x08000808   0x0000000e   Code   RO         8948    .text               c_w.l(defsig_rtmem_outer.o)
    0x08000816   0x08000816   0x00000002   Code   RO         8963    .text               c_w.l(use_no_semi.o)
    0x08000818   0x08000818   0x00000000   Code   RO         8965    .text               c_w.l(indicate_semi.o)
    0x08000818   0x08000818   0x0000004a   Code   RO         8966    .text               c_w.l(sys_stackheap_outer.o)
    0x08000862   0x08000862   0x00000012   Code   RO         9009    .text               c_w.l(exit.o)
    0x08000874   0x08000874   0x0000000a   Code   RO         9011    .text               c_w.l(defsig_exit.o)
    0x0800087e   0x0800087e   0x00000002   PAD
    0x08000880   0x08000880   0x00000050   Code   RO         9017    .text               c_w.l(defsig_rtmem_inner.o)
    0x080008d0   0x080008d0   0x0000000c   Code   RO         9031    .text               c_w.l(sys_exit.o)
    0x080008dc   0x080008dc   0x00000032   Code   RO         9044    .text               c_w.l(defsig_general.o)
    0x0800090e   0x0800090e   0x0000000e   Code   RO         9066    .text               c_w.l(sys_wrch.o)
    0x0800091c   0x0800091c   0x00000010   Code   RO         7422    i.BMI088_ACCEL_NS_H  bmi088middleware.o
    0x0800092c   0x0800092c   0x00000010   Code   RO         7423    i.BMI088_ACCEL_NS_L  bmi088middleware.o
    0x0800093c   0x0800093c   0x00000010   Code   RO         7425    i.BMI088_GYRO_NS_H  bmi088middleware.o
    0x0800094c   0x0800094c   0x00000010   Code   RO         7426    i.BMI088_GYRO_NS_L  bmi088middleware.o
    0x0800095c   0x0800095c   0x00000158   Code   RO         7354    i.BMI088_read       bmi088driver.o
    0x08000ab4   0x08000ab4   0x00000024   Code   RO         7355    i.BMI088_read_muli_reg  bmi088driver.o
    0x08000ad8   0x08000ad8   0x00000020   Code   RO         7430    i.BMI088_read_write_byte  bmi088middleware.o
    0x08000af8   0x08000af8   0x000002d8   Code   RO         7621    i.BodyFrameToEarthFrame  imu_temp_control_task.o
    0x08000dd0   0x08000dd0   0x00000002   Code   RO          513    i.BusFault_Handler  stm32f4xx_it.o
    0x08000dd2   0x08000dd2   0x00000002   PAD
    0x08000dd4   0x08000dd4   0x0000003c   Code   RO         6763    i.CAN1_Init         drv_can.o
    0x08000e10   0x08000e10   0x0000000c   Code   RO          514    i.CAN1_RX0_IRQHandler  stm32f4xx_it.o
    0x08000e1c   0x08000e1c   0x0000003c   Code   RO         6764    i.CAN2_Init         drv_can.o
    0x08000e58   0x08000e58   0x0000000c   Code   RO          515    i.CAN2_RX0_IRQHandler  stm32f4xx_it.o
    0x08000e64   0x08000e64   0x0000000c   Code   RO          516    i.CAN2_RX1_IRQHandler  stm32f4xx_it.o
    0x08000e70   0x08000e70   0x00000310   Code   RO         8209    i.Chassis_Power_Limit  chassis_task.o
    0x08001180   0x08001180   0x00000084   Code   RO         8210    i.Chassis_task      chassis_task.o
    0x08001204   0x08001204   0x0000000c   Code   RO          517    i.DMA1_Stream0_IRQHandler  stm32f4xx_it.o
    0x08001210   0x08001210   0x0000000c   Code   RO          518    i.DMA1_Stream1_IRQHandler  stm32f4xx_it.o
    0x0800121c   0x0800121c   0x0000000c   Code   RO          519    i.DMA1_Stream3_IRQHandler  stm32f4xx_it.o
    0x08001228   0x08001228   0x0000000c   Code   RO          520    i.DMA1_Stream4_IRQHandler  stm32f4xx_it.o
    0x08001234   0x08001234   0x0000000c   Code   RO          521    i.DMA1_Stream7_IRQHandler  stm32f4xx_it.o
    0x08001240   0x08001240   0x0000000c   Code   RO          522    i.DMA2_Stream1_IRQHandler  stm32f4xx_it.o
    0x0800124c   0x0800124c   0x0000000c   Code   RO          523    i.DMA2_Stream6_IRQHandler  stm32f4xx_it.o
    0x08001258   0x08001258   0x00000244   Code   RO         6949    i.DMAEx_MultiBufferStart_NoIT  drv_usart.o
    0x0800149c   0x0800149c   0x00000028   Code   RO         2402    i.DMA_CalcBaseAndBitshift  stm32f4xx_hal_dma.o
    0x080014c4   0x080014c4   0x00000054   Code   RO         2403    i.DMA_CheckFifoParam  stm32f4xx_hal_dma.o
    0x08001518   0x08001518   0x00000028   Code   RO         2404    i.DMA_SetConfig     stm32f4xx_hal_dma.o
    0x08001540   0x08001540   0x00000028   Code   RO         6626    i.DWT_CNT_Update    bsp_dwt.o
    0x08001568   0x08001568   0x00000044   Code   RO         6628    i.DWT_GetDeltaT     bsp_dwt.o
    0x080015ac   0x080015ac   0x00000048   Code   RO         6633    i.DWT_Init          bsp_dwt.o
    0x080015f4   0x080015f4   0x00000048   Code   RO         7686    i.DaemonRegister    daemon.o
    0x0800163c   0x0800163c   0x00000006   Code   RO         7687    i.DaemonReload      daemon.o
    0x08001642   0x08001642   0x00000002   Code   RO          524    i.DebugMon_Handler  stm32f4xx_it.o
    0x08001644   0x08001644   0x000002d8   Code   RO         7622    i.EarthFrameToBodyFrame  imu_temp_control_task.o
    0x0800191c   0x0800191c   0x00000004   Code   RO          347    i.Error_Handler     main.o
    0x08001920   0x08001920   0x0000001c   Code   RO         8429    i.Exchange_task     exchange.o
    0x0800193c   0x0800193c   0x00000008   Code   RO          203    i.Gimbal_task       freertos.o
    0x08001944   0x08001944   0x00000024   Code   RO         3094    i.HAL_CAN_ActivateNotification  stm32f4xx_hal_can.o
    0x08001968   0x08001968   0x000000c8   Code   RO         3095    i.HAL_CAN_AddTxMessage  stm32f4xx_hal_can.o
    0x08001a30   0x08001a30   0x0000010c   Code   RO         3096    i.HAL_CAN_ConfigFilter  stm32f4xx_hal_can.o
    0x08001b3c   0x08001b3c   0x00000002   Code   RO         3099    i.HAL_CAN_ErrorCallback  stm32f4xx_hal_can.o
    0x08001b3e   0x08001b3e   0x000000e8   Code   RO         3102    i.HAL_CAN_GetRxMessage  stm32f4xx_hal_can.o
    0x08001c26   0x08001c26   0x0000002c   Code   RO         3104    i.HAL_CAN_GetTxMailboxesFreeLevel  stm32f4xx_hal_can.o
    0x08001c52   0x08001c52   0x000001fc   Code   RO         3106    i.HAL_CAN_IRQHandler  stm32f4xx_hal_can.o
    0x08001e4e   0x08001e4e   0x0000011a   Code   RO         3107    i.HAL_CAN_Init      stm32f4xx_hal_can.o
    0x08001f68   0x08001f68   0x00000114   Code   RO           14    i.HAL_CAN_MspInit   can.o
    0x0800207c   0x0800207c   0x00000002   Code   RO         3114    i.HAL_CAN_RxFifo0FullCallback  stm32f4xx_hal_can.o
    0x0800207e   0x0800207e   0x00000002   PAD
    0x08002080   0x08002080   0x000001e0   Code   RO         6765    i.HAL_CAN_RxFifo0MsgPendingCallback  drv_can.o
    0x08002260   0x08002260   0x00000002   Code   RO         3116    i.HAL_CAN_RxFifo1FullCallback  stm32f4xx_hal_can.o
    0x08002262   0x08002262   0x00000002   Code   RO         3117    i.HAL_CAN_RxFifo1MsgPendingCallback  stm32f4xx_hal_can.o
    0x08002264   0x08002264   0x00000002   Code   RO         3118    i.HAL_CAN_SleepCallback  stm32f4xx_hal_can.o
    0x08002266   0x08002266   0x00000002   PAD
    0x08002268   0x08002268   0x00000058   Code   RO         3119    i.HAL_CAN_Start     stm32f4xx_hal_can.o
    0x080022c0   0x080022c0   0x00000002   Code   RO         3121    i.HAL_CAN_TxMailbox0AbortCallback  stm32f4xx_hal_can.o
    0x080022c2   0x080022c2   0x00000002   Code   RO         3122    i.HAL_CAN_TxMailbox0CompleteCallback  stm32f4xx_hal_can.o
    0x080022c4   0x080022c4   0x00000002   Code   RO         3123    i.HAL_CAN_TxMailbox1AbortCallback  stm32f4xx_hal_can.o
    0x080022c6   0x080022c6   0x00000002   Code   RO         3124    i.HAL_CAN_TxMailbox1CompleteCallback  stm32f4xx_hal_can.o
    0x080022c8   0x080022c8   0x00000002   Code   RO         3125    i.HAL_CAN_TxMailbox2AbortCallback  stm32f4xx_hal_can.o
    0x080022ca   0x080022ca   0x00000002   Code   RO         3126    i.HAL_CAN_TxMailbox2CompleteCallback  stm32f4xx_hal_can.o
    0x080022cc   0x080022cc   0x00000002   Code   RO         3128    i.HAL_CAN_WakeUpFromRxMsgCallback  stm32f4xx_hal_can.o
    0x080022ce   0x080022ce   0x0000008e   Code   RO         2405    i.HAL_DMA_Abort     stm32f4xx_hal_dma.o
    0x0800235c   0x0800235c   0x00000024   Code   RO         2406    i.HAL_DMA_Abort_IT  stm32f4xx_hal_dma.o
    0x08002380   0x08002380   0x000001a0   Code   RO         2410    i.HAL_DMA_IRQHandler  stm32f4xx_hal_dma.o
    0x08002520   0x08002520   0x000000d4   Code   RO         2411    i.HAL_DMA_Init      stm32f4xx_hal_dma.o
    0x080025f4   0x080025f4   0x0000006e   Code   RO         2415    i.HAL_DMA_Start_IT  stm32f4xx_hal_dma.o
    0x08002662   0x08002662   0x00000002   PAD
    0x08002664   0x08002664   0x000001a8   Code   RO         2298    i.HAL_GPIO_Init     stm32f4xx_hal_gpio.o
    0x0800280c   0x0800280c   0x0000000a   Code   RO         2302    i.HAL_GPIO_WritePin  stm32f4xx_hal_gpio.o
    0x08002816   0x08002816   0x00000002   PAD
    0x08002818   0x08002818   0x0000000c   Code   RO         2848    i.HAL_GetTick       stm32f4xx_hal.o
    0x08002824   0x08002824   0x00000010   Code   RO         2854    i.HAL_IncTick       stm32f4xx_hal.o
    0x08002834   0x08002834   0x00000034   Code   RO         2855    i.HAL_Init          stm32f4xx_hal.o
    0x08002868   0x08002868   0x00000040   Code   RO         2856    i.HAL_InitTick      stm32f4xx_hal.o
    0x080028a8   0x080028a8   0x00000038   Code   RO          489    i.HAL_MspInit       stm32f4xx_hal_msp.o
    0x080028e0   0x080028e0   0x0000001a   Code   RO         2705    i.HAL_NVIC_EnableIRQ  stm32f4xx_hal_cortex.o
    0x080028fa   0x080028fa   0x00000002   PAD
    0x080028fc   0x080028fc   0x00000040   Code   RO         2711    i.HAL_NVIC_SetPriority  stm32f4xx_hal_cortex.o
    0x0800293c   0x0800293c   0x00000024   Code   RO         2712    i.HAL_NVIC_SetPriorityGrouping  stm32f4xx_hal_cortex.o
    0x08002960   0x08002960   0x00000060   Code   RO          949    i.HAL_PCDEx_LPM_Callback  usbd_conf.o
    0x080029c0   0x080029c0   0x00000008   Code   RO          950    i.HAL_PCD_ConnectCallback  usbd_conf.o
    0x080029c8   0x080029c8   0x00000012   Code   RO          951    i.HAL_PCD_DataInStageCallback  usbd_conf.o
    0x080029da   0x080029da   0x00000014   Code   RO          952    i.HAL_PCD_DataOutStageCallback  usbd_conf.o
    0x080029ee   0x080029ee   0x00000008   Code   RO          953    i.HAL_PCD_DisconnectCallback  usbd_conf.o
    0x080029f6   0x080029f6   0x0000005c   Code   RO         1289    i.HAL_PCD_EP_ClrStall  stm32f4xx_hal_pcd.o
    0x08002a52   0x08002a52   0x00000060   Code   RO         1292    i.HAL_PCD_EP_Open   stm32f4xx_hal_pcd.o
    0x08002ab2   0x08002ab2   0x00000048   Code   RO         1293    i.HAL_PCD_EP_Receive  stm32f4xx_hal_pcd.o
    0x08002afa   0x08002afa   0x00000074   Code   RO         1294    i.HAL_PCD_EP_SetStall  stm32f4xx_hal_pcd.o
    0x08002b6e   0x08002b6e   0x00000040   Code   RO         1295    i.HAL_PCD_EP_Transmit  stm32f4xx_hal_pcd.o
    0x08002bae   0x08002bae   0x00000002   PAD
    0x08002bb0   0x08002bb0   0x00000470   Code   RO         1297    i.HAL_PCD_IRQHandler  stm32f4xx_hal_pcd.o
    0x08003020   0x08003020   0x00000008   Code   RO          954    i.HAL_PCD_ISOINIncompleteCallback  usbd_conf.o
    0x08003028   0x08003028   0x00000008   Code   RO          955    i.HAL_PCD_ISOOUTIncompleteCallback  usbd_conf.o
    0x08003030   0x08003030   0x0000002c   Code   RO          958    i.HAL_PCD_ResetCallback  usbd_conf.o
    0x0800305c   0x0800305c   0x00000008   Code   RO          959    i.HAL_PCD_ResumeCallback  usbd_conf.o
    0x08003064   0x08003064   0x00000008   Code   RO          960    i.HAL_PCD_SOFCallback  usbd_conf.o
    0x0800306c   0x0800306c   0x00000028   Code   RO         1306    i.HAL_PCD_SetAddress  stm32f4xx_hal_pcd.o
    0x08003094   0x08003094   0x0000000e   Code   RO          961    i.HAL_PCD_SetupStageCallback  usbd_conf.o
    0x080030a2   0x080030a2   0x00000002   PAD
    0x080030a4   0x080030a4   0x00000030   Code   RO          962    i.HAL_PCD_SuspendCallback  usbd_conf.o
    0x080030d4   0x080030d4   0x00000134   Code   RO         1860    i.HAL_RCC_ClockConfig  stm32f4xx_hal_rcc.o
    0x08003208   0x08003208   0x0000000c   Code   RO         1865    i.HAL_RCC_GetHCLKFreq  stm32f4xx_hal_rcc.o
    0x08003214   0x08003214   0x00000020   Code   RO         1867    i.HAL_RCC_GetPCLK1Freq  stm32f4xx_hal_rcc.o
    0x08003234   0x08003234   0x00000020   Code   RO         1868    i.HAL_RCC_GetPCLK2Freq  stm32f4xx_hal_rcc.o
    0x08003254   0x08003254   0x00000098   Code   RO         1971    i.HAL_RCC_GetSysClockFreq  stm32f4xx_hal_rcc_ex.o
    0x080032ec   0x080032ec   0x00000344   Code   RO         1972    i.HAL_RCC_OscConfig  stm32f4xx_hal_rcc_ex.o
    0x08003630   0x08003630   0x00000080   Code   RO         3338    i.HAL_SPI_Init      stm32f4xx_hal_spi.o
    0x080036b0   0x080036b0   0x000000d0   Code   RO          448    i.HAL_SPI_MspInit   spi.o
    0x08003780   0x08003780   0x000001e2   Code   RO         3347    i.HAL_SPI_TransmitReceive  stm32f4xx_hal_spi.o
    0x08003962   0x08003962   0x00000028   Code   RO         2716    i.HAL_SYSTICK_Config  stm32f4xx_hal_cortex.o
    0x0800398a   0x0800398a   0x00000002   Code   RO         4326    i.HAL_TIMEx_BreakCallback  stm32f4xx_hal_tim_ex.o
    0x0800398c   0x0800398c   0x00000002   Code   RO         4327    i.HAL_TIMEx_CommutCallback  stm32f4xx_hal_tim_ex.o
    0x0800398e   0x0800398e   0x00000002   PAD
    0x08003990   0x08003990   0x00000090   Code   RO         4344    i.HAL_TIMEx_MasterConfigSynchronization  stm32f4xx_hal_tim_ex.o
    0x08003a20   0x08003a20   0x00000036   Code   RO         3651    i.HAL_TIM_Base_Init  stm32f4xx_hal_tim.o
    0x08003a56   0x08003a56   0x00000002   PAD
    0x08003a58   0x08003a58   0x000000ac   Code   RO          686    i.HAL_TIM_Base_MspInit  tim.o
    0x08003b04   0x08003b04   0x000000d6   Code   RO         3660    i.HAL_TIM_ConfigClockSource  stm32f4xx_hal_tim.o
    0x08003bda   0x08003bda   0x00000002   Code   RO         3680    i.HAL_TIM_IC_CaptureCallback  stm32f4xx_hal_tim.o
    0x08003bdc   0x08003bdc   0x00000166   Code   RO         3694    i.HAL_TIM_IRQHandler  stm32f4xx_hal_tim.o
    0x08003d42   0x08003d42   0x00000002   PAD
    0x08003d44   0x08003d44   0x00000050   Code   RO          687    i.HAL_TIM_MspPostInit  tim.o
    0x08003d94   0x08003d94   0x00000002   Code   RO         3697    i.HAL_TIM_OC_DelayElapsedCallback  stm32f4xx_hal_tim.o
    0x08003d96   0x08003d96   0x000000d0   Code   RO         3718    i.HAL_TIM_PWM_ConfigChannel  stm32f4xx_hal_tim.o
    0x08003e66   0x08003e66   0x00000036   Code   RO         3721    i.HAL_TIM_PWM_Init  stm32f4xx_hal_tim.o
    0x08003e9c   0x08003e9c   0x00000028   Code   RO          689    i.HAL_TIM_PWM_MspInit  tim.o
    0x08003ec4   0x08003ec4   0x00000002   Code   RO         3724    i.HAL_TIM_PWM_PulseFinishedCallback  stm32f4xx_hal_tim.o
    0x08003ec6   0x08003ec6   0x00000002   PAD
    0x08003ec8   0x08003ec8   0x00000044   Code   RO         3726    i.HAL_TIM_PWM_Start  stm32f4xx_hal_tim.o
    0x08003f0c   0x08003f0c   0x0000000e   Code   RO          348    i.HAL_TIM_PeriodElapsedCallback  main.o
    0x08003f1a   0x08003f1a   0x00000002   Code   RO         3737    i.HAL_TIM_TriggerCallback  stm32f4xx_hal_tim.o
    0x08003f1c   0x08003f1c   0x00000056   Code   RO         4586    i.HAL_UARTEx_ReceiveToIdle_DMA  stm32f4xx_hal_uart.o
    0x08003f72   0x08003f72   0x00000002   PAD
    0x08003f74   0x08003f74   0x0000006c   Code   RO         6703    i.HAL_UARTEx_RxEventCallback  bsp_usart.o
    0x08003fe0   0x08003fe0   0x00000050   Code   RO         6704    i.HAL_UART_ErrorCallback  bsp_usart.o
    0x08004030   0x08004030   0x00000268   Code   RO         4605    i.HAL_UART_IRQHandler  stm32f4xx_hal_uart.o
    0x08004298   0x08004298   0x00000062   Code   RO         4606    i.HAL_UART_Init     stm32f4xx_hal_uart.o
    0x080042fa   0x080042fa   0x00000002   PAD
    0x080042fc   0x080042fc   0x0000033c   Code   RO          765    i.HAL_UART_MspInit  usart.o
    0x08004638   0x08004638   0x00000002   Code   RO         4612    i.HAL_UART_RxCpltCallback  stm32f4xx_hal_uart.o
    0x0800463a   0x0800463a   0x00000002   Code   RO         4613    i.HAL_UART_RxHalfCpltCallback  stm32f4xx_hal_uart.o
    0x0800463c   0x0800463c   0x00000002   Code   RO         4617    i.HAL_UART_TxCpltCallback  stm32f4xx_hal_uart.o
    0x0800463e   0x0800463e   0x00000002   Code   RO          525    i.HardFault_Handler  stm32f4xx_it.o
    0x08004640   0x08004640   0x00000044   Code   RO           15    i.MX_CAN1_Init      can.o
    0x08004684   0x08004684   0x00000044   Code   RO           16    i.MX_CAN2_Init      can.o
    0x080046c8   0x080046c8   0x0000007c   Code   RO          174    i.MX_DMA_Init       dma.o
    0x08004744   0x08004744   0x00000094   Code   RO          204    i.MX_FREERTOS_Init  freertos.o
    0x080047d8   0x080047d8   0x000000dc   Code   RO          320    i.MX_GPIO_Init      gpio.o
    0x080048b4   0x080048b4   0x00000048   Code   RO          449    i.MX_SPI2_Init      spi.o
    0x080048fc   0x080048fc   0x0000006c   Code   RO          690    i.MX_TIM1_Init      tim.o
    0x08004968   0x08004968   0x00000070   Code   RO          691    i.MX_TIM3_Init      tim.o
    0x080049d8   0x080049d8   0x00000068   Code   RO          692    i.MX_TIM8_Init      tim.o
    0x08004a40   0x08004a40   0x0000004c   Code   RO          693    i.MX_TIM9_Init      tim.o
    0x08004a8c   0x08004a8c   0x00000038   Code   RO          766    i.MX_UART5_Init     usart.o
    0x08004ac4   0x08004ac4   0x00000038   Code   RO          767    i.MX_USART1_UART_Init  usart.o
    0x08004afc   0x08004afc   0x0000003c   Code   RO          768    i.MX_USART3_UART_Init  usart.o
    0x08004b38   0x08004b38   0x00000038   Code   RO          769    i.MX_USART6_UART_Init  usart.o
    0x08004b70   0x08004b70   0x00000002   Code   RO          526    i.MemManage_Handler  stm32f4xx_it.o
    0x08004b72   0x08004b72   0x00000002   PAD
    0x08004b74   0x08004b74   0x0000007e   Code   RO         8211    i.Motor_Speed_limiting  chassis_task.o
    0x08004bf2   0x08004bf2   0x00000002   Code   RO          527    i.NMI_Handler       stm32f4xx_it.o
    0x08004bf4   0x08004bf4   0x0000000c   Code   RO          528    i.OTG_FS_IRQHandler  stm32f4xx_it.o
    0x08004c00   0x08004c00   0x000000cc   Code   RO         1312    i.PCD_EP_OutXfrComplete_int  stm32f4xx_hal_pcd.o
    0x08004ccc   0x08004ccc   0x000000a2   Code   RO         1313    i.PCD_WriteEmptyTxFifo  stm32f4xx_hal_pcd.o
    0x08004d6e   0x08004d6e   0x00000002   PAD
    0x08004d70   0x08004d70   0x00000128   Code   RO         7251    i.PID_calc_imu      pid_imu.o
    0x08004e98   0x08004e98   0x0000005c   Code   RO         7253    i.PID_init_imu      pid_imu.o
    0x08004ef4   0x08004ef4   0x00000020   Code   RO         8089    i.RCLostCallback    remote_control.o
    0x08004f14   0x08004f14   0x0000002c   Code   RO         8090    i.RectifyRCjoystick  remote_control.o
    0x08004f40   0x08004f40   0x00000048   Code   RO         8091    i.RemoteControlInit  remote_control.o
    0x08004f88   0x08004f88   0x00000018   Code   RO         8093    i.RemoteControlRxCallback  remote_control.o
    0x08004fa0   0x08004fa0   0x00000058   Code   RO         3376    i.SPI_EndRxTxTransaction  stm32f4xx_hal_spi.o
    0x08004ff8   0x08004ff8   0x00000094   Code   RO         3381    i.SPI_WaitFlagStateUntilTimeout  stm32f4xx_hal_spi.o
    0x0800508c   0x0800508c   0x00000008   Code   RO          205    i.StartDAEMONTASK   freertos.o
    0x08005094   0x08005094   0x00000008   Code   RO          206    i.StartUITASK       freertos.o
    0x0800509c   0x0800509c   0x0000002c   Code   RO         6145    i.SysTick_Handler   port.o
    0x080050c8   0x080050c8   0x00000098   Code   RO          349    i.SystemClock_Config  main.o
    0x08005160   0x08005160   0x0000001c   Code   RO         1242    i.SystemInit        system_stm32f4xx_1.o
    0x0800517c   0x0800517c   0x0000001c   Code   RO          529    i.TIM1_BRK_TIM9_IRQHandler  stm32f4xx_it.o
    0x08005198   0x08005198   0x0000000c   Code   RO          530    i.TIM1_UP_TIM10_IRQHandler  stm32f4xx_it.o
    0x080051a4   0x080051a4   0x0000000c   Code   RO          531    i.TIM2_IRQHandler   stm32f4xx_it.o
    0x080051b0   0x080051b0   0x0000000c   Code   RO          532    i.TIM8_BRK_TIM12_IRQHandler  stm32f4xx_it.o
    0x080051bc   0x080051bc   0x0000000c   Code   RO          533    i.TIM8_UP_TIM13_IRQHandler  stm32f4xx_it.o
    0x080051c8   0x080051c8   0x000000c8   Code   RO         3739    i.TIM_Base_SetConfig  stm32f4xx_hal_tim.o
    0x08005290   0x08005290   0x0000001a   Code   RO         3740    i.TIM_CCxChannelCmd  stm32f4xx_hal_tim.o
    0x080052aa   0x080052aa   0x00000014   Code   RO         3750    i.TIM_ETR_SetConfig  stm32f4xx_hal_tim.o
    0x080052be   0x080052be   0x00000010   Code   RO         3751    i.TIM_ITRx_SetConfig  stm32f4xx_hal_tim.o
    0x080052ce   0x080052ce   0x00000002   PAD
    0x080052d0   0x080052d0   0x00000060   Code   RO         3752    i.TIM_OC1_SetConfig  stm32f4xx_hal_tim.o
    0x08005330   0x08005330   0x0000006c   Code   RO         3753    i.TIM_OC2_SetConfig  stm32f4xx_hal_tim.o
    0x0800539c   0x0800539c   0x00000068   Code   RO         3754    i.TIM_OC3_SetConfig  stm32f4xx_hal_tim.o
    0x08005404   0x08005404   0x00000050   Code   RO         3755    i.TIM_OC4_SetConfig  stm32f4xx_hal_tim.o
    0x08005454   0x08005454   0x00000022   Code   RO         3757    i.TIM_TI1_ConfigInputStage  stm32f4xx_hal_tim.o
    0x08005476   0x08005476   0x00000024   Code   RO         3759    i.TIM_TI2_ConfigInputStage  stm32f4xx_hal_tim.o
    0x0800549a   0x0800549a   0x00000002   PAD
    0x0800549c   0x0800549c   0x0000000c   Code   RO          534    i.UART5_IRQHandler  stm32f4xx_it.o
    0x080054a8   0x080054a8   0x0000003c   Code   RO         6952    i.UART5_Init        drv_usart.o
    0x080054e4   0x080054e4   0x00000010   Code   RO         4619    i.UART_DMAAbortOnError  stm32f4xx_hal_uart.o
    0x080054f4   0x080054f4   0x0000004a   Code   RO         4620    i.UART_DMAError     stm32f4xx_hal_uart.o
    0x0800553e   0x0800553e   0x00000082   Code   RO         4621    i.UART_DMAReceiveCplt  stm32f4xx_hal_uart.o
    0x080055c0   0x080055c0   0x0000001a   Code   RO         4623    i.UART_DMARxHalfCplt  stm32f4xx_hal_uart.o
    0x080055da   0x080055da   0x0000004e   Code   RO         4629    i.UART_EndRxTransfer  stm32f4xx_hal_uart.o
    0x08005628   0x08005628   0x0000001c   Code   RO         4630    i.UART_EndTxTransfer  stm32f4xx_hal_uart.o
    0x08005644   0x08005644   0x000000c0   Code   RO         4631    i.UART_Receive_IT   stm32f4xx_hal_uart.o
    0x08005704   0x08005704   0x0000010c   Code   RO         4632    i.UART_SetConfig    stm32f4xx_hal_uart.o
    0x08005810   0x08005810   0x00000094   Code   RO         4633    i.UART_Start_Receive_DMA  stm32f4xx_hal_uart.o
    0x080058a4   0x080058a4   0x0000000c   Code   RO          535    i.USART3_IRQHandler  stm32f4xx_it.o
    0x080058b0   0x080058b0   0x0000000c   Code   RO          536    i.USART6_IRQHandler  stm32f4xx_it.o
    0x080058bc   0x080058bc   0x00000048   Code   RO         6706    i.USARTRegister     bsp_usart.o
    0x08005904   0x08005904   0x00000024   Code   RO         6708    i.USARTServiceInit  bsp_usart.o
    0x08005928   0x08005928   0x00000012   Code   RO         6224    i.USBD_ClrClassConfig  usbd_core.o
    0x0800593a   0x0800593a   0x00000026   Code   RO         6362    i.USBD_ClrFeature   usbd_ctlreq.o
    0x08005960   0x08005960   0x00000010   Code   RO         6460    i.USBD_CtlContinueRx  usbd_ioreq.o
    0x08005970   0x08005970   0x00000010   Code   RO         6461    i.USBD_CtlContinueSendData  usbd_ioreq.o
    0x08005980   0x08005980   0x00000018   Code   RO         6363    i.USBD_CtlError     usbd_ctlreq.o
    0x08005998   0x08005998   0x00000016   Code   RO         6463    i.USBD_CtlReceiveStatus  usbd_ioreq.o
    0x080059ae   0x080059ae   0x0000001a   Code   RO         6464    i.USBD_CtlSendData  usbd_ioreq.o
    0x080059c8   0x080059c8   0x00000016   Code   RO         6465    i.USBD_CtlSendStatus  usbd_ioreq.o
    0x080059de   0x080059de   0x00000034   Code   RO         6364    i.USBD_GetConfig    usbd_ctlreq.o
    0x08005a12   0x08005a12   0x000001e8   Code   RO         6365    i.USBD_GetDescriptor  usbd_ctlreq.o
    0x08005bfa   0x08005bfa   0x00000036   Code   RO         6367    i.USBD_GetStatus    usbd_ctlreq.o
    0x08005c30   0x08005c30   0x00000018   Code   RO          963    i.USBD_Get_USB_Status  usbd_conf.o
    0x08005c48   0x08005c48   0x00000012   Code   RO          964    i.USBD_LL_ClearStallEP  usbd_conf.o
    0x08005c5a   0x08005c5a   0x000000be   Code   RO         6227    i.USBD_LL_DataInStage  usbd_core.o
    0x08005d18   0x08005d18   0x00000072   Code   RO         6228    i.USBD_LL_DataOutStage  usbd_core.o
    0x08005d8a   0x08005d8a   0x00000004   Code   RO         6229    i.USBD_LL_DevConnected  usbd_core.o
    0x08005d8e   0x08005d8e   0x0000001a   Code   RO         6230    i.USBD_LL_DevDisconnected  usbd_core.o
    0x08005da8   0x08005da8   0x00000020   Code   RO          971    i.USBD_LL_IsStallEP  usbd_conf.o
    0x08005dc8   0x08005dc8   0x00000004   Code   RO         6231    i.USBD_LL_IsoINIncomplete  usbd_core.o
    0x08005dcc   0x08005dcc   0x00000004   Code   RO         6232    i.USBD_LL_IsoOUTIncomplete  usbd_core.o
    0x08005dd0   0x08005dd0   0x00000018   Code   RO          972    i.USBD_LL_OpenEP    usbd_conf.o
    0x08005de8   0x08005de8   0x00000012   Code   RO          973    i.USBD_LL_PrepareReceive  usbd_conf.o
    0x08005dfa   0x08005dfa   0x00000054   Code   RO         6233    i.USBD_LL_Reset     usbd_core.o
    0x08005e4e   0x08005e4e   0x00000014   Code   RO         6234    i.USBD_LL_Resume    usbd_core.o
    0x08005e62   0x08005e62   0x00000018   Code   RO         6235    i.USBD_LL_SOF       usbd_core.o
    0x08005e7a   0x08005e7a   0x00000006   Code   RO         6236    i.USBD_LL_SetSpeed  usbd_core.o
    0x08005e80   0x08005e80   0x00000012   Code   RO          974    i.USBD_LL_SetUSBAddress  usbd_conf.o
    0x08005e92   0x08005e92   0x00000064   Code   RO         6237    i.USBD_LL_SetupStage  usbd_core.o
    0x08005ef6   0x08005ef6   0x00000012   Code   RO          975    i.USBD_LL_StallEP   usbd_conf.o
    0x08005f08   0x08005f08   0x00000012   Code   RO         6238    i.USBD_LL_Suspend   usbd_core.o
    0x08005f1a   0x08005f1a   0x00000012   Code   RO          978    i.USBD_LL_Transmit  usbd_conf.o
    0x08005f2c   0x08005f2c   0x00000032   Code   RO         6369    i.USBD_ParseSetupRequest  usbd_ctlreq.o
    0x08005f5e   0x08005f5e   0x00000004   Code   RO         6240    i.USBD_RunTestMode  usbd_core.o
    0x08005f62   0x08005f62   0x00000058   Code   RO         6370    i.USBD_SetAddress   usbd_ctlreq.o
    0x08005fba   0x08005fba   0x00000014   Code   RO         6241    i.USBD_SetClassConfig  usbd_core.o
    0x08005fce   0x08005fce   0x00000002   PAD
    0x08005fd0   0x08005fd0   0x000000d8   Code   RO         6371    i.USBD_SetConfig    usbd_ctlreq.o
    0x080060a8   0x080060a8   0x00000010   Code   RO         6372    i.USBD_SetFeature   usbd_ctlreq.o
    0x080060b8   0x080060b8   0x00000084   Code   RO         6373    i.USBD_StdDevReq    usbd_ctlreq.o
    0x0800613c   0x0800613c   0x000001e6   Code   RO         6374    i.USBD_StdEPReq     usbd_ctlreq.o
    0x08006322   0x08006322   0x0000006e   Code   RO         6375    i.USBD_StdItfReq    usbd_ctlreq.o
    0x08006390   0x08006390   0x00000080   Code   RO         1560    i.USB_ActivateEndpoint  stm32f4xx_ll_usb.o
    0x08006410   0x08006410   0x0000001c   Code   RO         1562    i.USB_ActivateSetup  stm32f4xx_ll_usb.o
    0x0800642c   0x0800642c   0x00000118   Code   RO         1575    i.USB_EP0StartXfer  stm32f4xx_ll_usb.o
    0x08006544   0x08006544   0x00000058   Code   RO         1576    i.USB_EP0_OutStart  stm32f4xx_ll_usb.o
    0x0800659c   0x0800659c   0x00000058   Code   RO         1577    i.USB_EPClearStall  stm32f4xx_ll_usb.o
    0x080065f4   0x080065f4   0x00000058   Code   RO         1578    i.USB_EPSetStall    stm32f4xx_ll_usb.o
    0x0800664c   0x0800664c   0x000001e8   Code   RO         1579    i.USB_EPStartXfer   stm32f4xx_ll_usb.o
    0x08006834   0x08006834   0x00000024   Code   RO         1582    i.USB_FlushTxFifo   stm32f4xx_ll_usb.o
    0x08006858   0x08006858   0x0000001a   Code   RO         1584    i.USB_GetDevSpeed   stm32f4xx_ll_usb.o
    0x08006872   0x08006872   0x00000008   Code   RO         1586    i.USB_GetMode       stm32f4xx_ll_usb.o
    0x0800687a   0x0800687a   0x0000000e   Code   RO         1593    i.USB_ReadDevAllInEpInterrupt  stm32f4xx_ll_usb.o
    0x08006888   0x08006888   0x0000000e   Code   RO         1594    i.USB_ReadDevAllOutEpInterrupt  stm32f4xx_ll_usb.o
    0x08006896   0x08006896   0x00000024   Code   RO         1595    i.USB_ReadDevInEPInterrupt  stm32f4xx_ll_usb.o
    0x080068ba   0x080068ba   0x00000010   Code   RO         1596    i.USB_ReadDevOutEPInterrupt  stm32f4xx_ll_usb.o
    0x080068ca   0x080068ca   0x00000008   Code   RO         1597    i.USB_ReadInterrupts  stm32f4xx_ll_usb.o
    0x080068d2   0x080068d2   0x0000001c   Code   RO         1598    i.USB_ReadPacket    stm32f4xx_ll_usb.o
    0x080068ee   0x080068ee   0x00000022   Code   RO         1601    i.USB_SetDevAddress  stm32f4xx_ll_usb.o
    0x08006910   0x08006910   0x000000e8   Code   RO         1603    i.USB_SetTurnaroundTime  stm32f4xx_ll_usb.o
    0x080069f8   0x080069f8   0x00000024   Code   RO         1606    i.USB_WritePacket   stm32f4xx_ll_usb.o
    0x08006a1c   0x08006a1c   0x00000002   Code   RO          537    i.UsageFault_Handler  stm32f4xx_it.o
    0x08006a1e   0x08006a1e   0x00000002   PAD
    0x08006a20   0x08006a20   0x000000cc   Code   RO         8150    i.VideoDataContorl  videotransmitter.o
    0x08006aec   0x08006aec   0x0000001c   Code   RO         8151    i.VideoRead         videotransmitter.o
    0x08006b08   0x08006b08   0x00000030   Code   RO         8959    i.__ARM_fpclassify  m_wm.l(fpclassify.o)
    0x08006b38   0x08006b38   0x00000026   Code   RO         8856    i.__ARM_fpclassifyf  m_wm.l(fpclassifyf.o)
    0x08006b5e   0x08006b5e   0x00000020   Code   RO         2718    i.__NVIC_SetPriority  stm32f4xx_hal_cortex.o
    0x08006b7e   0x08006b7e   0x00000002   PAD
    0x08006b80   0x08006b80   0x0000012c   Code   RO         8586    i.__hardfp_asinf    m_wm.l(asinf.o)
    0x08006cac   0x08006cac   0x00000250   Code   RO         8598    i.__hardfp_atan2f   m_wm.l(atan2f.o)
    0x08006efc   0x08006efc   0x00000004   PAD
    0x08006f00   0x08006f00   0x000000c8   Code   RO         8610    i.__hardfp_cos      m_wm.l(cos.o)
    0x08006fc8   0x08006fc8   0x00000014   Code   RO         8622    i.__hardfp_fabs     m_wm.l(fabs.o)
    0x08006fdc   0x08006fdc   0x00000004   PAD
    0x08006fe0   0x08006fe0   0x000000c8   Code   RO         8628    i.__hardfp_sin      m_wm.l(sin.o)
    0x080070a8   0x080070a8   0x00000438   Code   RO         8872    i.__ieee754_rem_pio2  m_wm.l(rred.o)
    0x080074e0   0x080074e0   0x00000170   Code   RO         8839    i.__kernel_cos      m_wm.l(cos_i.o)
    0x08007650   0x08007650   0x000000f8   Code   RO         8961    i.__kernel_poly     m_wm.l(poly.o)
    0x08007748   0x08007748   0x00000130   Code   RO         8877    i.__kernel_sin      m_wm.l(sin_i.o)
    0x08007878   0x08007878   0x00000014   Code   RO         8843    i.__mathlib_dbl_infnan  m_wm.l(dunder.o)
    0x0800788c   0x0800788c   0x00000004   PAD
    0x08007890   0x08007890   0x00000020   Code   RO         8845    i.__mathlib_dbl_invalid  m_wm.l(dunder.o)
    0x080078b0   0x080078b0   0x00000020   Code   RO         8848    i.__mathlib_dbl_underflow  m_wm.l(dunder.o)
    0x080078d0   0x080078d0   0x00000006   Code   RO         8859    i.__mathlib_flt_infnan  m_wm.l(funder.o)
    0x080078d6   0x080078d6   0x00000006   Code   RO         8860    i.__mathlib_flt_infnan2  m_wm.l(funder.o)
    0x080078dc   0x080078dc   0x00000010   Code   RO         8861    i.__mathlib_flt_invalid  m_wm.l(funder.o)
    0x080078ec   0x080078ec   0x00000010   Code   RO         8864    i.__mathlib_flt_underflow  m_wm.l(funder.o)
    0x080078fc   0x080078fc   0x00000034   Code   RO         6766    i.can_remote        drv_can.o
    0x08007930   0x08007930   0x00000088   Code   RO         8212    i.chassis_current_give  chassis_task.o
    0x080079b8   0x080079b8   0x00000244   Code   RO         8213    i.chassis_follow_mode  chassis_task.o
    0x08007bfc   0x08007bfc   0x000001ac   Code   RO         8214    i.chassis_gyro_mode  chassis_task.o
    0x08007da8   0x08007da8   0x00000108   Code   RO         8215    i.chassis_motol_speed_calculate  chassis_task.o
    0x08007eb0   0x08007eb0   0x000001ec   Code   RO         8216    i.chassis_rc_mode   chassis_task.o
    0x0800809c   0x0800809c   0x00000018   Code   RO         8217    i.chassis_stop_mode  chassis_task.o
    0x080080b4   0x080080b4   0x00000024   Code   RO         6953    i.dma_m0_rxcplt_callback  drv_usart.o
    0x080080d8   0x080080d8   0x00000024   Code   RO         6954    i.dma_m1_rxcplt_callback  drv_usart.o
    0x080080fc   0x080080fc   0x00000018   Code   RO         8624    i.fabs              m_wm.l(fabs.o)
    0x08008114   0x08008114   0x0000000c   Code   RO         7495    i.imu_pwm_set       bsp_imu_pwm.o
    0x08008120   0x08008120   0x00000294   Code   RO         7624    i.imu_temp_control_task  imu_temp_control_task.o
    0x080083b4   0x080083b4   0x00001468   Code   RO         7053    i.imuekf            imuekf.o
    0x0800981c   0x0800981c   0x0000002c   Code   RO         7054    i.invSqrt           imuekf.o
    0x08009848   0x08009848   0x00000158   Code   RO         8218    i.key_control       chassis_task.o
    0x080099a0   0x080099a0   0x000000a4   Code   RO          350    i.main              main.o
    0x08009a44   0x08009a44   0x0000000c   Code   RO         5716    i.makeFreeRtosPriority  cmsis_os.o
    0x08009a50   0x08009a50   0x00000070   Code   RO         8219    i.mode_chooce       chassis_task.o
    0x08009ac0   0x08009ac0   0x0000000e   Code   RO         5718    i.osDelay           cmsis_os.o
    0x08009ace   0x08009ace   0x0000000a   Code   RO         5721    i.osKernelStart     cmsis_os.o
    0x08009ad8   0x08009ad8   0x00000054   Code   RO         5755    i.osThreadCreate    cmsis_os.o
    0x08009b2c   0x08009b2c   0x00000020   Code   RO         5398    i.pcTaskGetName     tasks.o
    0x08009b4c   0x08009b4c   0x000000a8   Code   RO         7305    i.pid_calc          pid.o
    0x08009bf4   0x08009bf4   0x0000005c   Code   RO         7306    i.pid_init          pid.o
    0x08009c50   0x08009c50   0x00000070   Code   RO         5399    i.prvAddCurrentTaskToDelayedList  tasks.o
    0x08009cc0   0x08009cc0   0x000000d0   Code   RO         5400    i.prvAddNewTaskToReadyList  tasks.o
    0x08009d90   0x08009d90   0x00000034   Code   RO         5401    i.prvDeleteTCB      tasks.o
    0x08009dc4   0x08009dc4   0x0000004c   Code   RO         6083    i.prvHeapInit       heap_4.o
    0x08009e10   0x08009e10   0x00000060   Code   RO         5402    i.prvIdleTask       tasks.o
    0x08009e70   0x08009e70   0x00000098   Code   RO         5403    i.prvInitialiseNewTask  tasks.o
    0x08009f08   0x08009f08   0x0000004c   Code   RO         6084    i.prvInsertBlockIntoFreeList  heap_4.o
    0x08009f54   0x08009f54   0x00000020   Code   RO         5404    i.prvResetNextTaskUnblockTime  tasks.o
    0x08009f74   0x08009f74   0x00000058   Code   RO         5405    i.prvSearchForNameWithinSingleList  tasks.o
    0x08009fcc   0x08009fcc   0x00000028   Code   RO         6146    i.prvTaskExitError  port.o
    0x08009ff4   0x08009ff4   0x000000d8   Code   RO         6085    i.pvPortMalloc      heap_4.o
    0x0800a0cc   0x0800a0cc   0x0000002c   Code   RO         6147    i.pxPortInitialiseStack  port.o
    0x0800a0f8   0x0800a0f8   0x000000c8   Code   RO         8220    i.read_keyboard     chassis_task.o
    0x0800a1c0   0x0800a1c0   0x00000180   Code   RO         8094    i.sbus_to_rc        remote_control.o
    0x0800a340   0x0800a340   0x0000005c   Code   RO         6768    i.set_motor_current_chassis  drv_can.o
    0x0800a39c   0x0800a39c   0x0000003e   Code   RO         8885    i.sqrtf             m_wm.l(sqrtf.o)
    0x0800a3da   0x0800a3da   0x00000002   PAD
    0x0800a3dc   0x0800a3dc   0x00000068   Code   RO         5408    i.ulTaskNotifyTake  tasks.o
    0x0800a444   0x0800a444   0x00000026   Code   RO         5035    i.uxListRemove      list.o
    0x0800a46a   0x0800a46a   0x00000002   PAD
    0x0800a46c   0x0800a46c   0x00000014   Code   RO          208    i.vApplicationGetIdleTaskMemory  freertos.o
    0x0800a480   0x0800a480   0x00000016   Code   RO         5036    i.vListInitialise   list.o
    0x0800a496   0x0800a496   0x00000006   Code   RO         5037    i.vListInitialiseItem  list.o
    0x0800a49c   0x0800a49c   0x00000030   Code   RO         5038    i.vListInsert       list.o
    0x0800a4cc   0x0800a4cc   0x00000018   Code   RO         5039    i.vListInsertEnd    list.o
    0x0800a4e4   0x0800a4e4   0x00000040   Code   RO         6149    i.vPortEnterCritical  port.o
    0x0800a524   0x0800a524   0x00000028   Code   RO         6150    i.vPortExitCritical  port.o
    0x0800a54c   0x0800a54c   0x0000005c   Code   RO         6086    i.vPortFree         heap_4.o
    0x0800a5a8   0x0800a5a8   0x00000024   Code   RO         6151    i.vPortSetupTimerInterrupt  port.o
    0x0800a5cc   0x0800a5cc   0x0000004c   Code   RO         5413    i.vTaskDelay        tasks.o
    0x0800a618   0x0800a618   0x0000006c   Code   RO         5426    i.vTaskStartScheduler  tasks.o
    0x0800a684   0x0800a684   0x00000010   Code   RO         5428    i.vTaskSuspendAll   tasks.o
    0x0800a694   0x0800a694   0x0000005c   Code   RO         5429    i.vTaskSwitchContext  tasks.o
    0x0800a6f0   0x0800a6f0   0x000000f4   Code   RO         6153    i.xPortStartScheduler  port.o
    0x0800a7e4   0x0800a7e4   0x0000005a   Code   RO         5431    i.xTaskCreate       tasks.o
    0x0800a83e   0x0800a83e   0x00000056   Code   RO         5432    i.xTaskCreateStatic  tasks.o
    0x0800a894   0x0800a894   0x00000084   Code   RO         5436    i.xTaskGetHandle    tasks.o
    0x0800a918   0x0800a918   0x000000c8   Code   RO         5440    i.xTaskIncrementTick  tasks.o
    0x0800a9e0   0x0800a9e0   0x000000c4   Code   RO         5446    i.xTaskResumeAll    tasks.o
    0x0800aaa4   0x0800aaa4   0x00000098   Code   RO         8221    i.yaw_correct       chassis_task.o
    0x0800ab3c   0x0800ab3c   0x00000018   Code   RO         8818    x$fpl$basic         fz_wm.l(basic.o)
    0x0800ab54   0x0800ab54   0x00000062   Code   RO         8550    x$fpl$d2f           fz_wm.l(d2f.o)
    0x0800abb6   0x0800abb6   0x00000002   PAD
    0x0800abb8   0x0800abb8   0x00000150   Code   RO         8552    x$fpl$dadd          fz_wm.l(daddsub_clz.o)
    0x0800ad08   0x0800ad08   0x00000018   Code   RO         8820    x$fpl$dcmpinf       fz_wm.l(dcmpi.o)
    0x0800ad20   0x0800ad20   0x000002b0   Code   RO         8559    x$fpl$ddiv          fz_wm.l(ddiv.o)
    0x0800afd0   0x0800afd0   0x00000078   Code   RO         8562    x$fpl$deqf          fz_wm.l(deqf.o)
    0x0800b048   0x0800b048   0x0000005e   Code   RO         8564    x$fpl$dfix          fz_wm.l(dfix.o)
    0x0800b0a6   0x0800b0a6   0x0000002e   Code   RO         8569    x$fpl$dflt          fz_wm.l(dflt_clz.o)
    0x0800b0d4   0x0800b0d4   0x000000a2   Code   RO         8574    x$fpl$dfltll        fz_wm.l(dfltll_clz.o)
    0x0800b176   0x0800b176   0x00000026   Code   RO         8568    x$fpl$dfltu         fz_wm.l(dflt_clz.o)
    0x0800b19c   0x0800b19c   0x00000078   Code   RO         8578    x$fpl$dleqf         fz_wm.l(dleqf.o)
    0x0800b214   0x0800b214   0x00000154   Code   RO         8580    x$fpl$dmul          fz_wm.l(dmul.o)
    0x0800b368   0x0800b368   0x0000009c   Code   RO         8822    x$fpl$dnaninf       fz_wm.l(dnaninf.o)
    0x0800b404   0x0800b404   0x0000000c   Code   RO         8824    x$fpl$dretinf       fz_wm.l(dretinf.o)
    0x0800b410   0x0800b410   0x0000006c   Code   RO         8582    x$fpl$drleqf        fz_wm.l(drleqf.o)
    0x0800b47c   0x0800b47c   0x00000016   Code   RO         8553    x$fpl$drsb          fz_wm.l(daddsub_clz.o)
    0x0800b492   0x0800b492   0x00000002   PAD
    0x0800b494   0x0800b494   0x000001d4   Code   RO         8554    x$fpl$dsub          fz_wm.l(daddsub_clz.o)
    0x0800b668   0x0800b668   0x00000056   Code   RO         8584    x$fpl$f2d           fz_wm.l(f2d.o)
    0x0800b6be   0x0800b6be   0x0000008c   Code   RO         8826    x$fpl$fnaninf       fz_wm.l(fnaninf.o)
    0x0800b74a   0x0800b74a   0x0000000a   Code   RO         8957    x$fpl$fpinit        fz_wm.l(fpinit.o)
    0x0800b754   0x0800b754   0x0000000a   Code   RO         8828    x$fpl$fretinf       fz_wm.l(fretinf.o)
    0x0800b75e   0x0800b75e   0x00000000   Code   RO         8838    x$fpl$usenofp       fz_wm.l(usenofp.o)
    0x0800b75e   0x0800b75e   0x00000002   PAD
    0x0800b760   0x0800b760   0x000000a8   Data   RO          210    .constdata          freertos.o
    0x0800b808   0x0800b808   0x00000010   Data   RO         1243    .constdata          system_stm32f4xx_1.o
    0x0800b818   0x0800b818   0x00000008   Data   RO         1244    .constdata          system_stm32f4xx_1.o
    0x0800b820   0x0800b820   0x00000008   Data   RO         2417    .constdata          stm32f4xx_hal_dma.o
    0x0800b828   0x0800b828   0x0000019c   Data   RO         7055    .constdata          imuekf.o
    0x0800b9c4   0x0800b9c4   0x00000018   Data   RO         7626    .constdata          imu_temp_control_task.o
    0x0800b9dc   0x0800b9dc   0x0000000c   Data   RO         8096    .constdata          remote_control.o
    0x0800b9e8   0x0800b9e8   0x00000030   Data   RO         8840    .constdata          m_wm.l(cos_i.o)
    0x0800ba18   0x0800ba18   0x000000c8   Data   RO         8874    .constdata          m_wm.l(rred.o)
    0x0800bae0   0x0800bae0   0x00000028   Data   RO         8878    .constdata          m_wm.l(sin_i.o)
    0x0800bb08   0x0800bb08   0x00000048   Data   RO          211    .conststring        freertos.o
    0x0800bb50   0x0800bb50   0x00000020   Data   RO         9094    Region$$Table       anon$$obj.o


    Execution Region RW_IRAM1 (Exec base: 0x20000000, Load base: 0x0800bb70, Size: 0x00006190, Max: 0x00020000, ABSOLUTE, COMPRESSED[0x00000080])

    Exec Addr    Load Addr    Size         Type   Attr      Idx    E Section Name        Object

    0x20000000   COMPRESSED   0x00000004   Data   RW           18    .data               can.o
    0x20000004   COMPRESSED   0x00000018   Data   RW          212    .data               freertos.o
    0x2000001c   COMPRESSED   0x00000004   Data   RW         1245    .data               system_stm32f4xx_1.o
    0x20000020   COMPRESSED   0x0000000c   Data   RW         2862    .data               stm32f4xx_hal.o
    0x2000002c   COMPRESSED   0x0000003c   Data   RW         5449    .data               tasks.o
    0x20000068   COMPRESSED   0x00000018   Data   RW         6091    .data               heap_4.o
    0x20000080   COMPRESSED   0x0000000c   Data   RW         6154    .data               port.o
    0x2000008c   COMPRESSED   0x00000001   Data   RW         6376    .data               usbd_ctlreq.o
    0x2000008d   COMPRESSED   0x00000003   PAD
    0x20000090   COMPRESSED   0x00000040   Data   RW         6635    .data               bsp_dwt.o
    0x200000d0   COMPRESSED   0x00000001   Data   RW         6710    .data               bsp_usart.o
    0x200000d1   COMPRESSED   0x00000003   PAD
    0x200000d4   COMPRESSED   0x00000010   Data   RW         6774    .data               drv_can.o
    0x200000e4   COMPRESSED   0x0000002c   Data   RW         7360    .data               bmi088driver.o
    0x20000110   COMPRESSED   0x00000190   Data   RW         7627    .data               imu_temp_control_task.o
    0x200002a0   COMPRESSED   0x00000001   Data   RW         7690    .data               daemon.o
    0x200002a1   COMPRESSED   0x00000003   PAD
    0x200002a4   COMPRESSED   0x00000018   Data   RW         8020    .data               minipc_process.o
    0x200002bc   COMPRESSED   0x00000014   Data   RW         8099    .data               remote_control.o
    0x200002d0   COMPRESSED   0x00000058   Data   RW         8224    .data               chassis_task.o
    0x20000328   COMPRESSED   0x00000004   Data   RW         8430    .data               exchange.o
    0x2000032c        -       0x00000050   Zero   RW           17    .bss                can.o
    0x2000037c        -       0x00000254   Zero   RW          209    .bss                freertos.o
    0x200005d0        -       0x00000118   Zero   RW          450    .bss                spi.o
    0x200006e8        -       0x00000100   Zero   RW          694    .bss                tim.o
    0x200007e8        -       0x00000040   Zero   RW          695    .bss                tim.o
    0x20000828        -       0x000003b0   Zero   RW          770    .bss                usart.o
    0x20000bd8        -       0x00000628   Zero   RW          981    .bss                usbd_conf.o
    0x20001200        -       0x000000f0   Zero   RW         5448    .bss                tasks.o
    0x200012f0        -       0x00003c00   Zero   RW         6090    .bss                heap_4.o
    0x20004ef0        -       0x0000000c   Zero   RW         6709    .bss                bsp_usart.o
    0x20004efc        -       0x00000030   Zero   RW         6772    .bss                drv_can.o
    0x20004f2c        -       0x00000190   Zero   RW         6956    .bss                drv_usart.o
    0x200050bc   COMPRESSED   0x00000004   PAD
    0x200050c0        -       0x00000090   Zero   RW         7625    .bss                imu_temp_control_task.o
    0x20005150        -       0x00000080   Zero   RW         7689    .bss                daemon.o
    0x200051d0        -       0x00000009   Zero   RW         7965    .bss                rm_referee.o
    0x200051d9   COMPRESSED   0x00000001   PAD
    0x200051da        -       0x00000094   Zero   RW         8095    .bss                remote_control.o
    0x2000526e        -       0x00000092   Zero   RW         8155    .bss                videotransmitter.o
    0x20005300        -       0x0000022e   Zero   RW         8222    .bss                chassis_task.o
    0x2000552e   COMPRESSED   0x00000002   PAD
    0x20005530        -       0x00000060   Zero   RW         8898    .bss                c_w.l(libspace.o)
    0x20005590        -       0x00000400   Zero   RW            2    HEAP                startup_stm32f446xx.o
    0x20005990        -       0x00000800   Zero   RW            1    STACK               startup_stm32f446xx.o


==============================================================================

Image component sizes


      Code (inc. data)   RO Data    RW Data    ZI Data      Debug   Object Name

       380          4          0         44          0       3273   bmi088driver.o
        96         28          0          0          0       2635   bmi088middleware.o
       180         36          0         64          0       3286   bsp_dwt.o
        12          6          0          0          0        518   bsp_imu_pwm.o
       296         26          0          1         12       3929   bsp_usart.o
       412         36          0          4         80     735746   can.o
      3774        310          0         88        558      25150   chassis_task.o
       120          0          0          0          0      23269   cmsis_os.o
        78          8          0          1        128       2412   daemon.o
       124          4          0          0          0        854   dma.o
       744         58          0         16         48     611116   drv_can.o
       712         40          0          0        400       3616   drv_usart.o
         0          0          0          0          0      15796   event_groups.o
        28         10          0          4          0       1240   exchange.o
       192         12        240         24        596      35518   freertos.o
       220         16          0          0          0       1035   gpio.o
       460         24          0         24      15360       7451   heap_4.o
      2116         82         24        400        144       5653   imu_temp_control_task.o
      5268        146        412          0          0       4949   imuekf.o
         0          0          0          0          0       5672   led_task.o
       138          0          0          0          0       3654   list.o
       334         14          0          0          0       8016   main.o
         0          0          0         24          0       2970   minipc_process.o
       260          6          0          0          0       2458   pid.o
       388          8          0          0          0       2678   pid_imu.o
       702         72          0         12          0      11264   port.o
         0          0          0          0          0       9324   referee_task.o
         0          0          0          0          0       2169   referee_ui.o
       556         46         12         20        148       6263   remote_control.o
         0          0          0          0          9       2439   rm_referee.o
       280         28          0          0        280       1891   spi.o
        64         26        452          0       3072        860   startup_stm32f446xx.o
       144         24          0         12          0       8745   stm32f4xx_hal.o
      1682          6          0          0          0      15373   stm32f4xx_hal_can.o
       198         14          0          0          0      34055   stm32f4xx_hal_cortex.o
      1080         16          8          0          0       7502   stm32f4xx_hal_dma.o
       434         40          0          0          0       2436   stm32f4xx_hal_gpio.o
        56          4          0          0          0        874   stm32f4xx_hal_msp.o
      1982         14          0          0          0       9807   stm32f4xx_hal_pcd.o
       384         50          0          0          0       3454   stm32f4xx_hal_rcc.o
       988         34          0          0          0       2762   stm32f4xx_hal_rcc_ex.o
       846          8          0          0          0       4821   stm32f4xx_hal_spi.o
      1684         90          0          0          0      15696   stm32f4xx_hal_tim.o
       148         28          0          0          0       2521   stm32f4xx_hal_tim_ex.o
      1766         30          0          0          0      12424   stm32f4xx_hal_uart.o
       256        118          0          0          0      12059   stm32f4xx_it.o
      1676         98          0          0          0      15879   stm32f4xx_ll_usb.o
         0          0          0          0          0        408   stream_buffer.o
        28          6         24          4          0       1203   system_stm32f4xx_1.o
      1872        130          0         60        240      23482   tasks.o
       692         78          0          0        320       5035   tim.o
      1056         92          0          0        944       4558   usart.o
       458          8          0          0       1576      13379   usbd_conf.o
       636          0          0          0          0      11263   usbd_core.o
      1754         20          0          1          0      15943   usbd_ctlreq.o
       102          0          0          0          0       3908   usbd_ioreq.o
       232         10          0          0        146      10697   videotransmitter.o

    ----------------------------------------------------------------------
     38134       1964       1204        812      24068    1785388   Object Totals
         0          0         32          0          0          0   (incl. Generated)
        46          0          0          9          7          0   (incl. Padding)

    ----------------------------------------------------------------------

      Code (inc. data)   RO Data    RW Data    ZI Data      Debug   Library Member Name

        90          0          0          0          0          0   __dczerorl2.o
         8          0          0          0          0         68   __main.o
         0          0          0          0          0          0   __rtentry.o
        12          0          0          0          0          0   __rtentry2.o
         6          0          0          0          0          0   __rtentry4.o
        52          8          0          0          0          0   __scatter.o
        28          0          0          0          0          0   __scatter_zi.o
        22          0          0          0          0        100   _rserrno.o
        10          0          0          0          0         68   defsig_exit.o
        50          0          0          0          0         88   defsig_general.o
        80         58          0          0          0         76   defsig_rtmem_inner.o
        14          0          0          0          0         80   defsig_rtmem_outer.o
        18          0          0          0          0         80   exit.o
        94          0          0          0          0         80   h1_alloc.o
        52          0          0          0          0         68   h1_extend.o
        78          0          0          0          0         80   h1_free.o
        14          0          0          0          0         84   h1_init.o
         6          0          0          0          0        152   heapauxi.o
         4          0          0          0          0        136   hguard.o
         0          0          0          0          0          0   indicate_semi.o
       138          0          0          0          0        168   init_alloc.o
         2          0          0          0          0          0   libinit.o
        14          0          0          0          0          0   libinit2.o
         2          0          0          0          0          0   libshutdown.o
         2          0          0          0          0          0   libshutdown2.o
         8          4          0          0         96         68   libspace.o
       238          0          0          0          0        100   lludivv7m.o
         0          0          0          0          0          0   maybetermalloc1.o
         8          4          0          0          0         68   rt_errno_addr_intlibspace.o
         8          4          0          0          0         68   rt_heap_descriptor_intlibspace.o
        68          0          0          0          0         68   rt_memclr.o
        78          0          0          0          0         80   rt_memclr_w.o
       138          0          0          0          0         68   rt_memcpy_v6.o
       100          0          0          0          0         80   rt_memcpy_w.o
         2          0          0          0          0          0   rtexit.o
        10          0          0          0          0          0   rtexit2.o
        62          0          0          0          0         76   strlen.o
        12          4          0          0          0         68   sys_exit.o
        74          0          0          0          0         80   sys_stackheap_outer.o
        14          0          0          0          0         76   sys_wrch.o
         2          0          0          0          0         68   use_no_semi.o
        24          0          0          0          0        164   basic.o
        98          4          0          0          0        140   d2f.o
       826         16          0          0          0        492   daddsub_clz.o
        24          0          0          0          0        116   dcmpi.o
       688        140          0          0          0        256   ddiv.o
       120          4          0          0          0        140   deqf.o
        94          4          0          0          0        140   dfix.o
        84          0          0          0          0        232   dflt_clz.o
       162          0          0          0          0        132   dfltll_clz.o
       120          4          0          0          0        140   dleqf.o
       340         12          0          0          0        152   dmul.o
       156          4          0          0          0        140   dnaninf.o
        12          0          0          0          0        116   dretinf.o
       108          0          0          0          0        128   drleqf.o
        86          4          0          0          0        132   f2d.o
       140          4          0          0          0        132   fnaninf.o
        10          0          0          0          0        116   fpinit.o
        10          0          0          0          0        116   fretinf.o
         0          0          0          0          0          0   usenofp.o
       300         42          0          0          0        176   asinf.o
       592         90          0          0          0        184   atan2f.o
       200         20          0          0          0        164   cos.o
       368         46         48          0          0        200   cos_i.o
        84         16          0          0          0        372   dunder.o
        44          0          0          0          0        248   fabs.o
        48          0          0          0          0        124   fpclassify.o
        38          0          0          0          0        116   fpclassifyf.o
        44         12          0          0          0        464   funder.o
       248          0          0          0          0        152   poly.o
      1080        142        200          0          0        188   rred.o
       200         20          0          0          0        164   sin.o
       304         24         40          0          0        208   sin_i.o
        62          0          0          0          0        136   sqrtf.o

    ----------------------------------------------------------------------
      8358        694        288          0         96       8176   Library Totals
        26          4          0          0          0          0   (incl. Padding)

    ----------------------------------------------------------------------

      Code (inc. data)   RO Data    RW Data    ZI Data      Debug   Library Name

      1618         82          0          0         96       2296   c_w.l
      3102        196          0          0          0       2984   fz_wm.l
      3612        412        288          0          0       2896   m_wm.l

    ----------------------------------------------------------------------
      8358        694        288          0         96       8176   Library Totals

    ----------------------------------------------------------------------

==============================================================================


      Code (inc. data)   RO Data    RW Data    ZI Data      Debug   

     46492       2658       1492        812      24164    1758016   Grand Totals
     46492       2658       1492        128      24164    1758016   ELF Image Totals (compressed)
     46492       2658       1492        128          0          0   ROM Totals

==============================================================================

    Total RO  Size (Code + RO Data)                47984 (  46.86kB)
    Total RW  Size (RW Data + ZI Data)             24976 (  24.39kB)
    Total ROM Size (Code + RO Data + RW Data)      48112 (  46.98kB)

==============================================================================

